Archive member included because of file (symbol)

C:/NXP/S32DS_ARM_v2.0/Cross_Tools/gcc-arm-none-eabi-4_9/arm-none-eabi/newlib/lib/armv7e-m/fpu\libc_nano.a(lib_a-exit.o)
                              C:/NXP/S32DS_ARM_v2.0/Cross_Tools/gcc-arm-none-eabi-4_9/arm-none-eabi/newlib/lib/armv7e-m/fpu/crt0.o (exit)
C:/NXP/S32DS_ARM_v2.0/Cross_Tools/gcc-arm-none-eabi-4_9/arm-none-eabi/newlib/lib/armv7e-m/fpu\libc_nano.a(lib_a-impure.o)
                              C:/NXP/S32DS_ARM_v2.0/Cross_Tools/gcc-arm-none-eabi-4_9/arm-none-eabi/newlib/lib/armv7e-m/fpu\libc_nano.a(lib_a-exit.o) (_global_impure_ptr)
C:/NXP/S32DS_ARM_v2.0/Cross_Tools/gcc-arm-none-eabi-4_9/arm-none-eabi/newlib/lib/armv7e-m/fpu\libc_nano.a(lib_a-init.o)
                              C:/NXP/S32DS_ARM_v2.0/Cross_Tools/gcc-arm-none-eabi-4_9/arm-none-eabi/newlib/lib/armv7e-m/fpu/crt0.o (__libc_init_array)
C:/NXP/S32DS_ARM_v2.0/Cross_Tools/gcc-arm-none-eabi-4_9/arm-none-eabi/newlib/lib/armv7e-m/fpu\libc_nano.a(lib_a-memset.o)
                              C:/NXP/S32DS_ARM_v2.0/Cross_Tools/gcc-arm-none-eabi-4_9/arm-none-eabi/newlib/lib/armv7e-m/fpu/crt0.o (memset)
c:/nxp/s32ds_arm_v2.0/cross_tools/gcc-arm-none-eabi-4_9/bin/../lib/gcc/arm-none-eabi/4.9.3/armv7e-m/fpu\libgcc.a(_aeabi_uldivmod.o)
                              ./Sources/main.o (__aeabi_uldivmod)
c:/nxp/s32ds_arm_v2.0/cross_tools/gcc-arm-none-eabi-4_9/bin/../lib/gcc/arm-none-eabi/4.9.3/armv7e-m/fpu\libgcc.a(bpabi.o)
                              c:/nxp/s32ds_arm_v2.0/cross_tools/gcc-arm-none-eabi-4_9/bin/../lib/gcc/arm-none-eabi/4.9.3/armv7e-m/fpu\libgcc.a(_aeabi_uldivmod.o) (__gnu_uldivmod_helper)
c:/nxp/s32ds_arm_v2.0/cross_tools/gcc-arm-none-eabi-4_9/bin/../lib/gcc/arm-none-eabi/4.9.3/armv7e-m/fpu\libgcc.a(_dvmd_tls.o)
                              c:/nxp/s32ds_arm_v2.0/cross_tools/gcc-arm-none-eabi-4_9/bin/../lib/gcc/arm-none-eabi/4.9.3/armv7e-m/fpu\libgcc.a(_aeabi_uldivmod.o) (__aeabi_ldiv0)
c:/nxp/s32ds_arm_v2.0/cross_tools/gcc-arm-none-eabi-4_9/bin/../lib/gcc/arm-none-eabi/4.9.3/armv7e-m/fpu\libgcc.a(_divdi3.o)
                              c:/nxp/s32ds_arm_v2.0/cross_tools/gcc-arm-none-eabi-4_9/bin/../lib/gcc/arm-none-eabi/4.9.3/armv7e-m/fpu\libgcc.a(bpabi.o) (__divdi3)
c:/nxp/s32ds_arm_v2.0/cross_tools/gcc-arm-none-eabi-4_9/bin/../lib/gcc/arm-none-eabi/4.9.3/armv7e-m/fpu\libgcc.a(_udivdi3.o)
                              c:/nxp/s32ds_arm_v2.0/cross_tools/gcc-arm-none-eabi-4_9/bin/../lib/gcc/arm-none-eabi/4.9.3/armv7e-m/fpu\libgcc.a(bpabi.o) (__udivdi3)
C:/NXP/S32DS_ARM_v2.0/Cross_Tools/gcc-arm-none-eabi-4_9/arm-none-eabi/newlib/lib/armv7e-m/fpu\librdimon_nano.a(rdimon-_exit.o)
                              C:/NXP/S32DS_ARM_v2.0/Cross_Tools/gcc-arm-none-eabi-4_9/arm-none-eabi/newlib/lib/armv7e-m/fpu\libc_nano.a(lib_a-exit.o) (_exit)
C:/NXP/S32DS_ARM_v2.0/Cross_Tools/gcc-arm-none-eabi-4_9/arm-none-eabi/newlib/lib/armv7e-m/fpu\librdimon_nano.a(rdimon-_kill.o)
                              C:/NXP/S32DS_ARM_v2.0/Cross_Tools/gcc-arm-none-eabi-4_9/arm-none-eabi/newlib/lib/armv7e-m/fpu\librdimon_nano.a(rdimon-_exit.o) (_kill)

Allocating common symbols
Common symbol       size              file

g_xtal0ClkFreq      0x4               ./SDK/platform/drivers/src/clock/S32K1xx/clock_S32K1xx.o
buffer              0x2               ./Sources/main.o
g_RtcClkInFreq      0x4               ./SDK/platform/drivers/src/clock/S32K1xx/clock_S32K1xx.o
pressure_hdi_i2c    0x2               ./Sources/main.o
g_TClkFreq          0xc               ./SDK/platform/drivers/src/clock/S32K1xx/clock_S32K1xx.o
dmaController1_State
                    0x40              ./Generated_Code/dmaController1.o
dmaController1Chn0_State
                    0x10              ./Generated_Code/dmaController1.o

Discarded input sections

 .text          0x00000000        0x0 c:/nxp/s32ds_arm_v2.0/cross_tools/gcc-arm-none-eabi-4_9/bin/../lib/gcc/arm-none-eabi/4.9.3/armv7e-m/fpu/crti.o
 .data          0x00000000        0x0 c:/nxp/s32ds_arm_v2.0/cross_tools/gcc-arm-none-eabi-4_9/bin/../lib/gcc/arm-none-eabi/4.9.3/armv7e-m/fpu/crti.o
 .bss           0x00000000        0x0 c:/nxp/s32ds_arm_v2.0/cross_tools/gcc-arm-none-eabi-4_9/bin/../lib/gcc/arm-none-eabi/4.9.3/armv7e-m/fpu/crti.o
 .data          0x00000000        0x4 c:/nxp/s32ds_arm_v2.0/cross_tools/gcc-arm-none-eabi-4_9/bin/../lib/gcc/arm-none-eabi/4.9.3/armv7e-m/fpu/crtbegin.o
 .text          0x00000000       0x74 C:/NXP/S32DS_ARM_v2.0/Cross_Tools/gcc-arm-none-eabi-4_9/arm-none-eabi/newlib/lib/armv7e-m/fpu/crt0.o
 .data          0x00000000        0x0 C:/NXP/S32DS_ARM_v2.0/Cross_Tools/gcc-arm-none-eabi-4_9/arm-none-eabi/newlib/lib/armv7e-m/fpu/crt0.o
 .bss           0x00000000        0x0 C:/NXP/S32DS_ARM_v2.0/Cross_Tools/gcc-arm-none-eabi-4_9/arm-none-eabi/newlib/lib/armv7e-m/fpu/crt0.o
 .ARM.extab     0x00000000        0x0 C:/NXP/S32DS_ARM_v2.0/Cross_Tools/gcc-arm-none-eabi-4_9/arm-none-eabi/newlib/lib/armv7e-m/fpu/crt0.o
[...]
Memory Configuration

Name             Origin             Length             Attributes
m_interrupts     0x1fff8000         0x00000400         xr
m_text           0x1fff8400         0x00007c00         xr
m_data           0x20000000         0x00007000         rw
*default*        0x00000000         0xffffffff

Linker script and memory map

LOAD c:/nxp/s32ds_arm_v2.0/cross_tools/gcc-arm-none-eabi-4_9/bin/../lib/gcc/arm-none-eabi/4.9.3/armv7e-m/fpu/crti.o
LOAD c:/nxp/s32ds_arm_v2.0/cross_tools/gcc-arm-none-eabi-4_9/bin/../lib/gcc/arm-none-eabi/4.9.3/armv7e-m/fpu/crtbegin.o
LOAD C:/NXP/S32DS_ARM_v2.0/Cross_Tools/gcc-arm-none-eabi-4_9/arm-none-eabi/newlib/lib/armv7e-m/fpu/crt0.o
LOAD ./Sources/main.o
LOAD ./SDK/rtos/osif/osif_baremetal.o
LOAD ./SDK/platform/drivers/src/pins/pins_port_hw_access.o
LOAD ./SDK/platform/drivers/src/pins/pins_driver.o
LOAD ./SDK/platform/drivers/src/lpi2c/lpi2c_irq.o
LOAD ./SDK/platform/drivers/src/lpi2c/lpi2c_hw_access.o
LOAD ./SDK/platform/drivers/src/lpi2c/lpi2c_driver.o
LOAD ./SDK/platform/drivers/src/interrupt/interrupt_manager.o
LOAD ./SDK/platform/drivers/src/edma/edma_irq.o
LOAD ./SDK/platform/drivers/src/edma/edma_hw_access.o
LOAD ./SDK/platform/drivers/src/edma/edma_driver.o
LOAD ./SDK/platform/drivers/src/clock/clock_manager.o
LOAD ./SDK/platform/drivers/src/clock/S32K1xx/clock_S32K1xx.o
LOAD ./SDK/platform/devices/startup.o
LOAD ./SDK/platform/devices/S32K144/startup/system_S32K144.o
LOAD ./Project_Settings/Startup_Code/startup_S32K144.o
LOAD ./Generated_Code/pin_mux.o
LOAD ./Generated_Code/osif1.o
LOAD ./Generated_Code/lpi2c1.o
LOAD ./Generated_Code/dmaController1.o
LOAD ./Generated_Code/clockMan1.o
LOAD ./Generated_Code/Cpu.o
LOAD C:/NXP/S32DS_ARM_v2.0/Cross_Tools/gcc-arm-none-eabi-4_9/arm-none-eabi/newlib/lib/armv7e-m/fpu\libc_nano.a
LOAD c:/nxp/s32ds_arm_v2.0/cross_tools/gcc-arm-none-eabi-4_9/bin/../lib/gcc/arm-none-eabi/4.9.3/armv7e-m/fpu\libgcc.a
LOAD C:/NXP/S32DS_ARM_v2.0/Cross_Tools/gcc-arm-none-eabi-4_9/arm-none-eabi/newlib/lib/armv7e-m/fpu\libm.a
LOAD C:/NXP/S32DS_ARM_v2.0/Cross_Tools/gcc-arm-none-eabi-4_9/arm-none-eabi/newlib/lib/armv7e-m/fpu\librdimon_nano.a
START GROUP
LOAD c:/nxp/s32ds_arm_v2.0/cross_tools/gcc-arm-none-eabi-4_9/bin/../lib/gcc/arm-none-eabi/4.9.3/armv7e-m/fpu\libgcc.a
LOAD C:/NXP/S32DS_ARM_v2.0/Cross_Tools/gcc-arm-none-eabi-4_9/arm-none-eabi/newlib/lib/armv7e-m/fpu\libc_nano.a
END GROUP
START GROUP
LOAD c:/nxp/s32ds_arm_v2.0/cross_tools/gcc-arm-none-eabi-4_9/bin/../lib/gcc/arm-none-eabi/4.9.3/armv7e-m/fpu\libgcc.a
LOAD C:/NXP/S32DS_ARM_v2.0/Cross_Tools/gcc-arm-none-eabi-4_9/arm-none-eabi/newlib/lib/armv7e-m/fpu\libc_nano.a
LOAD C:/NXP/S32DS_ARM_v2.0/Cross_Tools/gcc-arm-none-eabi-4_9/arm-none-eabi/newlib/lib/armv7e-m/fpu\libnosys.a
END GROUP
START GROUP
LOAD c:/nxp/s32ds_arm_v2.0/cross_tools/gcc-arm-none-eabi-4_9/bin/../lib/gcc/arm-none-eabi/4.9.3/armv7e-m/fpu\libgcc.a
LOAD C:/NXP/S32DS_ARM_v2.0/Cross_Tools/gcc-arm-none-eabi-4_9/arm-none-eabi/newlib/lib/armv7e-m/fpu\libc_nano.a
LOAD C:/NXP/S32DS_ARM_v2.0/Cross_Tools/gcc-arm-none-eabi-4_9/arm-none-eabi/newlib/lib/armv7e-m/fpu\libnosys.a
END GROUP
LOAD c:/nxp/s32ds_arm_v2.0/cross_tools/gcc-arm-none-eabi-4_9/bin/../lib/gcc/arm-none-eabi/4.9.3/armv7e-m/fpu/crtend.o
LOAD c:/nxp/s32ds_arm_v2.0/cross_tools/gcc-arm-none-eabi-4_9/bin/../lib/gcc/arm-none-eabi/4.9.3/armv7e-m/fpu/crtn.o
                0x00000400                HEAP_SIZE = DEFINED (__heap_size__)?__heap_size__:0x400
                0x00000400                STACK_SIZE = DEFINED (__stack_size__)?__stack_size__:0x400

.interrupts     0x1fff8000      0x400
                0x1fff8000                __VECTOR_TABLE = .
                0x1fff8000                . = ALIGN (0x4)
 *(.isr_vector)
 .isr_vector    0x1fff8000      0x400 ./Project_Settings/Startup_Code/startup_S32K144.o
                0x1fff8000                __isr_vector
                0x1fff8400                . = ALIGN (0x4)
                0x1fff8000                __VECTOR_RAM = __VECTOR_TABLE
                0x00000000                __RAM_VECTOR_TABLE_SIZE = 0x0

.text           0x1fff8400     0x2d88
                0x1fff8400                . = ALIGN (0x4)
 *(.text)
 .text          0x1fff8400       0x5c c:/nxp/s32ds_arm_v2.0/cross_tools/gcc-arm-none-eabi-4_9/bin/../lib/gcc/arm-none-eabi/4.9.3/armv7e-m/fpu/crtbegin.o
 .text          0x1fff845c       0x44 ./Project_Settings/Startup_Code/startup_S32K144.o
                0x1fff845c                Reset_Handler
                0x1fff849c                DebugMon_Handler
                0x1fff849c                Reserved88_IRQHandler
                0x1fff849c                CAN0_ORed_IRQHandler
                0x1fff849c                HardFault_Handler
                0x1fff849c                Reserved86_IRQHandler
                0x1fff849c                Reserved103_IRQHandler
                0x1fff849c                FTM2_Ovf_Reload_IRQHandler
                0x1fff849c                Reserved50_IRQHandler
                0x1fff849c                FTFC_Fault_IRQHandler
                0x1fff849c                FTM0_Ch6_Ch7_IRQHandler
                0x1fff849c                Reserved114_IRQHandler
                0x1fff849c                PendSV_Handler
                0x1fff849c                NMI_Handler
                0x1fff849c                Reserved89_IRQHandler
                0x1fff849c                ERM_double_fault_IRQHandler
                0x1fff849c                Reserved59_IRQHandler
                0x1fff849c                LPIT0_Ch0_IRQHandler
                0x1fff849c                Reserved99_IRQHandler
                0x1fff849c                FTM3_Ch6_Ch7_IRQHandler
                0x1fff849c                CAN2_ORed_0_15_MB_IRQHandler
                0x1fff849c                LPIT0_Ch3_IRQHandler
                0x1fff849c                Reserved92_IRQHandler
                0x1fff849c                FTM0_Ch4_Ch5_IRQHandler
                0x1fff849c                CAN1_Error_IRQHandler
                0x1fff849c                FTM3_Ch0_Ch1_IRQHandler
                0x1fff849c                SWI_IRQHandler
                0x1fff849c                ADC0_IRQHandler
                0x1fff849c                FTM2_Ch4_Ch5_IRQHandler
                0x1fff849c                UsageFault_Handler
                0x1fff849c                FTM0_Ovf_Reload_IRQHandler
                0x1fff849c                DefaultISR
                0x1fff849c                Reserved58_IRQHandler
                0x1fff849c                CAN1_ORed_0_15_MB_IRQHandler
                0x1fff849c                FTM1_Ch2_Ch3_IRQHandler
                0x1fff849c                Reserved82_IRQHandler
                0x1fff849c                CAN0_ORed_16_31_MB_IRQHandler
                0x1fff849c                Reserved71_IRQHandler
                0x1fff849c                PORTD_IRQHandler
                0x1fff849c                Reserved69_IRQHandler
                0x1fff849c                PORTB_IRQHandler
                0x1fff849c                Reserved70_IRQHandler
                0x1fff849c                ADC1_IRQHandler
                0x1fff849c                FTM2_Ch2_Ch3_IRQHandler
                0x1fff849c                Reserved53_IRQHandler
                0x1fff849c                RTC_IRQHandler
                0x1fff849c                PDB0_IRQHandler
                0x1fff849c                Reserved54_IRQHandler
                0x1fff849c                FTM2_Ch6_Ch7_IRQHandler
                0x1fff849c                FTM3_Ch2_Ch3_IRQHandler
                0x1fff849c                FTM2_Ch0_Ch1_IRQHandler
                0x1fff849c                LPSPI1_IRQHandler
                0x1fff849c                LPUART1_RxTx_IRQHandler
                0x1fff849c                RTC_Seconds_IRQHandler
                0x1fff849c                CAN2_ORed_IRQHandler
                0x1fff849c                Reserved72_IRQHandler
                0x1fff849c                Reserved110_IRQHandler
                0x1fff849c                Reserved107_IRQHandler
                0x1fff849c                Read_Collision_IRQHandler
                0x1fff849c                CAN2_Error_IRQHandler
                0x1fff849c                FTFC_IRQHandler
                0x1fff849c                FTM1_Ch6_Ch7_IRQHandler
                0x1fff849c                Reserved105_IRQHandler
                0x1fff849c                LPIT0_Ch1_IRQHandler
                0x1fff849c                FTM1_Ch4_Ch5_IRQHandler
                0x1fff849c                FTM3_Ovf_Reload_IRQHandler
                0x1fff849c                LPUART2_RxTx_IRQHandler
                0x1fff849c                LPSPI0_IRQHandler
                0x1fff849c                WDOG_EWM_IRQHandler
                0x1fff849c                MemManage_Handler
                0x1fff849c                Reserved90_IRQHandler
                0x1fff849c                Reserved83_IRQHandler
                0x1fff849c                FTM0_Fault_IRQHandler
                0x1fff849c                Reserved48_IRQHandler
                0x1fff849c                SVC_Handler
                0x1fff849c                ERM_single_fault_IRQHandler
                0x1fff849c                FTM2_Fault_IRQHandler
                0x1fff849c                FTM0_Ch2_Ch3_IRQHandler
                0x1fff849c                FTM0_Ch0_Ch1_IRQHandler
                0x1fff849c                FTM3_Fault_IRQHandler
                0x1fff849c                RCM_IRQHandler
                0x1fff849c                Reserved100_IRQHandler
                0x1fff849c                Reserved91_IRQHandler
                0x1fff849c                CAN1_ORed_IRQHandler
                0x1fff849c                SCG_IRQHandler
                0x1fff849c                PDB1_IRQHandler
                0x1fff849c                Reserved81_IRQHandler
                0x1fff849c                Reserved46_IRQHandler
                0x1fff849c                Reserved45_IRQHandler
                0x1fff849c                CAN0_Error_IRQHandler
                0x1fff849c                Reserved112_IRQHandler
                0x1fff849c                FTM1_Fault_IRQHandler
                0x1fff849c                Reserved106_IRQHandler
                0x1fff849c                LVD_LVW_IRQHandler
                0x1fff849c                LPIT0_Ch2_IRQHandler
                0x1fff849c                PORTA_IRQHandler
                0x1fff849c                MCM_IRQHandler
                0x1fff849c                LPSPI2_IRQHandler
                0x1fff849c                FTM3_Ch4_Ch5_IRQHandler
                0x1fff849c                CAN0_ORed_0_15_MB_IRQHandler
                0x1fff849c                PORTE_IRQHandler
                0x1fff849c                LPUART0_RxTx_IRQHandler
                0x1fff849c                LPTMR0_IRQHandler
                0x1fff849c                BusFault_Handler
                0x1fff849c                Reserved87_IRQHandler
                0x1fff849c                FTM1_Ovf_Reload_IRQHandler
                0x1fff849c                Reserved93_IRQHandler
                0x1fff849c                CAN0_Wake_Up_IRQHandler
                0x1fff849c                CMP0_IRQHandler
                0x1fff849c                Reserved52_IRQHandler
                0x1fff849c                PORTC_IRQHandler
                0x1fff849c                FTM1_Ch0_Ch1_IRQHandler
                0x1fff849c                FLEXIO_IRQHandler
                0x1fff849c                Reserved113_IRQHandler
 .text          0x1fff84a0       0x30 c:/nxp/s32ds_arm_v2.0/cross_tools/gcc-arm-none-eabi-4_9/bin/../lib/gcc/arm-none-eabi/4.9.3/armv7e-m/fpu\libgcc.a(_aeabi_uldivmod.o)
                0x1fff84a0                __aeabi_uldivmod
 .text          0x1fff84d0       0x60 c:/nxp/s32ds_arm_v2.0/cross_tools/gcc-arm-none-eabi-4_9/bin/../lib/gcc/arm-none-eabi/4.9.3/armv7e-m/fpu\libgcc.a(bpabi.o)
                0x1fff84d0                __gnu_ldivmod_helper
                0x1fff8500                __gnu_uldivmod_helper
 .text          0x1fff8530        0x4 c:/nxp/s32ds_arm_v2.0/cross_tools/gcc-arm-none-eabi-4_9/bin/../lib/gcc/arm-none-eabi/4.9.3/armv7e-m/fpu\libgcc.a(_dvmd_tls.o)
                0x1fff8530                __aeabi_idiv0
                0x1fff8530                __aeabi_ldiv0
 .text          0x1fff8534      0x29c c:/nxp/s32ds_arm_v2.0/cross_tools/gcc-arm-none-eabi-4_9/bin/../lib/gcc/arm-none-eabi/4.9.3/armv7e-m/fpu\libgcc.a(_divdi3.o)
                0x1fff8534                __divdi3
 .text          0x1fff87d0      0x26c c:/nxp/s32ds_arm_v2.0/cross_tools/gcc-arm-none-eabi-4_9/bin/../lib/gcc/arm-none-eabi/4.9.3/armv7e-m/fpu\libgcc.a(_udivdi3.o)
                0x1fff87d0                __udivdi3
 *(.text*)
 .text.delay    0x1fff8a3c       0x14 ./Sources/main.o
                0x1fff8a3c                delay
 .text.main     0x1fff8a50       0xac ./Sources/main.o
                0x1fff8a50                main
 .text.SysTick_Handler
                0x1fff8afc       0x10 ./SDK/rtos/osif/osif_baremetal.o
                0x1fff8afc                SysTick_Handler
 .text.OSIF_SemaWait
                0x1fff8b0c       0x6c ./SDK/rtos/osif/osif_baremetal.o
                0x1fff8b0c                OSIF_SemaWait
 .text.OSIF_SemaPost
                0x1fff8b78       0x28 ./SDK/rtos/osif/osif_baremetal.o
                0x1fff8b78                OSIF_SemaPost
 .text.OSIF_SemaCreate
                0x1fff8ba0       0x14 ./SDK/rtos/osif/osif_baremetal.o
                0x1fff8ba0                OSIF_SemaCreate
 .text.PINS_Init
                0x1fff8bb4       0xa4 ./SDK/platform/drivers/src/pins/pins_port_hw_access.o
                0x1fff8bb4                PINS_Init
 .text.PINS_DRV_Init
                0x1fff8c58       0x28 ./SDK/platform/drivers/src/pins/pins_driver.o
                0x1fff8c58                PINS_DRV_Init
 .text.LPI2C0_Master_IRQHandler
                0x1fff8c80        0xc ./SDK/platform/drivers/src/lpi2c/lpi2c_irq.o
                0x1fff8c80                LPI2C0_Master_IRQHandler
 .text.LPI2C0_Slave_IRQHandler
                0x1fff8c8c        0xc ./SDK/platform/drivers/src/lpi2c/lpi2c_irq.o
                0x1fff8c8c                LPI2C0_Slave_IRQHandler
 .text.LPI2C_Init
                0x1fff8c98       0x20 ./SDK/platform/drivers/src/lpi2c/lpi2c_hw_access.o
                0x1fff8c98                LPI2C_Init
 .text.LPI2C_DRV_MasterSendAddress
                0x1fff8cb8       0xe8 ./SDK/platform/drivers/src/lpi2c/lpi2c_driver.o
 .text.LPI2C_DRV_MasterQueueData
                0x1fff8da0       0x48 ./SDK/platform/drivers/src/lpi2c/lpi2c_driver.o
 .text.LPI2C_DRV_MasterEndTransfer
                0x1fff8de8       0x5c ./SDK/platform/drivers/src/lpi2c/lpi2c_driver.o
 .text.LPI2C_DRV_SlaveEndTransfer
                0x1fff8e44       0x4c ./SDK/platform/drivers/src/lpi2c/lpi2c_driver.o
 .text.LPI2C_DRV_MasterCompleteDMATransfer
                0x1fff8e90       0x34 ./SDK/platform/drivers/src/lpi2c/lpi2c_driver.o
 .text.LPI2C_DRV_ConfigureDmaTransfer
                0x1fff8ec4       0x60 ./SDK/platform/drivers/src/lpi2c/lpi2c_driver.o
 .text.LPI2C_DRV_MasterStartDmaTransfer
                0x1fff8f24      0x110 ./SDK/platform/drivers/src/lpi2c/lpi2c_driver.o
 .text.LPI2C_DRV_MasterWaitTransferEnd
                0x1fff9034       0x38 ./SDK/platform/drivers/src/lpi2c/lpi2c_driver.o
 .text.LPI2C_DRV_SlaveStartDmaTransfer
                0x1fff906c       0x9c ./SDK/platform/drivers/src/lpi2c/lpi2c_driver.o
 .text.LPI2C_DRV_MasterSetBaudRate
                0x1fff9108      0x120 ./SDK/platform/drivers/src/lpi2c/lpi2c_driver.o
                0x1fff9108                LPI2C_DRV_MasterSetBaudRate
 .text.LPI2C_DRV_MasterInit
                0x1fff9228       0x9c ./SDK/platform/drivers/src/lpi2c/lpi2c_driver.o
                0x1fff9228                LPI2C_DRV_MasterInit
 .text.LPI2C_DRV_MasterSetSlaveAddr
                0x1fff92c4       0x14 ./SDK/platform/drivers/src/lpi2c/lpi2c_driver.o
                0x1fff92c4                LPI2C_DRV_MasterSetSlaveAddr
 .text.LPI2C_DRV_MasterReceiveData
                0x1fff92d8       0xcc ./SDK/platform/drivers/src/lpi2c/lpi2c_driver.o
                0x1fff92d8                LPI2C_DRV_MasterReceiveData
 .text.LPI2C_DRV_MasterReceiveDataBlocking
                0x1fff93a4       0x2c ./SDK/platform/drivers/src/lpi2c/lpi2c_driver.o
                0x1fff93a4                LPI2C_DRV_MasterReceiveDataBlocking
 .text.LPI2C_DRV_MasterIRQHandler
                0x1fff93d0      0x1f8 ./SDK/platform/drivers/src/lpi2c/lpi2c_driver.o
                0x1fff93d0                LPI2C_DRV_MasterIRQHandler
 .text.LPI2C_DRV_SlaveIRQHandler
                0x1fff95c8      0x244 ./SDK/platform/drivers/src/lpi2c/lpi2c_driver.o
                0x1fff95c8                LPI2C_DRV_SlaveIRQHandler
 .text.INT_SYS_EnableIRQ
                0x1fff980c       0x18 ./SDK/platform/drivers/src/interrupt/interrupt_manager.o
                0x1fff980c                INT_SYS_EnableIRQ
 .text.INT_SYS_EnableIRQGlobal
                0x1fff9824       0x1c ./SDK/platform/drivers/src/interrupt/interrupt_manager.o
                0x1fff9824                INT_SYS_EnableIRQGlobal
 .text.INT_SYS_DisableIRQGlobal
                0x1fff9840       0x10 ./SDK/platform/drivers/src/interrupt/interrupt_manager.o
                0x1fff9840                INT_SYS_DisableIRQGlobal
 .text.DMA0_IRQHandler
                0x1fff9850        0xc ./SDK/platform/drivers/src/edma/edma_irq.o
                0x1fff9850                DMA0_IRQHandler
 .text.DMA1_IRQHandler
                0x1fff985c        0xc ./SDK/platform/drivers/src/edma/edma_irq.o
                0x1fff985c                DMA1_IRQHandler
 .text.DMA2_IRQHandler
                0x1fff9868        0xc ./SDK/platform/drivers/src/edma/edma_irq.o
                0x1fff9868                DMA2_IRQHandler
 .text.DMA3_IRQHandler
                0x1fff9874        0xc ./SDK/platform/drivers/src/edma/edma_irq.o
                0x1fff9874                DMA3_IRQHandler
 .text.DMA4_IRQHandler
                0x1fff9880        0xc ./SDK/platform/drivers/src/edma/edma_irq.o
                0x1fff9880                DMA4_IRQHandler
 .text.DMA5_IRQHandler
                0x1fff988c        0xc ./SDK/platform/drivers/src/edma/edma_irq.o
                0x1fff988c                DMA5_IRQHandler
 .text.DMA6_IRQHandler
                0x1fff9898        0xc ./SDK/platform/drivers/src/edma/edma_irq.o
                0x1fff9898                DMA6_IRQHandler
 .text.DMA7_IRQHandler
                0x1fff98a4        0xc ./SDK/platform/drivers/src/edma/edma_irq.o
                0x1fff98a4                DMA7_IRQHandler
 .text.DMA8_IRQHandler
                0x1fff98b0        0xc ./SDK/platform/drivers/src/edma/edma_irq.o
                0x1fff98b0                DMA8_IRQHandler
 .text.DMA9_IRQHandler
                0x1fff98bc        0xc ./SDK/platform/drivers/src/edma/edma_irq.o
                0x1fff98bc                DMA9_IRQHandler
 .text.DMA10_IRQHandler
                0x1fff98c8        0xc ./SDK/platform/drivers/src/edma/edma_irq.o
                0x1fff98c8                DMA10_IRQHandler
 .text.DMA11_IRQHandler
                0x1fff98d4        0xc ./SDK/platform/drivers/src/edma/edma_irq.o
                0x1fff98d4                DMA11_IRQHandler
 .text.DMA12_IRQHandler
                0x1fff98e0        0xc ./SDK/platform/drivers/src/edma/edma_irq.o
                0x1fff98e0                DMA12_IRQHandler
 .text.DMA13_IRQHandler
                0x1fff98ec        0xc ./SDK/platform/drivers/src/edma/edma_irq.o
                0x1fff98ec                DMA13_IRQHandler
 .text.DMA14_IRQHandler
                0x1fff98f8        0xc ./SDK/platform/drivers/src/edma/edma_irq.o
                0x1fff98f8                DMA14_IRQHandler
 .text.DMA15_IRQHandler
                0x1fff9904        0xc ./SDK/platform/drivers/src/edma/edma_irq.o
                0x1fff9904                DMA15_IRQHandler
 .text.DMA_Error_IRQHandler
                0x1fff9910        0x8 ./SDK/platform/drivers/src/edma/edma_irq.o
                0x1fff9910                DMA_Error_IRQHandler
 .text.EDMA_SetDmaRequestCmd
                0x1fff9918        0xc ./SDK/platform/drivers/src/edma/edma_hw_access.o
                0x1fff9918                EDMA_SetDmaRequestCmd
 .text.EDMA_TCDClearReg
                0x1fff9924       0x3c ./SDK/platform/drivers/src/edma/edma_hw_access.o
                0x1fff9924                EDMA_TCDClearReg
 .text.EDMA_TCDSetAttribute
                0x1fff9960       0x28 ./SDK/platform/drivers/src/edma/edma_hw_access.o
                0x1fff9960                EDMA_TCDSetAttribute
 .text.EDMA_TCDSetNbytes
                0x1fff9988       0x5c ./SDK/platform/drivers/src/edma/edma_hw_access.o
                0x1fff9988                EDMA_TCDSetNbytes
 .text.EDMA_TCDSetMajorCount
                0x1fff99e4       0x60 ./SDK/platform/drivers/src/edma/edma_hw_access.o
                0x1fff99e4                EDMA_TCDSetMajorCount
 .text.EDMA_DRV_InstallCallback
                0x1fff9a44       0x14 ./SDK/platform/drivers/src/edma/edma_driver.o
                0x1fff9a44                EDMA_DRV_InstallCallback
 .text.EDMA_DRV_IRQHandler
                0x1fff9a58       0x28 ./SDK/platform/drivers/src/edma/edma_driver.o
                0x1fff9a58                EDMA_DRV_IRQHandler
 .text.EDMA_DRV_ErrorIRQHandler
                0x1fff9a80       0x64 ./SDK/platform/drivers/src/edma/edma_driver.o
                0x1fff9a80                EDMA_DRV_ErrorIRQHandler
 .text.EDMA_DRV_ConfigSingleBlockTransfer
                0x1fff9ae4      0x114 ./SDK/platform/drivers/src/edma/edma_driver.o
                0x1fff9ae4                EDMA_DRV_ConfigSingleBlockTransfer
 .text.EDMA_DRV_ConfigMultiBlockTransfer
                0x1fff9bf8       0x58 ./SDK/platform/drivers/src/edma/edma_driver.o
                0x1fff9bf8                EDMA_DRV_ConfigMultiBlockTransfer
 .text.EDMA_DRV_StartChannel
                0x1fff9c50       0x14 ./SDK/platform/drivers/src/edma/edma_driver.o
                0x1fff9c50                EDMA_DRV_StartChannel
 .text.EDMA_DRV_StopChannel
                0x1fff9c64       0x14 ./SDK/platform/drivers/src/edma/edma_driver.o
                0x1fff9c64                EDMA_DRV_StopChannel
 .text.EDMA_DRV_SetChannelRequest
                0x1fff9c78       0x18 ./SDK/platform/drivers/src/edma/edma_driver.o
                0x1fff9c78                EDMA_DRV_SetChannelRequest
 .text.EDMA_DRV_SetSrcLastAddrAdjustment
                0x1fff9c90        0xc ./SDK/platform/drivers/src/edma/edma_driver.o
                0x1fff9c90                EDMA_DRV_SetSrcLastAddrAdjustment
 .text.EDMA_DRV_DisableRequestsOnTransferComplete
                0x1fff9c9c       0x24 ./SDK/platform/drivers/src/edma/edma_driver.o
                0x1fff9c9c                EDMA_DRV_DisableRequestsOnTransferComplete
 .text.CLOCK_SYS_Init
                0x1fff9cc0       0x1c ./SDK/platform/drivers/src/clock/clock_manager.o
                0x1fff9cc0                CLOCK_SYS_Init
 .text.CLOCK_SYS_UpdateConfiguration
                0x1fff9cdc       0xec ./SDK/platform/drivers/src/clock/clock_manager.o
                0x1fff9cdc                CLOCK_SYS_UpdateConfiguration
 .text.CLOCK_SYS_GetCurrentRunMode
                0x1fff9dc8       0x24 ./SDK/platform/drivers/src/clock/S32K1xx/clock_S32K1xx.o
 .text.CLOCK_SYS_GetSysOscFreq
                0x1fff9dec       0x1c ./SDK/platform/drivers/src/clock/S32K1xx/clock_S32K1xx.o
 .text.CLOCK_SYS_ConfigureSOSC
                0x1fff9e08      0x124 ./SDK/platform/drivers/src/clock/S32K1xx/clock_S32K1xx.o
 .text.CLOCK_SYS_GetSircFreq
                0x1fff9f2c       0x34 ./SDK/platform/drivers/src/clock/S32K1xx/clock_S32K1xx.o
 .text.CLOCK_SYS_ConfigureSIRC
                0x1fff9f60       0xc0 ./SDK/platform/drivers/src/clock/S32K1xx/clock_S32K1xx.o
 .text.CLOCK_SYS_GetFircFreq
                0x1fffa020       0x2c ./SDK/platform/drivers/src/clock/S32K1xx/clock_S32K1xx.o
 .text.CLOCK_SYS_ConfigureFIRC
                0x1fffa04c       0xb8 ./SDK/platform/drivers/src/clock/S32K1xx/clock_S32K1xx.o
 .text.CLOCK_SYS_GetSysPllFreq
                0x1fffa104       0x44 ./SDK/platform/drivers/src/clock/S32K1xx/clock_S32K1xx.o
 .text.CLOCK_SYS_ConfigureSPLL
                0x1fffa148      0x108 ./SDK/platform/drivers/src/clock/S32K1xx/clock_S32K1xx.o
 .text.CLOCK_SYS_SetSystemClockConfig
                0x1fffa250      0x148 ./SDK/platform/drivers/src/clock/S32K1xx/clock_S32K1xx.o
 .text.CLOCK_SYS_TransitionSystemClock
                0x1fffa398       0x3c ./SDK/platform/drivers/src/clock/S32K1xx/clock_S32K1xx.o
 .text.CLOCK_SYS_GetSystemClockFreq
                0x1fffa3d4       0x7c ./SDK/platform/drivers/src/clock/S32K1xx/clock_S32K1xx.o
 .text.CLOCK_SYS_GetScgClkOutFreq
                0x1fffa450       0x4c ./SDK/platform/drivers/src/clock/S32K1xx/clock_S32K1xx.o
 .text.CLOCK_SYS_GetSysAsyncFreq
                0x1fffa49c       0xd8 ./SDK/platform/drivers/src/clock/S32K1xx/clock_S32K1xx.o
 .text.CLOCK_SYS_GetSimRtcClkFreq
                0x1fffa574       0x54 ./SDK/platform/drivers/src/clock/S32K1xx/clock_S32K1xx.o
 .text.CLOCK_SYS_GetPeripheralClock
                0x1fffa5c8       0x80 ./SDK/platform/drivers/src/clock/S32K1xx/clock_S32K1xx.o
 .text.CLOCK_SYS_GetLpoFreq
                0x1fffa648       0x48 ./SDK/platform/drivers/src/clock/S32K1xx/clock_S32K1xx.o
 .text.CLOCK_SYS_GetSimClkOutFreq
                0x1fffa690       0x74 ./SDK/platform/drivers/src/clock/S32K1xx/clock_S32K1xx.o
 .text.CLOCK_SYS_SetScgConfiguration
                0x1fffa704      0x210 ./SDK/platform/drivers/src/clock/S32K1xx/clock_S32K1xx.o
                0x1fffa704                CLOCK_SYS_SetScgConfiguration
 .text.CLOCK_SYS_SetPccConfiguration
                0x1fffa914       0x80 ./SDK/platform/drivers/src/clock/S32K1xx/clock_S32K1xx.o
                0x1fffa914                CLOCK_SYS_SetPccConfiguration
 .text.CLOCK_SYS_SetSimConfiguration
                0x1fffa994      0x144 ./SDK/platform/drivers/src/clock/S32K1xx/clock_S32K1xx.o
                0x1fffa994                CLOCK_SYS_SetSimConfiguration
 .text.CLOCK_SYS_SetPmcConfiguration
                0x1fffaad8       0x3c ./SDK/platform/drivers/src/clock/S32K1xx/clock_S32K1xx.o
                0x1fffaad8                CLOCK_SYS_SetPmcConfiguration
 .text.CLOCK_SYS_SetConfiguration
                0x1fffab14       0x28 ./SDK/platform/drivers/src/clock/S32K1xx/clock_S32K1xx.o
                0x1fffab14                CLOCK_SYS_SetConfiguration
 .text.CLOCK_SYS_GetFreq
                0x1fffab3c      0x408 ./SDK/platform/drivers/src/clock/S32K1xx/clock_S32K1xx.o
                0x1fffab3c                CLOCK_SYS_GetFreq
 .text.init_data_bss
                0x1fffaf44       0xb4 ./SDK/platform/devices/startup.o
                0x1fffaf44                init_data_bss
 .text.SystemInit
                0x1fffaff8       0x3c ./SDK/platform/devices/S32K144/startup/system_S32K144.o
                0x1fffaff8                SystemInit
 *(.rodata)
 *(.rodata*)
 .rodata.g_lpi2cDMASrc
                0x1fffb034        0x2 ./SDK/platform/drivers/src/lpi2c/lpi2c_driver.o
                0x1fffb034                g_lpi2cDMASrc
 *fill*         0x1fffb036        0x2 
 .rodata.fircFreq.6274
                0x1fffb038       0x10 ./SDK/platform/drivers/src/clock/S32K1xx/clock_S32K1xx.o
 .rodata.maxClocksFreq.6219
                0x1fffb048       0x24 ./SDK/platform/drivers/src/clock/S32K1xx/clock_S32K1xx.o
 .rodata.clockNameMappings
                0x1fffb06c       0x9e ./SDK/platform/drivers/src/clock/S32K1xx/clock_S32K1xx.o
                0x1fffb06c                clockNameMappings
 *fill*         0x1fffb10a        0x2 
 .rodata.peripheralFeaturesList
                0x1fffb10c       0x4f ./SDK/platform/drivers/src/clock/S32K1xx/clock_S32K1xx.o
                0x1fffb10c                peripheralFeaturesList
 *fill*         0x1fffb15b        0x1 
 .rodata.lpi2c1_MasterConfig0
                0x1fffb15c       0x14 ./Generated_Code/lpi2c1.o
                0x1fffb15c                lpi2c1_MasterConfig0
 *(.glue_7)
 .glue_7        0x00000000        0x0 linker stubs
 *(.glue_7t)
 .glue_7t       0x00000000        0x0 linker stubs
 *(.eh_frame)
 .eh_frame      0x1fffb170        0x0 c:/nxp/s32ds_arm_v2.0/cross_tools/gcc-arm-none-eabi-4_9/bin/../lib/gcc/arm-none-eabi/4.9.3/armv7e-m/fpu/crtbegin.o
 *(.init)
 .init          0x1fffb170        0x4 c:/nxp/s32ds_arm_v2.0/cross_tools/gcc-arm-none-eabi-4_9/bin/../lib/gcc/arm-none-eabi/4.9.3/armv7e-m/fpu/crti.o
                0x1fffb170                _init
 .init          0x1fffb174        0x8 c:/nxp/s32ds_arm_v2.0/cross_tools/gcc-arm-none-eabi-4_9/bin/../lib/gcc/arm-none-eabi/4.9.3/armv7e-m/fpu/crtn.o
 *(.fini)
 .fini          0x1fffb17c        0x4 c:/nxp/s32ds_arm_v2.0/cross_tools/gcc-arm-none-eabi-4_9/bin/../lib/gcc/arm-none-eabi/4.9.3/armv7e-m/fpu/crti.o
                0x1fffb17c                _fini
 .fini          0x1fffb180        0x8 c:/nxp/s32ds_arm_v2.0/cross_tools/gcc-arm-none-eabi-4_9/bin/../lib/gcc/arm-none-eabi/4.9.3/armv7e-m/fpu/crtn.o
                0x1fffb188                . = ALIGN (0x4)

.vfp11_veneer   0x1fffb188        0x0
 .vfp11_veneer  0x00000000        0x0 linker stubs

.v4_bx          0x1fffb188        0x0
 .v4_bx         0x00000000        0x0 linker stubs

.iplt           0x1fffb188        0x0
 .iplt          0x00000000        0x0 c:/nxp/s32ds_arm_v2.0/cross_tools/gcc-arm-none-eabi-4_9/bin/../lib/gcc/arm-none-eabi/4.9.3/armv7e-m/fpu/crtbegin.o

.code_ram       0x1fffb188        0x0
                0x1fffb188                . = ALIGN (0x4)
                0x1fffb188                __CODE_RAM = .
 *(.code_ram)
                0x1fffb188                __CODE_ROM = .
                0x1fffb188                __CODE_END = .
                0x1fffb188                . = ALIGN (0x4)

.ARM.extab
 *(.ARM.extab* .gnu.linkonce.armextab.*)

.ARM            0x1fffb188        0x8
                0x1fffb188                __exidx_start = .
 *(.ARM.exidx*)
 .ARM.exidx     0x1fffb188        0x8 c:/nxp/s32ds_arm_v2.0/cross_tools/gcc-arm-none-eabi-4_9/bin/../lib/gcc/arm-none-eabi/4.9.3/armv7e-m/fpu\libgcc.a(_divdi3.o)
 .ARM.exidx     0x1fffb190        0x0 c:/nxp/s32ds_arm_v2.0/cross_tools/gcc-arm-none-eabi-4_9/bin/../lib/gcc/arm-none-eabi/4.9.3/armv7e-m/fpu\libgcc.a(_udivdi3.o)
                                  0x8 (size before relaxing)
                0x1fffb190                __exidx_end = .

.rel.dyn        0x1fffb190        0x0
 .rel.iplt      0x00000000        0x0 c:/nxp/s32ds_arm_v2.0/cross_tools/gcc-arm-none-eabi-4_9/bin/../lib/gcc/arm-none-eabi/4.9.3/armv7e-m/fpu/crtbegin.o

.ctors          0x1fffb190        0x0
                0x1fffb190                __CTOR_LIST__ = .
 *crtbegin.o(.ctors)
 *crtbegin?.o(.ctors)
 *(EXCLUDE_FILE(*crtend.o *crtend?.o) .ctors)
 *(SORT(.ctors.*))
 *(.ctors)
                0x1fffb190                __CTOR_END__ = .

.dtors          0x1fffb190        0x0
                0x1fffb190                __DTOR_LIST__ = .
 *crtbegin.o(.dtors)
 *crtbegin?.o(.dtors)
 *(EXCLUDE_FILE(*crtend.o *crtend?.o) .dtors)
 *(SORT(.dtors.*))
 *(.dtors)
                0x1fffb190                __DTOR_END__ = .

.preinit_array  0x1fffb190        0x0
                0x1fffb190                PROVIDE (__preinit_array_start, .)
 *(.preinit_array*)
                0x1fffb190                PROVIDE (__preinit_array_end, .)

.init_array     0x1fffb190        0x4
                0x1fffb190                PROVIDE (__init_array_start, .)
 *(SORT(.init_array.*))
 *(.init_array*)
 .init_array    0x1fffb190        0x4 c:/nxp/s32ds_arm_v2.0/cross_tools/gcc-arm-none-eabi-4_9/bin/../lib/gcc/arm-none-eabi/4.9.3/armv7e-m/fpu/crtbegin.o
                0x1fffb194                PROVIDE (__init_array_end, .)

.fini_array     0x1fffb194        0x4
                0x1fffb194                PROVIDE (__fini_array_start, .)
 *(SORT(.fini_array.*))
 *(.fini_array*)
 .fini_array    0x1fffb194        0x4 c:/nxp/s32ds_arm_v2.0/cross_tools/gcc-arm-none-eabi-4_9/bin/../lib/gcc/arm-none-eabi/4.9.3/armv7e-m/fpu/crtbegin.o
                0x1fffb198                PROVIDE (__fini_array_end, .)
                0x1fffb198                __etext = .
                0x1fffb198                __DATA_ROM = .
                0x1fffb198                __DATA_END = __DATA_ROM

.customSectionBlock
 *(.customSection)

.data           0x20000000      0x8f8
                0x20000000                . = ALIGN (0x4)
                0x20000000                __DATA_RAM = .
                0x20000000                __data_start__ = .
 *(.data)
 *(.data*)
 .data.g_pin_mux_InitConfigArr
                0x20000000      0x858 ./Generated_Code/pin_mux.o
                0x20000000                g_pin_mux_InitConfigArr
 .data.clockMan1_InitConfig0
                0x20000858       0x78 ./Generated_Code/clockMan1.o
                0x20000858                clockMan1_InitConfig0
 .data.peripheralClockConfig0
                0x200008d0       0x1e ./Generated_Code/clockMan1.o
                0x200008d0                peripheralClockConfig0
 *fill*         0x200008ee        0x2 
 .data.g_clockManConfigsArr
                0x200008f0        0x4 ./Generated_Code/clockMan1.o
                0x200008f0                g_clockManConfigsArr
 *(.jcr*)
 .jcr           0x200008f4        0x0 c:/nxp/s32ds_arm_v2.0/cross_tools/gcc-arm-none-eabi-4_9/bin/../lib/gcc/arm-none-eabi/4.9.3/armv7e-m/fpu/crtbegin.o
 .jcr           0x200008f4        0x4 c:/nxp/s32ds_arm_v2.0/cross_tools/gcc-arm-none-eabi-4_9/bin/../lib/gcc/arm-none-eabi/4.9.3/armv7e-m/fpu/crtend.o
                0x200008f8                . = ALIGN (0x4)
                0x200008f8                __data_end__ = .

.igot.plt       0x200008f8        0x0
 .igot.plt      0x00000000        0x0 c:/nxp/s32ds_arm_v2.0/cross_tools/gcc-arm-none-eabi-4_9/bin/../lib/gcc/arm-none-eabi/4.9.3/armv7e-m/fpu/crtbegin.o

.bss            0x200008f8       0x5c
                0x200008f8                . = ALIGN (0x4)
                0x200008f8                __BSS_START = .
                0x200008f8                __bss_start__ = .
 *(.bss)
 .bss           0x200008f8       0x1c c:/nxp/s32ds_arm_v2.0/cross_tools/gcc-arm-none-eabi-4_9/bin/../lib/gcc/arm-none-eabi/4.9.3/armv7e-m/fpu/crtbegin.o
 *(.bss*)
 .bss.s_osif_tick_cnt
                0x20000914        0x4 ./SDK/rtos/osif/osif_baremetal.o
 .bss.g_lpi2cSlaveStatePtr
                0x20000918        0x4 ./SDK/platform/drivers/src/lpi2c/lpi2c_driver.o
                0x20000918                g_lpi2cSlaveStatePtr
 .bss.g_lpi2cMasterStatePtr
                0x2000091c        0x4 ./SDK/platform/drivers/src/lpi2c/lpi2c_driver.o
                0x2000091c                g_lpi2cMasterStatePtr
 .bss.g_interruptDisableCount
                0x20000920        0x4 ./SDK/platform/drivers/src/interrupt/interrupt_manager.o
 .bss.s_edma    0x20000924        0x4 ./SDK/platform/drivers/src/edma/edma_driver.o
 .bss.g_clockState
                0x20000928       0x10 ./SDK/platform/drivers/src/clock/clock_manager.o
 .bss.g_clockManCallbacksArr
                0x20000938        0x4 ./Generated_Code/clockMan1.o
                0x20000938                g_clockManCallbacksArr
 *(COMMON)
 COMMON         0x2000093c        0x4 ./Sources/main.o
                0x2000093c                buffer
                0x2000093e                pressure_hdi_i2c
 COMMON         0x20000940       0x14 ./SDK/platform/drivers/src/clock/S32K1xx/clock_S32K1xx.o
                0x20000940                g_xtal0ClkFreq
                0x20000944                g_RtcClkInFreq
                0x20000948                g_TClkFreq
                0x20000954                . = ALIGN (0x4)
                0x20000954                __bss_end__ = .
                0x20000954                __BSS_END = .

.heap           0x20000954      0x404
                0x20000958                . = ALIGN (0x8)
 *fill*         0x20000954        0x4 
                0x20000958                __end__ = .
                0x20000958                PROVIDE (end, .)
                0x20000958                PROVIDE (_end, .)
                0x20000958                PROVIDE (__end, .)
                0x20000958                __HeapBase = .
                0x20000d58                . = (. + HEAP_SIZE)
 *fill*         0x20000958      0x400 
                0x20000d58                __HeapLimit = .
                0x20000d58                __heap_limit = .

.stack          0x20000d58      0x400
                0x20000d58                . = ALIGN (0x8)
                0x20001158                . = (. + STACK_SIZE)
 *fill*         0x20000d58      0x400 
                0x20007000                __StackTop = (ORIGIN (m_data) + 0x7000)
                0x20006c00                __StackLimit = (__StackTop - STACK_SIZE)
                0x20007000                PROVIDE (__stack, __StackTop)

.ARM.attributes
                0x00000000       0x30
 *(.ARM.attributes)
 .ARM.attributes
                0x00000000       0x22 c:/nxp/s32ds_arm_v2.0/cross_tools/gcc-arm-none-eabi-4_9/bin/../lib/gcc/arm-none-eabi/4.9.3/armv7e-m/fpu/crti.o
 .ARM.attributes
                0x00000022       0x34 c:/nxp/s32ds_arm_v2.0/cross_tools/gcc-arm-none-eabi-4_9/bin/../lib/gcc/arm-none-eabi/4.9.3/armv7e-m/fpu/crtbegin.o
 .ARM.attributes
                0x00000056       0x39 ./Sources/main.o
 .ARM.attributes
                0x0000008f       0x39 ./SDK/rtos/osif/osif_baremetal.o
 .ARM.attributes
                0x000000c8       0x39 ./SDK/platform/drivers/src/pins/pins_port_hw_access.o
 .ARM.attributes
                0x00000101       0x39 ./SDK/platform/drivers/src/pins/pins_driver.o
 .ARM.attributes
                0x0000013a       0x39 ./SDK/platform/drivers/src/lpi2c/lpi2c_irq.o
 .ARM.attributes
                0x00000173       0x39 ./SDK/platform/drivers/src/lpi2c/lpi2c_hw_access.o
 .ARM.attributes
                0x000001ac       0x39 ./SDK/platform/drivers/src/lpi2c/lpi2c_driver.o
 .ARM.attributes
                0x000001e5       0x39 ./SDK/platform/drivers/src/interrupt/interrupt_manager.o
 .ARM.attributes
                0x0000021e       0x39 ./SDK/platform/drivers/src/edma/edma_irq.o
 .ARM.attributes
                0x00000257       0x39 ./SDK/platform/drivers/src/edma/edma_hw_access.o
 .ARM.attributes
                0x00000290       0x39 ./SDK/platform/drivers/src/edma/edma_driver.o
 .ARM.attributes
                0x000002c9       0x39 ./SDK/platform/drivers/src/clock/clock_manager.o
 .ARM.attributes
                0x00000302       0x39 ./SDK/platform/drivers/src/clock/S32K1xx/clock_S32K1xx.o
 .ARM.attributes
                0x0000033b       0x39 ./SDK/platform/devices/startup.o
 .ARM.attributes
                0x00000374       0x39 ./SDK/platform/devices/S32K144/startup/system_S32K144.o
 .ARM.attributes
                0x000003ad       0x1f ./Project_Settings/Startup_Code/startup_S32K144.o
 .ARM.attributes
                0x000003cc       0x39 ./Generated_Code/pin_mux.o
 .ARM.attributes
                0x00000405       0x39 ./Generated_Code/lpi2c1.o
 .ARM.attributes
                0x0000043e       0x39 ./Generated_Code/clockMan1.o
 .ARM.attributes
                0x00000477       0x22 c:/nxp/s32ds_arm_v2.0/cross_tools/gcc-arm-none-eabi-4_9/bin/../lib/gcc/arm-none-eabi/4.9.3/armv7e-m/fpu\libgcc.a(_aeabi_uldivmod.o)
 .ARM.attributes
                0x00000499       0x34 c:/nxp/s32ds_arm_v2.0/cross_tools/gcc-arm-none-eabi-4_9/bin/../lib/gcc/arm-none-eabi/4.9.3/armv7e-m/fpu\libgcc.a(bpabi.o)
 .ARM.attributes
                0x000004cd       0x22 c:/nxp/s32ds_arm_v2.0/cross_tools/gcc-arm-none-eabi-4_9/bin/../lib/gcc/arm-none-eabi/4.9.3/armv7e-m/fpu\libgcc.a(_dvmd_tls.o)
 .ARM.attributes
                0x000004ef       0x34 c:/nxp/s32ds_arm_v2.0/cross_tools/gcc-arm-none-eabi-4_9/bin/../lib/gcc/arm-none-eabi/4.9.3/armv7e-m/fpu\libgcc.a(_divdi3.o)
 .ARM.attributes
                0x00000523       0x34 c:/nxp/s32ds_arm_v2.0/cross_tools/gcc-arm-none-eabi-4_9/bin/../lib/gcc/arm-none-eabi/4.9.3/armv7e-m/fpu\libgcc.a(_udivdi3.o)
 .ARM.attributes
                0x00000557       0x34 c:/nxp/s32ds_arm_v2.0/cross_tools/gcc-arm-none-eabi-4_9/bin/../lib/gcc/arm-none-eabi/4.9.3/armv7e-m/fpu/crtend.o
 .ARM.attributes
                0x0000058b       0x22 c:/nxp/s32ds_arm_v2.0/cross_tools/gcc-arm-none-eabi-4_9/bin/../lib/gcc/arm-none-eabi/4.9.3/armv7e-m/fpu/crtn.o
                0x00000001                ASSERT ((__StackLimit >= __HeapLimit), region m_data overflowed with stack and heap)

/DISCARD/
 *(.FlashConfig)
OUTPUT(lpi2c_master_HDIB002.elf elf32-littlearm)

.debug_info     0x00000000    0x16637
 .debug_info    0x00000000     0x18f2 ./Sources/main.o
 .debug_info    0x000018f2      0x9b1 ./SDK/rtos/osif/osif_baremetal.o
 .debug_info    0x000022a3      0x59f ./SDK/platform/drivers/src/pins/pins_port_hw_access.o
 .debug_info    0x00002842     0x1028 ./SDK/platform/drivers/src/pins/pins_driver.o
 .debug_info    0x0000386a       0xfa ./SDK/platform/drivers/src/lpi2c/lpi2c_irq.o
 .debug_info    0x00003964      0x42c ./SDK/platform/drivers/src/lpi2c/lpi2c_hw_access.o
 .debug_info    0x00003d90     0x5465 ./SDK/platform/drivers/src/lpi2c/lpi2c_driver.o
 .debug_info    0x000091f5      0x8e3 ./SDK/platform/drivers/src/interrupt/interrupt_manager.o
 .debug_info    0x00009ad8      0x318 ./SDK/platform/drivers/src/edma/edma_irq.o
 .debug_info    0x00009df0      0x951 ./SDK/platform/drivers/src/edma/edma_hw_access.o
 .debug_info    0x0000a741     0x3653 ./SDK/platform/drivers/src/edma/edma_driver.o
 .debug_info    0x0000dd94     0x1207 ./SDK/platform/drivers/src/clock/clock_manager.o
 .debug_info    0x0000ef9b     0x54c1 ./SDK/platform/drivers/src/clock/S32K1xx/clock_S32K1xx.o
 .debug_info    0x0001445c      0x3fa ./SDK/platform/devices/startup.o
 .debug_info    0x00014856      0x516 ./SDK/platform/devices/S32K144/startup/system_S32K144.o
 .debug_info    0x00014d6c       0xf7 ./Project_Settings/Startup_Code/startup_S32K144.o
 .debug_info    0x00014e63      0x3a9 ./Generated_Code/pin_mux.o
 .debug_info    0x0001520c      0x3b2 ./Generated_Code/lpi2c1.o
 .debug_info    0x000155be     0x1079 ./Generated_Code/clockMan1.o

.debug_abbrev   0x00000000     0x214c
 .debug_abbrev  0x00000000      0x256 ./Sources/main.o
 .debug_abbrev  0x00000256      0x297 ./SDK/rtos/osif/osif_baremetal.o
 .debug_abbrev  0x000004ed       0xe9 ./SDK/platform/drivers/src/pins/pins_port_hw_access.o
 .debug_abbrev  0x000005d6      0x2af ./SDK/platform/drivers/src/pins/pins_driver.o
 .debug_abbrev  0x00000885       0x94 ./SDK/platform/drivers/src/lpi2c/lpi2c_irq.o
 .debug_abbrev  0x00000919      0x14d ./SDK/platform/drivers/src/lpi2c/lpi2c_hw_access.o
 .debug_abbrev  0x00000a66      0x44c ./SDK/platform/drivers/src/lpi2c/lpi2c_driver.o
 .debug_abbrev  0x00000eb2      0x1cf ./SDK/platform/drivers/src/interrupt/interrupt_manager.o
 .debug_abbrev  0x00001081       0xb9 ./SDK/platform/drivers/src/edma/edma_irq.o
 .debug_abbrev  0x0000113a      0x1fb ./SDK/platform/drivers/src/edma/edma_hw_access.o
 .debug_abbrev  0x00001335      0x455 ./SDK/platform/drivers/src/edma/edma_driver.o
 .debug_abbrev  0x0000178a      0x1b3 ./SDK/platform/drivers/src/clock/clock_manager.o
 .debug_abbrev  0x0000193d      0x346 ./SDK/platform/drivers/src/clock/S32K1xx/clock_S32K1xx.o
 .debug_abbrev  0x00001c83      0x10c ./SDK/platform/devices/startup.o
 .debug_abbrev  0x00001d8f      0x134 ./SDK/platform/devices/S32K144/startup/system_S32K144.o
 .debug_abbrev  0x00001ec3       0x14 ./Project_Settings/Startup_Code/startup_S32K144.o
 .debug_abbrev  0x00001ed7       0xbe ./Generated_Code/pin_mux.o
 .debug_abbrev  0x00001f95       0xad ./Generated_Code/lpi2c1.o
 .debug_abbrev  0x00002042      0x10a ./Generated_Code/clockMan1.o

.debug_loc      0x00000000     0xb5ea
 .debug_loc     0x00000000       0x56 ./Sources/main.o
 .debug_loc     0x00000056      0x285 ./SDK/rtos/osif/osif_baremetal.o
 .debug_loc     0x000002db      0x110 ./SDK/platform/drivers/src/pins/pins_port_hw_access.o
 .debug_loc     0x000003eb      0x359 ./SDK/platform/drivers/src/pins/pins_driver.o
 .debug_loc     0x00000744       0x5f ./SDK/platform/drivers/src/lpi2c/lpi2c_hw_access.o
 .debug_loc     0x000007a3     0x3954 ./SDK/platform/drivers/src/lpi2c/lpi2c_driver.o
 .debug_loc     0x000040f7      0x300 ./SDK/platform/drivers/src/interrupt/interrupt_manager.o
 .debug_loc     0x000043f7      0x6be ./SDK/platform/drivers/src/edma/edma_hw_access.o
 .debug_loc     0x00004ab5     0x1c53 ./SDK/platform/drivers/src/edma/edma_driver.o
 .debug_loc     0x00006708      0x1bb ./SDK/platform/drivers/src/clock/clock_manager.o
 .debug_loc     0x000068c3     0x4b64 ./SDK/platform/drivers/src/clock/S32K1xx/clock_S32K1xx.o
 .debug_loc     0x0000b427       0xae ./SDK/platform/devices/startup.o
 .debug_loc     0x0000b4d5      0x115 ./SDK/platform/devices/S32K144/startup/system_S32K144.o

.debug_aranges  0x00000000      0x7b0
 .debug_aranges
                0x00000000       0x28 ./Sources/main.o
 .debug_aranges
                0x00000028       0x70 ./SDK/rtos/osif/osif_baremetal.o
 .debug_aranges
                0x00000098       0x20 ./SDK/platform/drivers/src/pins/pins_port_hw_access.o
 .debug_aranges
                0x000000b8       0xb8 ./SDK/platform/drivers/src/pins/pins_driver.o
 .debug_aranges
                0x00000170       0x28 ./SDK/platform/drivers/src/lpi2c/lpi2c_irq.o
 .debug_aranges
                0x00000198       0x20 ./SDK/platform/drivers/src/lpi2c/lpi2c_hw_access.o
 .debug_aranges
                0x000001b8      0x120 ./SDK/platform/drivers/src/lpi2c/lpi2c_driver.o
 .debug_aranges
                0x000002d8       0x70 ./SDK/platform/drivers/src/interrupt/interrupt_manager.o
 .debug_aranges
                0x00000348       0xa0 ./SDK/platform/drivers/src/edma/edma_irq.o
 .debug_aranges
                0x000003e8       0x88 ./SDK/platform/drivers/src/edma/edma_hw_access.o
 .debug_aranges
                0x00000470      0x128 ./SDK/platform/drivers/src/edma/edma_driver.o
 .debug_aranges
                0x00000598       0x38 ./SDK/platform/drivers/src/clock/clock_manager.o
 .debug_aranges
                0x000005d0      0x128 ./SDK/platform/drivers/src/clock/S32K1xx/clock_S32K1xx.o
 .debug_aranges
                0x000006f8       0x20 ./SDK/platform/devices/startup.o
 .debug_aranges
                0x00000718       0x30 ./SDK/platform/devices/S32K144/startup/system_S32K144.o
 .debug_aranges
                0x00000748       0x20 ./Project_Settings/Startup_Code/startup_S32K144.o
 .debug_aranges
                0x00000768       0x18 ./Generated_Code/pin_mux.o
 .debug_aranges
                0x00000780       0x18 ./Generated_Code/lpi2c1.o
 .debug_aranges
                0x00000798       0x18 ./Generated_Code/clockMan1.o

.debug_ranges   0x00000000      0x920
 .debug_ranges  0x00000000       0x18 ./Sources/main.o
 .debug_ranges  0x00000018       0x98 ./SDK/rtos/osif/osif_baremetal.o
 .debug_ranges  0x000000b0       0x10 ./SDK/platform/drivers/src/pins/pins_port_hw_access.o
 .debug_ranges  0x000000c0       0xa8 ./SDK/platform/drivers/src/pins/pins_driver.o
 .debug_ranges  0x00000168       0x18 ./SDK/platform/drivers/src/lpi2c/lpi2c_irq.o
 .debug_ranges  0x00000180       0x10 ./SDK/platform/drivers/src/lpi2c/lpi2c_hw_access.o
 .debug_ranges  0x00000190      0x218 ./SDK/platform/drivers/src/lpi2c/lpi2c_driver.o
 .debug_ranges  0x000003a8       0x78 ./SDK/platform/drivers/src/interrupt/interrupt_manager.o
 .debug_ranges  0x00000420       0x90 ./SDK/platform/drivers/src/edma/edma_irq.o
 .debug_ranges  0x000004b0       0x90 ./SDK/platform/drivers/src/edma/edma_hw_access.o
 .debug_ranges  0x00000540      0x118 ./SDK/platform/drivers/src/edma/edma_driver.o
 .debug_ranges  0x00000658       0x28 ./SDK/platform/drivers/src/clock/clock_manager.o
 .debug_ranges  0x00000680      0x270 ./SDK/platform/drivers/src/clock/S32K1xx/clock_S32K1xx.o
 .debug_ranges  0x000008f0       0x10 ./SDK/platform/devices/startup.o
 .debug_ranges  0x00000900       0x20 ./SDK/platform/devices/S32K144/startup/system_S32K144.o

.debug_macro    0x00000000    0x287c7
 .debug_macro   0x00000000      0xacc ./Sources/main.o
 .debug_macro   0x00000acc       0x10 ./Sources/main.o
 .debug_macro   0x00000adc       0x73 ./Sources/main.o
 .debug_macro   0x00000b4f       0x19 ./Sources/main.o
 .debug_macro   0x00000b68       0x22 ./Sources/main.o
 .debug_macro   0x00000b8a       0x44 ./Sources/main.o
 .debug_macro   0x00000bce       0xe3 ./Sources/main.o
 .debug_macro   0x00000cb1       0x22 ./Sources/main.o
 .debug_macro   0x00000cd3      0x1df ./Sources/main.o
 .debug_macro   0x00000eb2     0xdf8d ./Sources/main.o
 .debug_macro   0x0000ee3f      0x978 ./Sources/main.o
 .debug_macro   0x0000f7b7       0x22 ./Sources/main.o
 .debug_macro   0x0000f7d9       0x10 ./Sources/main.o
 .debug_macro   0x0000f7e9      0x166 ./Sources/main.o
 .debug_macro   0x0000f94f       0x16 ./Sources/main.o
 .debug_macro   0x0000f965       0x10 ./Sources/main.o
 .debug_macro   0x0000f975       0x22 ./Sources/main.o
 .debug_macro   0x0000f997       0x16 ./Sources/main.o
 .debug_macro   0x0000f9ad       0x16 ./Sources/main.o
 .debug_macro   0x0000f9c3      0xa34 ./SDK/rtos/osif/osif_baremetal.o
 .debug_macro   0x000103f7     0xdfa2 ./SDK/rtos/osif/osif_baremetal.o
 .debug_macro   0x0001e399      0xa17 ./SDK/platform/drivers/src/pins/pins_port_hw_access.o
 .debug_macro   0x0001edb0      0xa21 ./SDK/platform/drivers/src/pins/pins_driver.o
 .debug_macro   0x0001f7d1      0xa2f ./SDK/platform/drivers/src/lpi2c/lpi2c_irq.o
 .debug_macro   0x00020200      0xa37 ./SDK/platform/drivers/src/lpi2c/lpi2c_hw_access.o
 .debug_macro   0x00020c37       0x10 ./SDK/platform/drivers/src/lpi2c/lpi2c_hw_access.o
 .debug_macro   0x00020c47       0x82 ./SDK/platform/drivers/src/lpi2c/lpi2c_hw_access.o
 .debug_macro   0x00020cc9      0xa72 ./SDK/platform/drivers/src/lpi2c/lpi2c_driver.o
 .debug_macro   0x0002173b       0x88 ./SDK/platform/drivers/src/lpi2c/lpi2c_driver.o
 .debug_macro   0x000217c3      0x9fa ./SDK/platform/drivers/src/interrupt/interrupt_manager.o
 .debug_macro   0x000221bd      0xa13 ./SDK/platform/drivers/src/edma/edma_irq.o
 .debug_macro   0x00022bd0      0xa0f ./SDK/platform/drivers/src/edma/edma_hw_access.o
 .debug_macro   0x000235df      0xa30 ./SDK/platform/drivers/src/edma/edma_driver.o
 .debug_macro   0x0002400f      0xa20 ./SDK/platform/drivers/src/clock/clock_manager.o
 .debug_macro   0x00024a2f      0xa98 ./SDK/platform/drivers/src/clock/S32K1xx/clock_S32K1xx.o
 .debug_macro   0x000254c7      0x9fa ./SDK/platform/devices/startup.o
 .debug_macro   0x00025ec1      0x9f9 ./SDK/platform/devices/S32K144/startup/system_S32K144.o
 .debug_macro   0x000268ba      0xa20 ./Generated_Code/pin_mux.o
 .debug_macro   0x000272da      0xa88 ./Generated_Code/lpi2c1.o
 .debug_macro   0x00027d62      0xa65 ./Generated_Code/clockMan1.o

.debug_line     0x00000000     0x7285
 .debug_line    0x00000000      0x5fa ./Sources/main.o
 .debug_line    0x000005fa      0x598 ./SDK/rtos/osif/osif_baremetal.o
 .debug_line    0x00000b92      0x435 ./SDK/platform/drivers/src/pins/pins_port_hw_access.o
 .debug_line    0x00000fc7      0x60d ./SDK/platform/drivers/src/pins/pins_driver.o
 .debug_line    0x000015d4      0x461 ./SDK/platform/drivers/src/lpi2c/lpi2c_irq.o
 .debug_line    0x00001a35      0x47f ./SDK/platform/drivers/src/lpi2c/lpi2c_hw_access.o
 .debug_line    0x00001eb4      0xe61 ./SDK/platform/drivers/src/lpi2c/lpi2c_driver.o
 .debug_line    0x00002d15      0x4e1 ./SDK/platform/drivers/src/interrupt/interrupt_manager.o
 .debug_line    0x000031f6      0x526 ./SDK/platform/drivers/src/edma/edma_irq.o
 .debug_line    0x0000371c      0x565 ./SDK/platform/drivers/src/edma/edma_hw_access.o
 .debug_line    0x00003c81      0x9d9 ./SDK/platform/drivers/src/edma/edma_driver.o
 .debug_line    0x0000465a      0x51c ./SDK/platform/drivers/src/clock/clock_manager.o
 .debug_line    0x00004b76     0x1104 ./SDK/platform/drivers/src/clock/S32K1xx/clock_S32K1xx.o
 .debug_line    0x00005c7a      0x360 ./SDK/platform/devices/startup.o
 .debug_line    0x00005fda      0x3e3 ./SDK/platform/devices/S32K144/startup/system_S32K144.o
 .debug_line    0x000063bd       0xbc ./Project_Settings/Startup_Code/startup_S32K144.o
 .debug_line    0x00006479      0x3b2 ./Generated_Code/pin_mux.o
 .debug_line    0x0000682b      0x541 ./Generated_Code/lpi2c1.o
 .debug_line    0x00006d6c      0x519 ./Generated_Code/clockMan1.o

.debug_str      0x00000000    0x6997d
 .debug_str     0x00000000    0x637dc ./Sources/main.o
                              0x63c53 (size before relaxing)
 .debug_str     0x000637dc      0x266 ./SDK/rtos/osif/osif_baremetal.o
                              0x62390 (size before relaxing)
 .debug_str     0x00063a42       0x9a ./SDK/platform/drivers/src/pins/pins_port_hw_access.o
                              0x620d3 (size before relaxing)
 .debug_str     0x00063adc      0x443 ./SDK/platform/drivers/src/pins/pins_driver.o
                              0x624b4 (size before relaxing)
 .debug_str     0x00063f1f       0xc2 ./SDK/platform/drivers/src/lpi2c/lpi2c_irq.o
                              0x6186d (size before relaxing)
 .debug_str     0x00063fe1      0x4e0 ./SDK/platform/drivers/src/lpi2c/lpi2c_hw_access.o
                              0x61cc3 (size before relaxing)
 .debug_str     0x000644c1     0x202b ./SDK/platform/drivers/src/lpi2c/lpi2c_driver.o
                              0x64b20 (size before relaxing)
 .debug_str     0x000664ec      0x20d ./SDK/platform/drivers/src/interrupt/interrupt_manager.o
                              0x61c86 (size before relaxing)
 .debug_str     0x000666f9      0x1b4 ./SDK/platform/drivers/src/edma/edma_irq.o
                              0x61908 (size before relaxing)
 .debug_str     0x000668ad      0x4da ./SDK/platform/drivers/src/edma/edma_hw_access.o
                              0x61d70 (size before relaxing)
 .debug_str     0x00066d87      0xd39 ./SDK/platform/drivers/src/edma/edma_driver.o
                              0x640b6 (size before relaxing)
 .debug_str     0x00067ac0      0x1b6 ./SDK/platform/drivers/src/clock/clock_manager.o
                              0x6334a (size before relaxing)
 .debug_str     0x00067c76     0x1a68 ./SDK/platform/drivers/src/clock/S32K1xx/clock_S32K1xx.o
                              0x64b6e (size before relaxing)
 .debug_str     0x000696de      0x138 ./SDK/platform/devices/startup.o
                              0x615d5 (size before relaxing)
 .debug_str     0x00069816       0xe5 ./SDK/platform/devices/S32K144/startup/system_S32K144.o
                              0x616ae (size before relaxing)
 .debug_str     0x000698fb       0x1c ./Generated_Code/pin_mux.o
                              0x61b08 (size before relaxing)
 .debug_str     0x00069917       0x1b ./Generated_Code/lpi2c1.o
                              0x61f6a (size before relaxing)
 .debug_str     0x00069932       0x4b ./Generated_Code/clockMan1.o
                              0x633da (size before relaxing)

.comment        0x00000000       0x70
 .comment       0x00000000       0x70 ./Sources/main.o
                                 0x71 (size before relaxing)
 .comment       0x00000000       0x71 ./SDK/rtos/osif/osif_baremetal.o
 .comment       0x00000000       0x71 ./SDK/platform/drivers/src/pins/pins_port_hw_access.o
 .comment       0x00000000       0x71 ./SDK/platform/drivers/src/pins/pins_driver.o
 .comment       0x00000000       0x71 ./SDK/platform/drivers/src/lpi2c/lpi2c_irq.o
 .comment       0x00000000       0x71 ./SDK/platform/drivers/src/lpi2c/lpi2c_hw_access.o
 .comment       0x00000000       0x71 ./SDK/platform/drivers/src/lpi2c/lpi2c_driver.o
 .comment       0x00000000       0x71 ./SDK/platform/drivers/src/interrupt/interrupt_manager.o
 .comment       0x00000000       0x71 ./SDK/platform/drivers/src/edma/edma_irq.o
 .comment       0x00000000       0x71 ./SDK/platform/drivers/src/edma/edma_hw_access.o
 .comment       0x00000000       0x71 ./SDK/platform/drivers/src/edma/edma_driver.o
 .comment       0x00000000       0x71 ./SDK/platform/drivers/src/clock/clock_manager.o
 .comment       0x00000000       0x71 ./SDK/platform/drivers/src/clock/S32K1xx/clock_S32K1xx.o
 .comment       0x00000000       0x71 ./SDK/platform/devices/startup.o
 .comment       0x00000000       0x71 ./SDK/platform/devices/S32K144/startup/system_S32K144.o
 .comment       0x00000000       0x71 ./Generated_Code/pin_mux.o
 .comment       0x00000000       0x71 ./Generated_Code/lpi2c1.o
 .comment       0x00000000       0x71 ./Generated_Code/clockMan1.o

.debug_frame    0x00000000     0x1338
 .debug_frame   0x00000000       0x50 ./Sources/main.o
 .debug_frame   0x00000050       0xf4 ./SDK/rtos/osif/osif_baremetal.o
 .debug_frame   0x00000144       0x30 ./SDK/platform/drivers/src/pins/pins_port_hw_access.o
 .debug_frame   0x00000174      0x178 ./SDK/platform/drivers/src/pins/pins_driver.o
 .debug_frame   0x000002ec       0x40 ./SDK/platform/drivers/src/lpi2c/lpi2c_irq.o
 .debug_frame   0x0000032c       0x20 ./SDK/platform/drivers/src/lpi2c/lpi2c_hw_access.o
 .debug_frame   0x0000034c      0x380 ./SDK/platform/drivers/src/lpi2c/lpi2c_driver.o
 .debug_frame   0x000006cc       0xe8 ./SDK/platform/drivers/src/interrupt/interrupt_manager.o
 .debug_frame   0x000007b4      0x1a8 ./SDK/platform/drivers/src/edma/edma_irq.o
 .debug_frame   0x0000095c      0x134 ./SDK/platform/drivers/src/edma/edma_hw_access.o
 .debug_frame   0x00000a90      0x34c ./SDK/platform/drivers/src/edma/edma_driver.o
 .debug_frame   0x00000ddc       0x74 ./SDK/platform/drivers/src/clock/clock_manager.o
 .debug_frame   0x00000e50      0x3a0 ./SDK/platform/drivers/src/clock/S32K1xx/clock_S32K1xx.o
 .debug_frame   0x000011f0       0x2c ./SDK/platform/devices/startup.o
 .debug_frame   0x0000121c       0x40 ./SDK/platform/devices/S32K144/startup/system_S32K144.o
 .debug_frame   0x0000125c       0x28 c:/nxp/s32ds_arm_v2.0/cross_tools/gcc-arm-none-eabi-4_9/bin/../lib/gcc/arm-none-eabi/4.9.3/armv7e-m/fpu\libgcc.a(_aeabi_uldivmod.o)
 .debug_frame   0x00001284       0x50 c:/nxp/s32ds_arm_v2.0/cross_tools/gcc-arm-none-eabi-4_9/bin/../lib/gcc/arm-none-eabi/4.9.3/armv7e-m/fpu\libgcc.a(bpabi.o)
 .debug_frame   0x000012d4       0x34 c:/nxp/s32ds_arm_v2.0/cross_tools/gcc-arm-none-eabi-4_9/bin/../lib/gcc/arm-none-eabi/4.9.3/armv7e-m/fpu\libgcc.a(_divdi3.o)
 .debug_frame   0x00001308       0x30 c:/nxp/s32ds_arm_v2.0/cross_tools/gcc-arm-none-eabi-4_9/bin/../lib/gcc/arm-none-eabi/4.9.3/armv7e-m/fpu\libgcc.a(_udivdi3.o)
