10:22:45 **** Incremental Build of configuration Debug_RAM for project ADC_PDB_FreeMaster_v6 ****
make -j8 all 
Building file: ../FreeMASTER/src_common/freemaster_appcmd.c
Building file: ../FreeMASTER/src_common/freemaster_bdm.c
Building file: ../FreeMASTER/src_common/freemaster_can.c
Executing target #1 ../FreeMASTER/src_common/freemaster_appcmd.c
Executing target #2 ../FreeMASTER/src_common/freemaster_bdm.c
Building file: ../FreeMASTER/src_common/freemaster_lin.c
Executing target #3 ../FreeMASTER/src_common/freemaster_can.c
Invoking: Standard S32DS C Compiler
Executing target #4 ../FreeMASTER/src_common/freemaster_lin.c
Invoking: Standard S32DS C Compiler
arm-none-eabi-gcc "@FreeMASTER/src_common/freemaster_appcmd.args" -MMD -MP -MF"FreeMASTER/src_common/freemaster_appcmd.d" -MT"FreeMASTER/src_common/freemaster_appcmd.o" -c -o "FreeMASTER/src_common/freemaster_appcmd.o" "../FreeMASTER/src_common/freemaster_appcmd.c"
Invoking: Standard S32DS C Compiler
arm-none-eabi-gcc "@FreeMASTER/src_common/freemaster_bdm.args" -MMD -MP -MF"FreeMASTER/src_common/freemaster_bdm.d" -MT"FreeMASTER/src_common/freemaster_bdm.o" -c -o "FreeMASTER/src_common/freemaster_bdm.o" "../FreeMASTER/src_common/freemaster_bdm.c"
Invoking: Standard S32DS C Compiler
arm-none-eabi-gcc "@FreeMASTER/src_common/freemaster_can.args" -MMD -MP -MF"FreeMASTER/src_common/freemaster_can.d" -MT"FreeMASTER/src_common/freemaster_can.o" -c -o "FreeMASTER/src_common/freemaster_can.o" "../FreeMASTER/src_common/freemaster_can.c"
arm-none-eabi-gcc "@FreeMASTER/src_common/freemaster_lin.args" -MMD -MP -MF"FreeMASTER/src_common/freemaster_lin.d" -MT"FreeMASTER/src_common/freemaster_lin.o" -c -o "FreeMASTER/src_common/freemaster_lin.o" "../FreeMASTER/src_common/freemaster_lin.c"
Building file: ../FreeMASTER/src_common/freemaster_pipes.c
Building file: ../FreeMASTER/src_common/freemaster_protocol.c
Executing target #5 ../FreeMASTER/src_common/freemaster_pipes.c
Building file: ../FreeMASTER/src_common/freemaster_rec.c
Executing target #6 ../FreeMASTER/src_common/freemaster_protocol.c
Invoking: Standard S32DS C Compiler
Executing target #7 ../FreeMASTER/src_common/freemaster_rec.c
arm-none-eabi-gcc "@FreeMASTER/src_common/freemaster_pipes.args" -MMD -MP -MF"FreeMASTER/src_common/freemaster_pipes.d" -MT"FreeMASTER/src_common/freemaster_pipes.o" -c -o "FreeMASTER/src_common/freemaster_pipes.o" "../FreeMASTER/src_common/freemaster_pipes.c"
Invoking: Standard S32DS C Compiler
arm-none-eabi-gcc "@FreeMASTER/src_common/freemaster_protocol.args" -MMD -MP -MF"FreeMASTER/src_common/freemaster_protocol.d" -MT"FreeMASTER/src_common/freemaster_protocol.o" -c -o "FreeMASTER/src_common/freemaster_protocol.o" "../FreeMASTER/src_common/freemaster_protocol.c"
Invoking: Standard S32DS C Compiler
arm-none-eabi-gcc "@FreeMASTER/src_common/freemaster_rec.args" -MMD -MP -MF"FreeMASTER/src_common/freemaster_rec.d" -MT"FreeMASTER/src_common/freemaster_rec.o" -c -o "FreeMASTER/src_common/freemaster_rec.o" "../FreeMASTER/src_common/freemaster_rec.c"
Finished building: ../FreeMASTER/src_common/freemaster_appcmd.c
Finished building: ../FreeMASTER/src_common/freemaster_bdm.c
 
Finished building: ../FreeMASTER/src_common/freemaster_can.c
 
Finished building: ../FreeMASTER/src_common/freemaster_lin.c
 
Building file: ../FreeMASTER/src_common/freemaster_scope.c
 
Building file: ../FreeMASTER/src_common/freemaster_serial.c
Executing target #8 ../FreeMASTER/src_common/freemaster_scope.c
Building file: ../FreeMASTER/src_common/freemaster_sfio.c
Executing target #9 ../FreeMASTER/src_common/freemaster_serial.c
Invoking: Standard S32DS C Compiler
../FreeMASTER/src_common/freemaster_pipes.c: In function 'FMSTR_PipeFrame':
Finished building: ../FreeMASTER/src_common/freemaster_protocol.c
../FreeMASTER/src_common/freemaster_pipes.c:1332:16: warning: 'rp' may be used uninitialized in this function [-Wmaybe-uninitialized]
arm-none-eabi-gcc "@FreeMASTER/src_common/freemaster_scope.args" -MMD -MP -MF"FreeMASTER/src_common/freemaster_scope.d" -MT"FreeMASTER/src_common/freemaster_scope.o" -c -o "FreeMASTER/src_common/freemaster_scope.o" "../FreeMASTER/src_common/freemaster_scope.c"
     pbuff->nRP = rp;
Executing target #10 ../FreeMASTER/src_common/freemaster_sfio.c
                ^
../FreeMASTER/src_common/freemaster_pipes.c:1309:28: note: 'rp' was declared here
     FMSTR_PIPE_SIZE total, rp;
                            ^
Finished building: ../FreeMASTER/src_common/freemaster_rec.c
 
Invoking: Standard S32DS C Compiler
 
Invoking: Standard S32DS C Compiler
arm-none-eabi-gcc "@FreeMASTER/src_common/freemaster_sfio.args" -MMD -MP -MF"FreeMASTER/src_common/freemaster_sfio.d" -MT"FreeMASTER/src_common/freemaster_sfio.o" -c -o "FreeMASTER/src_common/freemaster_sfio.o" "../FreeMASTER/src_common/freemaster_sfio.c"
Building file: ../FreeMASTER/src_common/freemaster_tsa.c
arm-none-eabi-gcc "@FreeMASTER/src_common/freemaster_serial.args" -MMD -MP -MF"FreeMASTER/src_common/freemaster_serial.d" -MT"FreeMASTER/src_common/freemaster_serial.o" -c -o "FreeMASTER/src_common/freemaster_serial.o" "../FreeMASTER/src_common/freemaster_serial.c"
Finished building: ../FreeMASTER/src_common/freemaster_pipes.c
Executing target #11 ../FreeMASTER/src_common/freemaster_tsa.c
 
Building file: ../FreeMASTER/src_platforms/S32xx/freemaster_S32xx.c
Invoking: Standard S32DS C Compiler
arm-none-eabi-gcc "@FreeMASTER/src_common/freemaster_tsa.args" -MMD -MP -MF"FreeMASTER/src_common/freemaster_tsa.d" -MT"FreeMASTER/src_common/freemaster_tsa.o" -c -o "FreeMASTER/src_common/freemaster_tsa.o" "../FreeMASTER/src_common/freemaster_tsa.c"
Finished building: ../FreeMASTER/src_common/freemaster_scope.c
Executing target #12 ../FreeMASTER/src_platforms/S32xx/freemaster_S32xx.c
 
Invoking: Standard S32DS C Compiler
Building file: ../Generated_Code/Cpu.c
Finished building: ../FreeMASTER/src_common/freemaster_sfio.c
Building file: ../Generated_Code/adConv1.c
Executing target #13 ../Generated_Code/Cpu.c
arm-none-eabi-gcc "@FreeMASTER/src_platforms/S32xx/freemaster_S32xx.args" -MMD -MP -MF"FreeMASTER/src_platforms/S32xx/freemaster_S32xx.d" -MT"FreeMASTER/src_platforms/S32xx/freemaster_S32xx.o" -c -o "FreeMASTER/src_platforms/S32xx/freemaster_S32xx.o" "../FreeMASTER/src_platforms/S32xx/freemaster_S32xx.c"
 
Finished building: ../FreeMASTER/src_common/freemaster_serial.c
Executing target #14 ../Generated_Code/adConv1.c
Invoking: Standard S32DS C Compiler
Building file: ../Generated_Code/clockMan1.c
 
Invoking: Standard S32DS C Compiler
Finished building: ../FreeMASTER/src_common/freemaster_tsa.c
arm-none-eabi-gcc "@Generated_Code/Cpu.args" -MMD -MP -MF"Generated_Code/Cpu.d" -MT"Generated_Code/Cpu.o" -c -o "Generated_Code/Cpu.o" "../Generated_Code/Cpu.c"
Executing target #15 ../Generated_Code/clockMan1.c
arm-none-eabi-gcc "@Generated_Code/adConv1.args" -MMD -MP -MF"Generated_Code/adConv1.d" -MT"Generated_Code/adConv1.o" -c -o "Generated_Code/adConv1.o" "../Generated_Code/adConv1.c"
 
Invoking: Standard S32DS C Compiler
Building file: ../Generated_Code/dmaController1.c
Building file: ../Generated_Code/lpTmr1.c
Building file: ../Generated_Code/lpuart1.c
arm-none-eabi-gcc "@Generated_Code/clockMan1.args" -MMD -MP -MF"Generated_Code/clockMan1.d" -MT"Generated_Code/clockMan1.o" -c -o "Generated_Code/clockMan1.o" "../Generated_Code/clockMan1.c"
Finished building: ../FreeMASTER/src_platforms/S32xx/freemaster_S32xx.c
 
Executing target #18 ../Generated_Code/lpuart1.c
Executing target #16 ../Generated_Code/dmaController1.c
Executing target #17 ../Generated_Code/lpTmr1.c
Invoking: Standard S32DS C Compiler
Invoking: Standard S32DS C Compiler
arm-none-eabi-gcc "@Generated_Code/lpuart1.args" -MMD -MP -MF"Generated_Code/lpuart1.d" -MT"Generated_Code/lpuart1.o" -c -o "Generated_Code/lpuart1.o" "../Generated_Code/lpuart1.c"
Invoking: Standard S32DS C Compiler
arm-none-eabi-gcc "@Generated_Code/dmaController1.args" -MMD -MP -MF"Generated_Code/dmaController1.d" -MT"Generated_Code/dmaController1.o" -c -o "Generated_Code/dmaController1.o" "../Generated_Code/dmaController1.c"
arm-none-eabi-gcc "@Generated_Code/lpTmr1.args" -MMD -MP -MF"Generated_Code/lpTmr1.d" -MT"Generated_Code/lpTmr1.o" -c -o "Generated_Code/lpTmr1.o" "../Generated_Code/lpTmr1.c"
Building file: ../Generated_Code/osif1.c
Executing target #19 ../Generated_Code/osif1.c
Building file: ../Generated_Code/pdly1.c
Finished building: ../Generated_Code/Cpu.c
Executing target #20 ../Generated_Code/pdly1.c
Invoking: Standard S32DS C Compiler
 
arm-none-eabi-gcc "@Generated_Code/osif1.args" -MMD -MP -MF"Generated_Code/osif1.d" -MT"Generated_Code/osif1.o" -c -o "Generated_Code/osif1.o" "../Generated_Code/osif1.c"
Finished building: ../Generated_Code/adConv1.c
Invoking: Standard S32DS C Compiler
 
arm-none-eabi-gcc "@Generated_Code/pdly1.args" -MMD -MP -MF"Generated_Code/pdly1.d" -MT"Generated_Code/pdly1.o" -c -o "Generated_Code/pdly1.o" "../Generated_Code/pdly1.c"
Finished building: ../Generated_Code/clockMan1.c
Building file: ../Generated_Code/pin_mux.c
 
Building file: ../Generated_Code/pwrMan1.c
Executing target #21 ../Generated_Code/pin_mux.c
Building file: C:/NXP/S32DS_ARM_v2.0/S32DS/S32SDK_S32K14x_EAR_0.8.4/platform/devices/S32K144/startup/gcc/startup_S32K144.S
Executing target #22 ../Generated_Code/pwrMan1.c
Finished building: ../Generated_Code/dmaController1.c
Finished building: ../Generated_Code/lpTmr1.c
Executing target #23 C:/NXP/S32DS_ARM_v2.0/S32DS/S32SDK_S32K14x_EAR_0.8.4/platform/devices/S32K144/startup/gcc/startup_S32K144.S
 
 
Invoking: Standard S32DS Assembler
Invoking: Standard S32DS C Compiler
arm-none-eabi-gcc "@Project_Settings/Startup_Code/Startup_S32K144.args" -c -o "Project_Settings/Startup_Code/startup_S32K144.o" "C:/NXP/S32DS_ARM_v2.0/S32DS/S32SDK_S32K14x_EAR_0.8.4/platform/devices/S32K144/startup/gcc/startup_S32K144.S"
Invoking: Standard S32DS C Compiler
arm-none-eabi-gcc "@Generated_Code/pin_mux.args" -MMD -MP -MF"Generated_Code/pin_mux.d" -MT"Generated_Code/pin_mux.o" -c -o "Generated_Code/pin_mux.o" "../Generated_Code/pin_mux.c"
Finished building: ../Generated_Code/lpuart1.c
arm-none-eabi-gcc "@Generated_Code/pwrMan1.args" -MMD -MP -MF"Generated_Code/pwrMan1.d" -MT"Generated_Code/pwrMan1.o" -c -o "Generated_Code/pwrMan1.o" "../Generated_Code/pwrMan1.c"
Building file: C:/NXP/S32DS_ARM_v2.0/S32DS/S32SDK_S32K14x_EAR_0.8.4/platform/devices/S32K144/startup/system_S32K144.c
 
Finished building: ../Generated_Code/osif1.c
Executing target #24 C:/NXP/S32DS_ARM_v2.0/S32DS/S32SDK_S32K14x_EAR_0.8.4/platform/devices/S32K144/startup/system_S32K144.c
Building file: C:/NXP/S32DS_ARM_v2.0/S32DS/S32SDK_S32K14x_EAR_0.8.4/platform/devices/startup.c
Building file: C:/NXP/S32DS_ARM_v2.0/S32DS/S32SDK_S32K14x_EAR_0.8.4/platform/drivers/src/adc/adc_driver.c
 
Finished building: C:/NXP/S32DS_ARM_v2.0/S32DS/S32SDK_S32K14x_EAR_0.8.4/platform/devices/S32K144/startup/gcc/startup_S32K144.S
Executing target #26 C:/NXP/S32DS_ARM_v2.0/S32DS/S32SDK_S32K14x_EAR_0.8.4/platform/drivers/src/adc/adc_driver.c
Invoking: Standard S32DS C Compiler
 
Invoking: Standard S32DS C Compiler
arm-none-eabi-gcc "@SDK/platform/devices/S32K144/startup/system_S32K144.args" -MMD -MP -MF"SDK/platform/devices/S32K144/startup/system_S32K144.d" -MT"SDK/platform/devices/S32K144/startup/system_S32K144.o" -c -o "SDK/platform/devices/S32K144/startup/system_S32K144.o" "C:/NXP/S32DS_ARM_v2.0/S32DS/S32SDK_S32K14x_EAR_0.8.4/platform/devices/S32K144/startup/system_S32K144.c"
Executing target #25 C:/NXP/S32DS_ARM_v2.0/S32DS/S32SDK_S32K14x_EAR_0.8.4/platform/devices/startup.c
Finished building: ../Generated_Code/pdly1.c
arm-none-eabi-gcc "@SDK/platform/drivers/src/adc/adc_driver.args" -MMD -MP -MF"SDK/platform/drivers/src/adc/adc_driver.d" -MT"SDK/platform/drivers/src/adc/adc_driver.o" -c -o "SDK/platform/drivers/src/adc/adc_driver.o" "C:/NXP/S32DS_ARM_v2.0/S32DS/S32SDK_S32K14x_EAR_0.8.4/platform/drivers/src/adc/adc_driver.c"
Invoking: Standard S32DS C Compiler
arm-none-eabi-gcc "@SDK/platform/devices/startup.args" -MMD -MP -MF"SDK/platform/devices/startup.d" -MT"SDK/platform/devices/startup.o" -c -o "SDK/platform/devices/startup.o" "C:/NXP/S32DS_ARM_v2.0/S32DS/S32SDK_S32K14x_EAR_0.8.4/platform/devices/startup.c"
 
Building file: C:/NXP/S32DS_ARM_v2.0/S32DS/S32SDK_S32K14x_EAR_0.8.4/platform/drivers/src/clock/S32K1xx/clock_S32K1xx.c
Building file: C:/NXP/S32DS_ARM_v2.0/S32DS/S32SDK_S32K14x_EAR_0.8.4/platform/drivers/src/clock/clock_manager.c
Building file: C:/NXP/S32DS_ARM_v2.0/S32DS/S32SDK_S32K14x_EAR_0.8.4/platform/drivers/src/edma/edma_driver.c
Executing target #27 C:/NXP/S32DS_ARM_v2.0/S32DS/S32SDK_S32K14x_EAR_0.8.4/platform/drivers/src/clock/S32K1xx/clock_S32K1xx.c
Finished building: ../Generated_Code/pin_mux.c
Executing target #29 C:/NXP/S32DS_ARM_v2.0/S32DS/S32SDK_S32K14x_EAR_0.8.4/platform/drivers/src/edma/edma_driver.c
Finished building: ../Generated_Code/pwrMan1.c
 
Invoking: Standard S32DS C Compiler
 
arm-none-eabi-gcc "@SDK/platform/drivers/src/edma/edma_driver.args" -MMD -MP -MF"SDK/platform/drivers/src/edma/edma_driver.d" -MT"SDK/platform/drivers/src/edma/edma_driver.o" -c -o "SDK/platform/drivers/src/edma/edma_driver.o" "C:/NXP/S32DS_ARM_v2.0/S32DS/S32SDK_S32K14x_EAR_0.8.4/platform/drivers/src/edma/edma_driver.c"
Invoking: Standard S32DS C Compiler
arm-none-eabi-gcc "@SDK/platform/drivers/src/clock/S32K1xx/clock_S32K1xx.args" -MMD -MP -MF"SDK/platform/drivers/src/clock/S32K1xx/clock_S32K1xx.d" -MT"SDK/platform/drivers/src/clock/S32K1xx/clock_S32K1xx.o" -c -o "SDK/platform/drivers/src/clock/S32K1xx/clock_S32K1xx.o" "C:/NXP/S32DS_ARM_v2.0/S32DS/S32SDK_S32K14x_EAR_0.8.4/platform/drivers/src/clock/S32K1xx/clock_S32K1xx.c"
Executing target #28 C:/NXP/S32DS_ARM_v2.0/S32DS/S32SDK_S32K14x_EAR_0.8.4/platform/drivers/src/clock/clock_manager.c
Finished building: C:/NXP/S32DS_ARM_v2.0/S32DS/S32SDK_S32K14x_EAR_0.8.4/platform/devices/S32K144/startup/system_S32K144.c
Invoking: Standard S32DS C Compiler
Building file: C:/NXP/S32DS_ARM_v2.0/S32DS/S32SDK_S32K14x_EAR_0.8.4/platform/drivers/src/edma/edma_hw_access.c
arm-none-eabi-gcc "@SDK/platform/drivers/src/clock/clock_manager.args" -MMD -MP -MF"SDK/platform/drivers/src/clock/clock_manager.d" -MT"SDK/platform/drivers/src/clock/clock_manager.o" -c -o "SDK/platform/drivers/src/clock/clock_manager.o" "C:/NXP/S32DS_ARM_v2.0/S32DS/S32SDK_S32K14x_EAR_0.8.4/platform/drivers/src/clock/clock_manager.c"
 
Executing target #30 C:/NXP/S32DS_ARM_v2.0/S32DS/S32SDK_S32K14x_EAR_0.8.4/platform/drivers/src/edma/edma_hw_access.c
Finished building: C:/NXP/S32DS_ARM_v2.0/S32DS/S32SDK_S32K14x_EAR_0.8.4/platform/devices/startup.c
Building file: C:/NXP/S32DS_ARM_v2.0/S32DS/S32SDK_S32K14x_EAR_0.8.4/platform/drivers/src/edma/edma_irq.c
Invoking: Standard S32DS C Compiler
 
Executing target #31 C:/NXP/S32DS_ARM_v2.0/S32DS/S32SDK_S32K14x_EAR_0.8.4/platform/drivers/src/edma/edma_irq.c
arm-none-eabi-gcc "@SDK/platform/drivers/src/edma/edma_hw_access.args" -MMD -MP -MF"SDK/platform/drivers/src/edma/edma_hw_access.d" -MT"SDK/platform/drivers/src/edma/edma_hw_access.o" -c -o "SDK/platform/drivers/src/edma/edma_hw_access.o" "C:/NXP/S32DS_ARM_v2.0/S32DS/S32SDK_S32K14x_EAR_0.8.4/platform/drivers/src/edma/edma_hw_access.c"
Finished building: C:/NXP/S32DS_ARM_v2.0/S32DS/S32SDK_S32K14x_EAR_0.8.4/platform/drivers/src/adc/adc_driver.c
Invoking: Standard S32DS C Compiler
 
arm-none-eabi-gcc "@SDK/platform/drivers/src/edma/edma_irq.args" -MMD -MP -MF"SDK/platform/drivers/src/edma/edma_irq.d" -MT"SDK/platform/drivers/src/edma/edma_irq.o" -c -o "SDK/platform/drivers/src/edma/edma_irq.o" "C:/NXP/S32DS_ARM_v2.0/S32DS/S32SDK_S32K14x_EAR_0.8.4/platform/drivers/src/edma/edma_irq.c"
Building file: C:/NXP/S32DS_ARM_v2.0/S32DS/S32SDK_S32K14x_EAR_0.8.4/platform/drivers/src/interrupt/interrupt_manager.c
Building file: C:/NXP/S32DS_ARM_v2.0/S32DS/S32SDK_S32K14x_EAR_0.8.4/platform/drivers/src/lptmr/lptmr_driver.c
Executing target #32 C:/NXP/S32DS_ARM_v2.0/S32DS/S32SDK_S32K14x_EAR_0.8.4/platform/drivers/src/interrupt/interrupt_manager.c
Building file: C:/NXP/S32DS_ARM_v2.0/S32DS/S32SDK_S32K14x_EAR_0.8.4/platform/drivers/src/lptmr/lptmr_hw_access.c
Executing target #33 C:/NXP/S32DS_ARM_v2.0/S32DS/S32SDK_S32K14x_EAR_0.8.4/platform/drivers/src/lptmr/lptmr_driver.c
Invoking: Standard S32DS C Compiler
Executing target #34 C:/NXP/S32DS_ARM_v2.0/S32DS/S32SDK_S32K14x_EAR_0.8.4/platform/drivers/src/lptmr/lptmr_hw_access.c
arm-none-eabi-gcc "@SDK/platform/drivers/src/interrupt/interrupt_manager.args" -MMD -MP -MF"SDK/platform/drivers/src/interrupt/interrupt_manager.d" -MT"SDK/platform/drivers/src/interrupt/interrupt_manager.o" -c -o "SDK/platform/drivers/src/interrupt/interrupt_manager.o" "C:/NXP/S32DS_ARM_v2.0/S32DS/S32SDK_S32K14x_EAR_0.8.4/platform/drivers/src/interrupt/interrupt_manager.c"
Invoking: Standard S32DS C Compiler
Finished building: C:/NXP/S32DS_ARM_v2.0/S32DS/S32SDK_S32K14x_EAR_0.8.4/platform/drivers/src/clock/clock_manager.c
arm-none-eabi-gcc "@SDK/platform/drivers/src/lptmr/lptmr_driver.args" -MMD -MP -MF"SDK/platform/drivers/src/lptmr/lptmr_driver.d" -MT"SDK/platform/drivers/src/lptmr/lptmr_driver.o" -c -o "SDK/platform/drivers/src/lptmr/lptmr_driver.o" "C:/NXP/S32DS_ARM_v2.0/S32DS/S32SDK_S32K14x_EAR_0.8.4/platform/drivers/src/lptmr/lptmr_driver.c"
Finished building: C:/NXP/S32DS_ARM_v2.0/S32DS/S32SDK_S32K14x_EAR_0.8.4/platform/drivers/src/edma/edma_driver.c
Invoking: Standard S32DS C Compiler
 
arm-none-eabi-gcc "@SDK/platform/drivers/src/lptmr/lptmr_hw_access.args" -MMD -MP -MF"SDK/platform/drivers/src/lptmr/lptmr_hw_access.d" -MT"SDK/platform/drivers/src/lptmr/lptmr_hw_access.o" -c -o "SDK/platform/drivers/src/lptmr/lptmr_hw_access.o" "C:/NXP/S32DS_ARM_v2.0/S32DS/S32SDK_S32K14x_EAR_0.8.4/platform/drivers/src/lptmr/lptmr_hw_access.c"
 
Building file: C:/NXP/S32DS_ARM_v2.0/S32DS/S32SDK_S32K14x_EAR_0.8.4/platform/drivers/src/lpuart/lpuart_driver.c
Building file: C:/NXP/S32DS_ARM_v2.0/S32DS/S32SDK_S32K14x_EAR_0.8.4/platform/drivers/src/lpuart/lpuart_hw_access.c
Finished building: C:/NXP/S32DS_ARM_v2.0/S32DS/S32SDK_S32K14x_EAR_0.8.4/platform/drivers/src/edma/edma_hw_access.c
Executing target #35 C:/NXP/S32DS_ARM_v2.0/S32DS/S32SDK_S32K14x_EAR_0.8.4/platform/drivers/src/lpuart/lpuart_driver.c
Executing target #36 C:/NXP/S32DS_ARM_v2.0/S32DS/S32SDK_S32K14x_EAR_0.8.4/platform/drivers/src/lpuart/lpuart_hw_access.c
Finished building: C:/NXP/S32DS_ARM_v2.0/S32DS/S32SDK_S32K14x_EAR_0.8.4/platform/drivers/src/clock/S32K1xx/clock_S32K1xx.c
Invoking: Standard S32DS C Compiler
Invoking: Standard S32DS C Compiler
 
arm-none-eabi-gcc "@SDK/platform/drivers/src/lpuart/lpuart_hw_access.args" -MMD -MP -MF"SDK/platform/drivers/src/lpuart/lpuart_hw_access.d" -MT"SDK/platform/drivers/src/lpuart/lpuart_hw_access.o" -c -o "SDK/platform/drivers/src/lpuart/lpuart_hw_access.o" "C:/NXP/S32DS_ARM_v2.0/S32DS/S32SDK_S32K14x_EAR_0.8.4/platform/drivers/src/lpuart/lpuart_hw_access.c"
 
arm-none-eabi-gcc "@SDK/platform/drivers/src/lpuart/lpuart_driver.args" -MMD -MP -MF"SDK/platform/drivers/src/lpuart/lpuart_driver.d" -MT"SDK/platform/drivers/src/lpuart/lpuart_driver.o" -c -o "SDK/platform/drivers/src/lpuart/lpuart_driver.o" "C:/NXP/S32DS_ARM_v2.0/S32DS/S32SDK_S32K14x_EAR_0.8.4/platform/drivers/src/lpuart/lpuart_driver.c"
Finished building: C:/NXP/S32DS_ARM_v2.0/S32DS/S32SDK_S32K14x_EAR_0.8.4/platform/drivers/src/edma/edma_irq.c
Building file: C:/NXP/S32DS_ARM_v2.0/S32DS/S32SDK_S32K14x_EAR_0.8.4/platform/drivers/src/lpuart/lpuart_irq.c
Building file: C:/NXP/S32DS_ARM_v2.0/S32DS/S32SDK_S32K14x_EAR_0.8.4/platform/drivers/src/pdb/pdb_driver.c
 
Finished building: C:/NXP/S32DS_ARM_v2.0/S32DS/S32SDK_S32K14x_EAR_0.8.4/platform/drivers/src/interrupt/interrupt_manager.c
Executing target #38 C:/NXP/S32DS_ARM_v2.0/S32DS/S32SDK_S32K14x_EAR_0.8.4/platform/drivers/src/pdb/pdb_driver.c
Executing target #37 C:/NXP/S32DS_ARM_v2.0/S32DS/S32SDK_S32K14x_EAR_0.8.4/platform/drivers/src/lpuart/lpuart_irq.c
Building file: C:/NXP/S32DS_ARM_v2.0/S32DS/S32SDK_S32K14x_EAR_0.8.4/platform/drivers/src/pdb/pdb_hw_access.c
 
Finished building: C:/NXP/S32DS_ARM_v2.0/S32DS/S32SDK_S32K14x_EAR_0.8.4/platform/drivers/src/lptmr/lptmr_hw_access.c
Executing target #39 C:/NXP/S32DS_ARM_v2.0/S32DS/S32SDK_S32K14x_EAR_0.8.4/platform/drivers/src/pdb/pdb_hw_access.c
Invoking: Standard S32DS C Compiler
 
Finished building: C:/NXP/S32DS_ARM_v2.0/S32DS/S32SDK_S32K14x_EAR_0.8.4/platform/drivers/src/lptmr/lptmr_driver.c
arm-none-eabi-gcc "@SDK/platform/drivers/src/lpuart/lpuart_irq.args" -MMD -MP -MF"SDK/platform/drivers/src/lpuart/lpuart_irq.d" -MT"SDK/platform/drivers/src/lpuart/lpuart_irq.o" -c -o "SDK/platform/drivers/src/lpuart/lpuart_irq.o" "C:/NXP/S32DS_ARM_v2.0/S32DS/S32SDK_S32K14x_EAR_0.8.4/platform/drivers/src/lpuart/lpuart_irq.c"
Invoking: Standard S32DS C Compiler
arm-none-eabi-gcc "@SDK/platform/drivers/src/pdb/pdb_hw_access.args" -MMD -MP -MF"SDK/platform/drivers/src/pdb/pdb_hw_access.d" -MT"SDK/platform/drivers/src/pdb/pdb_hw_access.o" -c -o "SDK/platform/drivers/src/pdb/pdb_hw_access.o" "C:/NXP/S32DS_ARM_v2.0/S32DS/S32SDK_S32K14x_EAR_0.8.4/platform/drivers/src/pdb/pdb_hw_access.c"
 
Invoking: Standard S32DS C Compiler
Building file: C:/NXP/S32DS_ARM_v2.0/S32DS/S32SDK_S32K14x_EAR_0.8.4/platform/drivers/src/pins/pins_driver.c
arm-none-eabi-gcc "@SDK/platform/drivers/src/pdb/pdb_driver.args" -MMD -MP -MF"SDK/platform/drivers/src/pdb/pdb_driver.d" -MT"SDK/platform/drivers/src/pdb/pdb_driver.o" -c -o "SDK/platform/drivers/src/pdb/pdb_driver.o" "C:/NXP/S32DS_ARM_v2.0/S32DS/S32SDK_S32K14x_EAR_0.8.4/platform/drivers/src/pdb/pdb_driver.c"
Building file: C:/NXP/S32DS_ARM_v2.0/S32DS/S32SDK_S32K14x_EAR_0.8.4/platform/drivers/src/pins/pins_port_hw_access.c
Executing target #40 C:/NXP/S32DS_ARM_v2.0/S32DS/S32SDK_S32K14x_EAR_0.8.4/platform/drivers/src/pins/pins_driver.c
Executing target #41 C:/NXP/S32DS_ARM_v2.0/S32DS/S32SDK_S32K14x_EAR_0.8.4/platform/drivers/src/pins/pins_port_hw_access.c
Finished building: C:/NXP/S32DS_ARM_v2.0/S32DS/S32SDK_S32K14x_EAR_0.8.4/platform/drivers/src/lpuart/lpuart_hw_access.c
Invoking: Standard S32DS C Compiler
arm-none-eabi-gcc "@SDK/platform/drivers/src/pins/pins_driver.args" -MMD -MP -MF"SDK/platform/drivers/src/pins/pins_driver.d" -MT"SDK/platform/drivers/src/pins/pins_driver.o" -c -o "SDK/platform/drivers/src/pins/pins_driver.o" "C:/NXP/S32DS_ARM_v2.0/S32DS/S32SDK_S32K14x_EAR_0.8.4/platform/drivers/src/pins/pins_driver.c"
Invoking: Standard S32DS C Compiler
Building file: C:/NXP/S32DS_ARM_v2.0/S32DS/S32SDK_S32K14x_EAR_0.8.4/platform/drivers/src/power/S32K1xx/power_manager_S32K1xx.c
 
Executing target #42 C:/NXP/S32DS_ARM_v2.0/S32DS/S32SDK_S32K14x_EAR_0.8.4/platform/drivers/src/power/S32K1xx/power_manager_S32K1xx.c
arm-none-eabi-gcc "@SDK/platform/drivers/src/pins/pins_port_hw_access.args" -MMD -MP -MF"SDK/platform/drivers/src/pins/pins_port_hw_access.d" -MT"SDK/platform/drivers/src/pins/pins_port_hw_access.o" -c -o "SDK/platform/drivers/src/pins/pins_port_hw_access.o" "C:/NXP/S32DS_ARM_v2.0/S32DS/S32SDK_S32K14x_EAR_0.8.4/platform/drivers/src/pins/pins_port_hw_access.c"
Finished building: C:/NXP/S32DS_ARM_v2.0/S32DS/S32SDK_S32K14x_EAR_0.8.4/platform/drivers/src/lpuart/lpuart_driver.c
Invoking: Standard S32DS C Compiler
 
arm-none-eabi-gcc "@SDK/platform/drivers/src/power/S32K1xx/power_manager_S32K1xx.args" -MMD -MP -MF"SDK/platform/drivers/src/power/S32K1xx/power_manager_S32K1xx.d" -MT"SDK/platform/drivers/src/power/S32K1xx/power_manager_S32K1xx.o" -c -o "SDK/platform/drivers/src/power/S32K1xx/power_manager_S32K1xx.o" "C:/NXP/S32DS_ARM_v2.0/S32DS/S32SDK_S32K14x_EAR_0.8.4/platform/drivers/src/power/S32K1xx/power_manager_S32K1xx.c"
Building file: C:/NXP/S32DS_ARM_v2.0/S32DS/S32SDK_S32K14x_EAR_0.8.4/platform/drivers/src/power/S32K1xx/power_pmc_hw_access.c
Finished building: C:/NXP/S32DS_ARM_v2.0/S32DS/S32SDK_S32K14x_EAR_0.8.4/platform/drivers/src/lpuart/lpuart_irq.c
Executing target #43 C:/NXP/S32DS_ARM_v2.0/S32DS/S32SDK_S32K14x_EAR_0.8.4/platform/drivers/src/power/S32K1xx/power_pmc_hw_access.c
Finished building: C:/NXP/S32DS_ARM_v2.0/S32DS/S32SDK_S32K14x_EAR_0.8.4/platform/drivers/src/pdb/pdb_hw_access.c
 
Invoking: Standard S32DS C Compiler
 
Building file: C:/NXP/S32DS_ARM_v2.0/S32DS/S32SDK_S32K14x_EAR_0.8.4/platform/drivers/src/power/S32K1xx/power_rcm_hw_access.c
arm-none-eabi-gcc "@SDK/platform/drivers/src/power/S32K1xx/power_pmc_hw_access.args" -MMD -MP -MF"SDK/platform/drivers/src/power/S32K1xx/power_pmc_hw_access.d" -MT"SDK/platform/drivers/src/power/S32K1xx/power_pmc_hw_access.o" -c -o "SDK/platform/drivers/src/power/S32K1xx/power_pmc_hw_access.o" "C:/NXP/S32DS_ARM_v2.0/S32DS/S32SDK_S32K14x_EAR_0.8.4/platform/drivers/src/power/S32K1xx/power_pmc_hw_access.c"
Finished building: C:/NXP/S32DS_ARM_v2.0/S32DS/S32SDK_S32K14x_EAR_0.8.4/platform/drivers/src/pdb/pdb_driver.c
Executing target #44 C:/NXP/S32DS_ARM_v2.0/S32DS/S32SDK_S32K14x_EAR_0.8.4/platform/drivers/src/power/S32K1xx/power_rcm_hw_access.c
 
Building file: C:/NXP/S32DS_ARM_v2.0/S32DS/S32SDK_S32K14x_EAR_0.8.4/platform/drivers/src/power/S32K1xx/power_smc_hw_access.c
Invoking: Standard S32DS C Compiler
Building file: C:/NXP/S32DS_ARM_v2.0/S32DS/S32SDK_S32K14x_EAR_0.8.4/platform/drivers/src/power/power_manager.c
Building file: C:/NXP/S32DS_ARM_v2.0/S32DS/S32SDK_S32K14x_EAR_0.8.4/rtos/osif/osif_baremetal.c
Executing target #45 C:/NXP/S32DS_ARM_v2.0/S32DS/S32SDK_S32K14x_EAR_0.8.4/platform/drivers/src/power/S32K1xx/power_smc_hw_access.c
Finished building: C:/NXP/S32DS_ARM_v2.0/S32DS/S32SDK_S32K14x_EAR_0.8.4/platform/drivers/src/pins/pins_driver.c
Finished building: C:/NXP/S32DS_ARM_v2.0/S32DS/S32SDK_S32K14x_EAR_0.8.4/platform/drivers/src/pins/pins_port_hw_access.c
Executing target #47 C:/NXP/S32DS_ARM_v2.0/S32DS/S32SDK_S32K14x_EAR_0.8.4/rtos/osif/osif_baremetal.c
Invoking: Standard S32DS C Compiler
 
 
Invoking: Standard S32DS C Compiler
arm-none-eabi-gcc "@SDK/platform/drivers/src/power/S32K1xx/power_smc_hw_access.args" -MMD -MP -MF"SDK/platform/drivers/src/power/S32K1xx/power_smc_hw_access.d" -MT"SDK/platform/drivers/src/power/S32K1xx/power_smc_hw_access.o" -c -o "SDK/platform/drivers/src/power/S32K1xx/power_smc_hw_access.o" "C:/NXP/S32DS_ARM_v2.0/S32DS/S32SDK_S32K14x_EAR_0.8.4/platform/drivers/src/power/S32K1xx/power_smc_hw_access.c"
Finished building: C:/NXP/S32DS_ARM_v2.0/S32DS/S32SDK_S32K14x_EAR_0.8.4/platform/drivers/src/power/S32K1xx/power_manager_S32K1xx.c
arm-none-eabi-gcc "@SDK/rtos/osif/osif_baremetal.args" -MMD -MP -MF"SDK/rtos/osif/osif_baremetal.d" -MT"SDK/rtos/osif/osif_baremetal.o" -c -o "SDK/rtos/osif/osif_baremetal.o" "C:/NXP/S32DS_ARM_v2.0/S32DS/S32SDK_S32K14x_EAR_0.8.4/rtos/osif/osif_baremetal.c"
arm-none-eabi-gcc "@SDK/platform/drivers/src/power/S32K1xx/power_rcm_hw_access.args" -MMD -MP -MF"SDK/platform/drivers/src/power/S32K1xx/power_rcm_hw_access.d" -MT"SDK/platform/drivers/src/power/S32K1xx/power_rcm_hw_access.o" -c -o "SDK/platform/drivers/src/power/S32K1xx/power_rcm_hw_access.o" "C:/NXP/S32DS_ARM_v2.0/S32DS/S32SDK_S32K14x_EAR_0.8.4/platform/drivers/src/power/S32K1xx/power_rcm_hw_access.c"
 
Executing target #46 C:/NXP/S32DS_ARM_v2.0/S32DS/S32SDK_S32K14x_EAR_0.8.4/platform/drivers/src/power/power_manager.c
Building file: ../Sources/helper_functions.c
Finished building: C:/NXP/S32DS_ARM_v2.0/S32DS/S32SDK_S32K14x_EAR_0.8.4/platform/drivers/src/power/S32K1xx/power_pmc_hw_access.c
Invoking: Standard S32DS C Compiler
Executing target #48 ../Sources/helper_functions.c
arm-none-eabi-gcc "@SDK/platform/drivers/src/power/power_manager.args" -MMD -MP -MF"SDK/platform/drivers/src/power/power_manager.d" -MT"SDK/platform/drivers/src/power/power_manager.o" -c -o "SDK/platform/drivers/src/power/power_manager.o" "C:/NXP/S32DS_ARM_v2.0/S32DS/S32SDK_S32K14x_EAR_0.8.4/platform/drivers/src/power/power_manager.c"
Building file: ../Sources/main.c
 
Executing target #49 ../Sources/main.c
Invoking: Standard S32DS C Compiler
arm-none-eabi-gcc "@Sources/helper_functions.args" -MMD -MP -MF"Sources/helper_functions.d" -MT"Sources/helper_functions.o" -c -o "Sources/helper_functions.o" "../Sources/helper_functions.c"
Invoking: Standard S32DS C Compiler
arm-none-eabi-gcc "@Sources/main.args" -MMD -MP -MF"Sources/main.d" -MT"Sources/main.o" -c -o "Sources/main.o" "../Sources/main.c"
Finished building: C:/NXP/S32DS_ARM_v2.0/S32DS/S32SDK_S32K14x_EAR_0.8.4/platform/drivers/src/power/S32K1xx/power_smc_hw_access.c
Finished building: C:/NXP/S32DS_ARM_v2.0/S32DS/S32SDK_S32K14x_EAR_0.8.4/rtos/osif/osif_baremetal.c
Finished building: C:/NXP/S32DS_ARM_v2.0/S32DS/S32SDK_S32K14x_EAR_0.8.4/platform/drivers/src/power/S32K1xx/power_rcm_hw_access.c
 
 
 
../Sources/main.c: In function 'main':
../Sources/main.c:272:5: warning: implicit declaration of function 'sqrt' [-Wimplicit-function-declaration]
     gfRMSCurrent = sqrt(RMSCurrentAux/gu16NrConvDone);
     ^
../Sources/main.c:272:20: warning: incompatible implicit declaration of built-in function 'sqrt'
     gfRMSCurrent = sqrt(RMSCurrentAux/gu16NrConvDone);
                    ^
Finished building: C:/NXP/S32DS_ARM_v2.0/S32DS/S32SDK_S32K14x_EAR_0.8.4/platform/drivers/src/power/power_manager.c
 
Finished building: ../Sources/helper_functions.c
 
Finished building: ../Sources/main.c
 
Building target: ADC_PDB_FreeMaster_v6.elf
Executing target #50 ADC_PDB_FreeMaster_v6.elf
Invoking: Standard S32DS C Linker
arm-none-eabi-gcc -o "ADC_PDB_FreeMaster_v6.elf" "@ADC_PDB_FreeMaster_v6.args"   
Finished building target: ADC_PDB_FreeMaster_v6.elf
 
Executing target #51 ADC_PDB_FreeMaster_v6.siz
Invoking: Standard S32DS Print Size
arm-none-eabi-size --format=berkeley  ADC_PDB_FreeMaster_v6.elf 
   text	   data	    bss	    dec	    hex	filename
  18200	   2460	   3372	  24032	   5de0	ADC_PDB_FreeMaster_v6.elf
Finished building: ADC_PDB_FreeMaster_v6.siz
 

10:22:52 Build Finished (took 6s.909ms)

