11:46:47 **** Incremental Build of configuration Debug_FLASH for project TestBench_v3 ****
make -j8 all 
Building file: ../Sources/main.c
Executing target #65 ../Sources/main.c
Invoking: Standard S32DS C Compiler
arm-none-eabi-gcc "@Sources/main.args" -MMD -MP -MF"Sources/main.d" -MT"Sources/main.o" -c -o "Sources/main.o" "../Sources/main.c"
../Sources/main.c: In function 'ADC_IRQHandler':
../Sources/main.c:218:6: warning: implicit declaration of function 'sqrt' [-Wimplicit-function-declaration]
      gfRMSCurrent = (float) sqrt(RMSCurrentAux/gu16NrConvDone);
      ^
../Sources/main.c:218:29: warning: incompatible implicit declaration of built-in function 'sqrt'
      gfRMSCurrent = (float) sqrt(RMSCurrentAux/gu16NrConvDone);
                             ^
../Sources/main.c: In function 'timing_pal_GAS_callBack':
../Sources/main.c:268:36: warning: passing argument 2 of 'LPUART_DRV_ReceiveData' from incompatible pointer type
       LPUART_DRV_ReceiveData(INST_LPUART_GASBOARD, &GAS_RX_buffer, GAS_RX_BUFFER_SIZE);
                                    ^
In file included from C:/Users/kamil/OneDrive/Documents/GitHub/Internship/TestBench_v2/TestBench_v3/Generated_Code/Cpu.h:63:0,
                 from ../Sources/main.c:11:
C:/NXP/S32DS_ARM_v2.0/S32DS/S32SDK_S32K14x_EAR_0.8.6/platform/drivers/inc/lpuart_driver.h:330:10: note: expected 'uint8_t *' but argument is of type 'uint8_t (*)[12]'
 status_t LPUART_DRV_ReceiveData(uint32_t instance,
          ^
../Sources/main.c: In function 'timing_pal_MPR_callBack':
../Sources/main.c:347:40: warning: passing argument 2 of 'LPSPI_DRV_MasterTransfer' from incompatible pointer type
         LPSPI_DRV_MasterTransfer(LPSPI_MPR, &u8RequestOpMode, &u8DataDiscard, MPR_OP_BUFFER_SIZE);
                                        ^
In file included from C:/Users/kamil/OneDrive/Documents/GitHub/Internship/TestBench_v2/TestBench_v3/Generated_Code/Cpu.h:70:0,
                 from ../Sources/main.c:11:
C:/NXP/S32DS_ARM_v2.0/S32DS/S32SDK_S32K14x_EAR_0.8.6/platform/drivers/inc/lpspi_master_driver.h:294:10: note: expected 'const uint8_t *' but argument is of type 'uint8_t (*)[3]'
 status_t LPSPI_DRV_MasterTransfer(uint32_t instance,
          ^
../Sources/main.c:347:58: warning: passing argument 3 of 'LPSPI_DRV_MasterTransfer' from incompatible pointer type
         LPSPI_DRV_MasterTransfer(LPSPI_MPR, &u8RequestOpMode, &u8DataDiscard, MPR_OP_BUFFER_SIZE);
                                                          ^
In file included from C:/Users/kamil/OneDrive/Documents/GitHub/Internship/TestBench_v2/TestBench_v3/Generated_Code/Cpu.h:70:0,
                 from ../Sources/main.c:11:
C:/NXP/S32DS_ARM_v2.0/S32DS/S32SDK_S32K14x_EAR_0.8.6/platform/drivers/inc/lpspi_master_driver.h:294:10: note: expected 'uint8_t *' but argument is of type 'uint8_t (*)[3]'
 status_t LPSPI_DRV_MasterTransfer(uint32_t instance,
          ^
../Sources/main.c: In function 'main':
../Sources/main.c:417:7: warning: unused variable 'delay' [-Wunused-variable]
   int delay = 100;
       ^
Finished building: ../Sources/main.c
 
Building target: TestBench_v3.elf
Executing target #66 TestBench_v3.elf
Invoking: Standard S32DS C Linker
arm-none-eabi-gcc -o "TestBench_v3.elf" "@TestBench_v3.args"   
Finished building target: TestBench_v3.elf
 
Executing target #67 TestBench_v3.siz
Invoking: Standard S32DS Print Size
arm-none-eabi-size --format=berkeley  TestBench_v3.elf 
   text	   data	    bss	    dec	    hex	filename
  27000	   2760	   3608	  33368	   8258	TestBench_v3.elf
Finished building: TestBench_v3.siz
 

11:46:49 Build Finished (took 1s.704ms)

