Archive member included because of file (symbol)

C:/NXP/S32DS_ARM_v2.0/Cross_Tools/gcc-arm-none-eabi-4_9/arm-none-eabi/newlib/lib/armv7e-m/fpu\libc_nano.a(lib_a-exit.o)
                              C:/NXP/S32DS_ARM_v2.0/Cross_Tools/gcc-arm-none-eabi-4_9/arm-none-eabi/newlib/lib/armv7e-m/fpu/crt0.o (exit)
C:/NXP/S32DS_ARM_v2.0/Cross_Tools/gcc-arm-none-eabi-4_9/arm-none-eabi/newlib/lib/armv7e-m/fpu\libc_nano.a(lib_a-impure.o)
                              C:/NXP/S32DS_ARM_v2.0/Cross_Tools/gcc-arm-none-eabi-4_9/arm-none-eabi/newlib/lib/armv7e-m/fpu\libc_nano.a(lib_a-exit.o) (_global_impure_ptr)
C:/NXP/S32DS_ARM_v2.0/Cross_Tools/gcc-arm-none-eabi-4_9/arm-none-eabi/newlib/lib/armv7e-m/fpu\libc_nano.a(lib_a-init.o)
                              C:/NXP/S32DS_ARM_v2.0/Cross_Tools/gcc-arm-none-eabi-4_9/arm-none-eabi/newlib/lib/armv7e-m/fpu/crt0.o (__libc_init_array)
C:/NXP/S32DS_ARM_v2.0/Cross_Tools/gcc-arm-none-eabi-4_9/arm-none-eabi/newlib/lib/armv7e-m/fpu\libc_nano.a(lib_a-memset.o)
                              C:/NXP/S32DS_ARM_v2.0/Cross_Tools/gcc-arm-none-eabi-4_9/arm-none-eabi/newlib/lib/armv7e-m/fpu/crt0.o (memset)
C:/NXP/S32DS_ARM_v2.0/Cross_Tools/gcc-arm-none-eabi-4_9/arm-none-eabi/newlib/lib/armv7e-m/fpu\libc_nano.a(lib_a-strlen.o)
                              ./Sources/main.o (strlen)
C:/NXP/S32DS_ARM_v2.0/Cross_Tools/gcc-arm-none-eabi-4_9/arm-none-eabi/newlib/lib/armv7e-m/fpu\librdimon_nano.a(rdimon-_exit.o)
                              C:/NXP/S32DS_ARM_v2.0/Cross_Tools/gcc-arm-none-eabi-4_9/arm-none-eabi/newlib/lib/armv7e-m/fpu\libc_nano.a(lib_a-exit.o) (_exit)
C:/NXP/S32DS_ARM_v2.0/Cross_Tools/gcc-arm-none-eabi-4_9/arm-none-eabi/newlib/lib/armv7e-m/fpu\librdimon_nano.a(rdimon-_kill.o)
                              C:/NXP/S32DS_ARM_v2.0/Cross_Tools/gcc-arm-none-eabi-4_9/arm-none-eabi/newlib/lib/armv7e-m/fpu\librdimon_nano.a(rdimon-_exit.o) (_kill)

Allocating common symbols
Common symbol       size              file

lpuart1_State       0x34              ./Generated_Code/lpuart1.o
g_xtal0ClkFreq      0x4               ./SDK/platform/drivers/src/clock/S32K1xx/clock_S32K1xx.o
adcConvDone         0x1               ./Sources/main.o
g_RtcClkInFreq      0x4               ./SDK/platform/drivers/src/clock/S32K1xx/clock_S32K1xx.o
adcRawValue         0x2               ./Sources/main.o
g_TClkFreq          0xc               ./SDK/platform/drivers/src/clock/S32K1xx/clock_S32K1xx.o
dmaController1_State
                    0x40              ./Generated_Code/dmaController1.o
dmaController1Chn0_State
                    0x10              ./Generated_Code/dmaController1.o

Discarded input sections

 .text          0x00000000        0x0 c:/nxp/s32ds_arm_v2.0/cross_tools/gcc-arm-none-eabi-4_9/bin/../lib/gcc/arm-none-eabi/4.9.3/armv7e-m/fpu/crti.o
 .data          0x00000000        0x0 c:/nxp/s32ds_arm_v2.0/cross_tools/gcc-arm-none-eabi-4_9/bin/../lib/gcc/arm-none-eabi/4.9.3/armv7e-m/fpu/crti.o
 .bss           0x00000000        0x0 c:/nxp/s32ds_arm_v2.0/cross_tools/gcc-arm-none-eabi-4_9/bin/../lib/gcc/arm-none-eabi/4.9.3/armv7e-m/fpu/crti.o
 .data          0x00000000        0x4 c:/nxp/s32ds_arm_v2.0/cross_tools/gcc-arm-none-eabi-4_9/bin/../lib/gcc/arm-none-eabi/4.9.3/armv7e-m/fpu/crtbegin.o
 .text          0x00000000       0x74 C:/NXP/S32DS_ARM_v2.0/Cross_Tools/gcc-arm-none-eabi-4_9/arm-none-eabi/newlib/lib/armv7e-m/fpu/crt0.o
 .data          0x00000000        0x0 C:/NXP/S32DS_ARM_v2.0/Cross_Tools/gcc-arm-none-eabi-4_9/arm-none-eabi/newlib/lib/armv7e-m/fpu/crt0.o
 .bss           0x00000000        0x0 C:/NXP/S32DS_ARM_v2.0/Cross_Tools/gcc-arm-none-eabi-4_9/arm-none-eabi/newlib/lib/armv7e-m/fpu/crt0.o
 .ARM.extab     0x00000000        0x0 C:/NXP/S32DS_ARM_v2.0/Cross_Tools/gcc-arm-none-eabi-4_9/arm-none-eabi/newlib/lib/armv7e-m/fpu/crt0.o
 .ARM.exidx     0x00000000        0x8 C:/NXP/S32DS_ARM_v2.0/Cross_Tools/gcc-arm-none-eabi-4_9/arm-none-eabi/newlib/lib/armv7e-m/fpu/crt0.o
 .ARM.attributes
                0x00000000       0x20 C:/NXP/S32DS_ARM_v2.0/Cross_Tools/gcc-arm-none-eabi-4_9/arm-none-eabi/newlib/lib/armv7e-m/fpu/crt0.o
 .group         0x00000000        0x8 ./Sources/main.o
 .group         0x00000000        0x8 ./Sources/main.o
 .group         0x00000000        0x8 ./Sources/main.o
 .group         0x00000000        0x8 ./Sources/main.o
 .group         0x00000000        0x8 ./Sources/main.o
 .group         0x00000000        0x8 ./Sources/main.o
 .group         0x00000000        0x8 ./Sources/main.o
 .group         0x00000000        0x8 ./Sources/main.o
 .group         0x00000000        0x8 ./Sources/main.o
 .group         0x00000000        0x8 ./Sources/main.o
 .group         0x00000000        0x8 ./Sources/main.o
 .group         0x00000000        0x8 ./Sources/main.o
 .group         0x00000000        0x8 ./Sources/main.o
 .group         0x00000000        0x8 ./Sources/main.o
 .group         0x00000000        0x8 ./Sources/main.o
 .group         0x00000000        0x8 ./Sources/main.o
[...]
Memory Configuration

Name             Origin             Length             Attributes
m_interrupts     0x1fff8000         0x00000400         xr
m_text           0x1fff8400         0x00007c00         xr
m_data           0x20000000         0x00007000         rw
*default*        0x00000000         0xffffffff

Linker script and memory map

LOAD c:/nxp/s32ds_arm_v2.0/cross_tools/gcc-arm-none-eabi-4_9/bin/../lib/gcc/arm-none-eabi/4.9.3/armv7e-m/fpu/crti.o
LOAD c:/nxp/s32ds_arm_v2.0/cross_tools/gcc-arm-none-eabi-4_9/bin/../lib/gcc/arm-none-eabi/4.9.3/armv7e-m/fpu/crtbegin.o
LOAD C:/NXP/S32DS_ARM_v2.0/Cross_Tools/gcc-arm-none-eabi-4_9/arm-none-eabi/newlib/lib/armv7e-m/fpu/crt0.o
LOAD ./Sources/main.o
LOAD ./Sources/helper_functions.o
LOAD ./SDK/rtos/osif/osif_baremetal.o
LOAD ./SDK/platform/drivers/src/pins/pins_port_hw_access.o
LOAD ./SDK/platform/drivers/src/pins/pins_driver.o
LOAD ./SDK/platform/drivers/src/pdb/pdb_hw_access.o
LOAD ./SDK/platform/drivers/src/pdb/pdb_driver.o
LOAD ./SDK/platform/drivers/src/lpuart/lpuart_irq.o
LOAD ./SDK/platform/drivers/src/lpuart/lpuart_hw_access.o
LOAD ./SDK/platform/drivers/src/lpuart/lpuart_driver.o
LOAD ./SDK/platform/drivers/src/interrupt/interrupt_manager.o
LOAD ./SDK/platform/drivers/src/edma/edma_irq.o
LOAD ./SDK/platform/drivers/src/edma/edma_hw_access.o
LOAD ./SDK/platform/drivers/src/edma/edma_driver.o
LOAD ./SDK/platform/drivers/src/clock/clock_manager.o
LOAD ./SDK/platform/drivers/src/clock/S32K1xx/clock_S32K1xx.o
LOAD ./SDK/platform/drivers/src/adc/adc_driver.o
LOAD ./SDK/platform/devices/startup.o
LOAD ./SDK/platform/devices/S32K144/startup/system_S32K144.o
LOAD ./Project_Settings/Startup_Code/startup_S32K144.o
LOAD ./Generated_Code/pin_mux.o
LOAD ./Generated_Code/pdly1.o
LOAD ./Generated_Code/osif1.o
LOAD ./Generated_Code/lpuart1.o
LOAD ./Generated_Code/dmaController1.o
LOAD ./Generated_Code/clockMan1.o
LOAD ./Generated_Code/adConv1.o
LOAD ./Generated_Code/Cpu.o
LOAD C:/NXP/S32DS_ARM_v2.0/Cross_Tools/gcc-arm-none-eabi-4_9/arm-none-eabi/newlib/lib/armv7e-m/fpu\libc_nano.a
LOAD c:/nxp/s32ds_arm_v2.0/cross_tools/gcc-arm-none-eabi-4_9/bin/../lib/gcc/arm-none-eabi/4.9.3/armv7e-m/fpu\libgcc.a
LOAD C:/NXP/S32DS_ARM_v2.0/Cross_Tools/gcc-arm-none-eabi-4_9/arm-none-eabi/newlib/lib/armv7e-m/fpu\libm.a
LOAD C:/NXP/S32DS_ARM_v2.0/Cross_Tools/gcc-arm-none-eabi-4_9/arm-none-eabi/newlib/lib/armv7e-m/fpu\librdimon_nano.a
START GROUP
LOAD c:/nxp/s32ds_arm_v2.0/cross_tools/gcc-arm-none-eabi-4_9/bin/../lib/gcc/arm-none-eabi/4.9.3/armv7e-m/fpu\libgcc.a
LOAD C:/NXP/S32DS_ARM_v2.0/Cross_Tools/gcc-arm-none-eabi-4_9/arm-none-eabi/newlib/lib/armv7e-m/fpu\libc_nano.a
END GROUP
START GROUP
LOAD c:/nxp/s32ds_arm_v2.0/cross_tools/gcc-arm-none-eabi-4_9/bin/../lib/gcc/arm-none-eabi/4.9.3/armv7e-m/fpu\libgcc.a
LOAD C:/NXP/S32DS_ARM_v2.0/Cross_Tools/gcc-arm-none-eabi-4_9/arm-none-eabi/newlib/lib/armv7e-m/fpu\libc_nano.a
LOAD C:/NXP/S32DS_ARM_v2.0/Cross_Tools/gcc-arm-none-eabi-4_9/arm-none-eabi/newlib/lib/armv7e-m/fpu\libnosys.a
END GROUP
START GROUP
LOAD c:/nxp/s32ds_arm_v2.0/cross_tools/gcc-arm-none-eabi-4_9/bin/../lib/gcc/arm-none-eabi/4.9.3/armv7e-m/fpu\libgcc.a
LOAD C:/NXP/S32DS_ARM_v2.0/Cross_Tools/gcc-arm-none-eabi-4_9/arm-none-eabi/newlib/lib/armv7e-m/fpu\libc_nano.a
LOAD C:/NXP/S32DS_ARM_v2.0/Cross_Tools/gcc-arm-none-eabi-4_9/arm-none-eabi/newlib/lib/armv7e-m/fpu\libnosys.a
END GROUP
LOAD c:/nxp/s32ds_arm_v2.0/cross_tools/gcc-arm-none-eabi-4_9/bin/../lib/gcc/arm-none-eabi/4.9.3/armv7e-m/fpu/crtend.o
LOAD c:/nxp/s32ds_arm_v2.0/cross_tools/gcc-arm-none-eabi-4_9/bin/../lib/gcc/arm-none-eabi/4.9.3/armv7e-m/fpu/crtn.o
                0x00000400                HEAP_SIZE = DEFINED (__heap_size__)?__heap_size__:0x400
                0x00000400                STACK_SIZE = DEFINED (__stack_size__)?__stack_size__:0x400

.interrupts     0x1fff8000      0x400
                0x1fff8000                __VECTOR_TABLE = .
                0x1fff8000                . = ALIGN (0x4)
 *(.isr_vector)
 .isr_vector    0x1fff8000      0x400 ./Project_Settings/Startup_Code/startup_S32K144.o
                0x1fff8000                __isr_vector
                0x1fff8400                . = ALIGN (0x4)
                0x1fff8000                __VECTOR_RAM = __VECTOR_TABLE
                0x00000000                __RAM_VECTOR_TABLE_SIZE = 0x0

.text           0x1fff8400     0x2c08
                0x1fff8400                . = ALIGN (0x4)
 *(.text)
 .text          0x1fff8400       0x5c c:/nxp/s32ds_arm_v2.0/cross_tools/gcc-arm-none-eabi-4_9/bin/../lib/gcc/arm-none-eabi/4.9.3/armv7e-m/fpu/crtbegin.o
 .text          0x1fff845c       0x44 ./Project_Settings/Startup_Code/startup_S32K144.o
                0x1fff845c                Reset_Handler
                0x1fff849c                DebugMon_Handler
                0x1fff849c                Reserved88_IRQHandler
                0x1fff849c                CAN0_ORed_IRQHandler
                0x1fff849c                HardFault_Handler
                0x1fff849c                Reserved86_IRQHandler
                0x1fff849c                Reserved103_IRQHandler
                0x1fff849c                FTM2_Ovf_Reload_IRQHandler
                0x1fff849c                Reserved50_IRQHandler
                0x1fff849c                FTFC_Fault_IRQHandler
                0x1fff849c                FTM0_Ch6_Ch7_IRQHandler
                0x1fff849c                Reserved114_IRQHandler
                0x1fff849c                PendSV_Handler
                0x1fff849c                NMI_Handler
                0x1fff849c                Reserved89_IRQHandler
                0x1fff849c                ERM_double_fault_IRQHandler
                0x1fff849c                Reserved59_IRQHandler
                0x1fff849c                LPIT0_Ch0_IRQHandler
                0x1fff849c                Reserved99_IRQHandler
                0x1fff849c                FTM3_Ch6_Ch7_IRQHandler
                0x1fff849c                CAN2_ORed_0_15_MB_IRQHandler
                0x1fff849c                LPIT0_Ch3_IRQHandler
                0x1fff849c                Reserved92_IRQHandler
                0x1fff849c                FTM0_Ch4_Ch5_IRQHandler
                0x1fff849c                CAN1_Error_IRQHandler
                0x1fff849c                FTM3_Ch0_Ch1_IRQHandler
                0x1fff849c                SWI_IRQHandler
                0x1fff849c                ADC0_IRQHandler
                0x1fff849c                FTM2_Ch4_Ch5_IRQHandler
                0x1fff849c                UsageFault_Handler
                0x1fff849c                FTM0_Ovf_Reload_IRQHandler
                0x1fff849c                DefaultISR
                0x1fff849c                Reserved58_IRQHandler
                0x1fff849c                CAN1_ORed_0_15_MB_IRQHandler
                0x1fff849c                FTM1_Ch2_Ch3_IRQHandler
                0x1fff849c                Reserved82_IRQHandler
                0x1fff849c                CAN0_ORed_16_31_MB_IRQHandler
                0x1fff849c                LPI2C0_Slave_IRQHandler
                0x1fff849c                Reserved71_IRQHandler
                0x1fff849c                PORTD_IRQHandler
                0x1fff849c                Reserved69_IRQHandler
                0x1fff849c                PORTB_IRQHandler
                0x1fff849c                Reserved70_IRQHandler
                0x1fff849c                ADC1_IRQHandler
                0x1fff849c                FTM2_Ch2_Ch3_IRQHandler
                0x1fff849c                Reserved53_IRQHandler
                0x1fff849c                RTC_IRQHandler
                0x1fff849c                PDB0_IRQHandler
                0x1fff849c                Reserved54_IRQHandler
                0x1fff849c                FTM2_Ch6_Ch7_IRQHandler
                0x1fff849c                FTM3_Ch2_Ch3_IRQHandler
                0x1fff849c                FTM2_Ch0_Ch1_IRQHandler
                0x1fff849c                LPSPI1_IRQHandler
                0x1fff849c                LPUART1_RxTx_IRQHandler
                0x1fff849c                RTC_Seconds_IRQHandler
                0x1fff849c                CAN2_ORed_IRQHandler
                0x1fff849c                Reserved72_IRQHandler
                0x1fff849c                Reserved110_IRQHandler
                0x1fff849c                Reserved107_IRQHandler
                0x1fff849c                Read_Collision_IRQHandler
                0x1fff849c                CAN2_Error_IRQHandler
                0x1fff849c                FTFC_IRQHandler
                0x1fff849c                FTM1_Ch6_Ch7_IRQHandler
                0x1fff849c                Reserved105_IRQHandler
                0x1fff849c                LPIT0_Ch1_IRQHandler
                0x1fff849c                FTM1_Ch4_Ch5_IRQHandler
                0x1fff849c                FTM3_Ovf_Reload_IRQHandler
                0x1fff849c                LPUART2_RxTx_IRQHandler
                0x1fff849c                LPSPI0_IRQHandler
                0x1fff849c                WDOG_EWM_IRQHandler
                0x1fff849c                MemManage_Handler
                0x1fff849c                Reserved90_IRQHandler
                0x1fff849c                Reserved83_IRQHandler
                0x1fff849c                FTM0_Fault_IRQHandler
                0x1fff849c                Reserved48_IRQHandler
                0x1fff849c                SVC_Handler
                0x1fff849c                ERM_single_fault_IRQHandler
                0x1fff849c                FTM2_Fault_IRQHandler
                0x1fff849c                FTM0_Ch2_Ch3_IRQHandler
                0x1fff849c                FTM0_Ch0_Ch1_IRQHandler
                0x1fff849c                FTM3_Fault_IRQHandler
                0x1fff849c                RCM_IRQHandler
                0x1fff849c                Reserved100_IRQHandler
                0x1fff849c                Reserved91_IRQHandler
                0x1fff849c                CAN1_ORed_IRQHandler
                0x1fff849c                SCG_IRQHandler
                0x1fff849c                PDB1_IRQHandler
                0x1fff849c                Reserved81_IRQHandler
                0x1fff849c                Reserved46_IRQHandler
                0x1fff849c                Reserved45_IRQHandler
                0x1fff849c                CAN0_Error_IRQHandler
                0x1fff849c                Reserved112_IRQHandler
                0x1fff849c                LPI2C0_Master_IRQHandler
                0x1fff849c                FTM1_Fault_IRQHandler
                0x1fff849c                Reserved106_IRQHandler
                0x1fff849c                LVD_LVW_IRQHandler
                0x1fff849c                LPIT0_Ch2_IRQHandler
                0x1fff849c                PORTA_IRQHandler
                0x1fff849c                MCM_IRQHandler
                0x1fff849c                LPSPI2_IRQHandler
                0x1fff849c                FTM3_Ch4_Ch5_IRQHandler
                0x1fff849c                CAN0_ORed_0_15_MB_IRQHandler
                0x1fff849c                PORTE_IRQHandler
                0x1fff849c                LPUART0_RxTx_IRQHandler
                0x1fff849c                LPTMR0_IRQHandler
                0x1fff849c                BusFault_Handler
                0x1fff849c                Reserved87_IRQHandler
                0x1fff849c                FTM1_Ovf_Reload_IRQHandler
                0x1fff849c                Reserved93_IRQHandler
                0x1fff849c                CAN0_Wake_Up_IRQHandler
                0x1fff849c                CMP0_IRQHandler
                0x1fff849c                Reserved52_IRQHandler
                0x1fff849c                PORTC_IRQHandler
                0x1fff849c                FTM1_Ch0_Ch1_IRQHandler
                0x1fff849c                FLEXIO_IRQHandler
                0x1fff849c                Reserved113_IRQHandler
 *(.text*)
 .text.ADC_IRQHandler
                0x1fff84a0       0x1c ./Sources/main.o
                0x1fff84a0                ADC_IRQHandler
 .text.print    0x1fff84bc       0x28 ./Sources/main.o
                0x1fff84bc                print
 .text.main     0x1fff84e4      0x170 ./Sources/main.o
                0x1fff84e4                main
 .text.floatToStr
                0x1fff8654       0x88 ./Sources/helper_functions.o
                0x1fff8654                floatToStr
 .text.calculateIntValue
                0x1fff86dc       0x64 ./Sources/helper_functions.o
                0x1fff86dc                calculateIntValue
 .text.SysTick_Handler
                0x1fff8740       0x10 ./SDK/rtos/osif/osif_baremetal.o
                0x1fff8740                SysTick_Handler
 .text.OSIF_SemaPost
                0x1fff8750       0x28 ./SDK/rtos/osif/osif_baremetal.o
                0x1fff8750                OSIF_SemaPost
 .text.OSIF_SemaCreate
                0x1fff8778       0x14 ./SDK/rtos/osif/osif_baremetal.o
                0x1fff8778                OSIF_SemaCreate
 .text.PINS_Init
                0x1fff878c       0xa4 ./SDK/platform/drivers/src/pins/pins_port_hw_access.o
                0x1fff878c                PINS_Init
 .text.PINS_DRV_Init
                0x1fff8830       0x28 ./SDK/platform/drivers/src/pins/pins_driver.o
                0x1fff8830                PINS_DRV_Init
 .text.PDB_Init
                0x1fff8858       0x58 ./SDK/platform/drivers/src/pdb/pdb_hw_access.o
                0x1fff8858                PDB_Init
 .text.PDB_ConfigTimer
                0x1fff88b0       0x60 ./SDK/platform/drivers/src/pdb/pdb_hw_access.o
                0x1fff88b0                PDB_ConfigTimer
 .text.PDB_SetAdcPreTriggerBackToBackEnable
                0x1fff8910       0x34 ./SDK/platform/drivers/src/pdb/pdb_hw_access.o
                0x1fff8910                PDB_SetAdcPreTriggerBackToBackEnable
 .text.PDB_SetAdcPreTriggerOutputEnable
                0x1fff8944       0x30 ./SDK/platform/drivers/src/pdb/pdb_hw_access.o
                0x1fff8944                PDB_SetAdcPreTriggerOutputEnable
 .text.PDB_SetAdcPreTriggerEnable
                0x1fff8974       0x2c ./SDK/platform/drivers/src/pdb/pdb_hw_access.o
                0x1fff8974                PDB_SetAdcPreTriggerEnable
 .text.PDB_SetAdcPreTriggerDelayValue
                0x1fff89a0       0x10 ./SDK/platform/drivers/src/pdb/pdb_hw_access.o
                0x1fff89a0                PDB_SetAdcPreTriggerDelayValue
 .text.PDB_DRV_Init
                0x1fff89b0       0x54 ./SDK/platform/drivers/src/pdb/pdb_driver.o
                0x1fff89b0                PDB_DRV_Init
 .text.PDB_DRV_SoftTriggerCmd
                0x1fff8a04       0x14 ./SDK/platform/drivers/src/pdb/pdb_driver.o
                0x1fff8a04                PDB_DRV_SoftTriggerCmd
 .text.PDB_DRV_LoadValuesCmd
                0x1fff8a18       0x14 ./SDK/platform/drivers/src/pdb/pdb_driver.o
                0x1fff8a18                PDB_DRV_LoadValuesCmd
 .text.PDB_DRV_SetTimerModulusValue
                0x1fff8a2c       0x18 ./SDK/platform/drivers/src/pdb/pdb_driver.o
                0x1fff8a2c                PDB_DRV_SetTimerModulusValue
 .text.PDB_DRV_ConfigAdcPreTrigger
                0x1fff8a44       0x44 ./SDK/platform/drivers/src/pdb/pdb_driver.o
                0x1fff8a44                PDB_DRV_ConfigAdcPreTrigger
 .text.PDB_DRV_SetAdcPreTriggerDelayValue
                0x1fff8a88       0x14 ./SDK/platform/drivers/src/pdb/pdb_driver.o
                0x1fff8a88                PDB_DRV_SetAdcPreTriggerDelayValue
 .text.LPUART0_IrqHandler
                0x1fff8a9c        0xc ./SDK/platform/drivers/src/lpuart/lpuart_irq.o
                0x1fff8a9c                LPUART0_IrqHandler
 .text.LPUART1_IrqHandler
                0x1fff8aa8        0xc ./SDK/platform/drivers/src/lpuart/lpuart_irq.o
                0x1fff8aa8                LPUART1_IrqHandler
 .text.LPUART2_IrqHandler
                0x1fff8ab4        0xc ./SDK/platform/drivers/src/lpuart/lpuart_irq.o
                0x1fff8ab4                LPUART2_IrqHandler
 .text.LPUART_Init
                0x1fff8ac0       0x24 ./SDK/platform/drivers/src/lpuart/lpuart_hw_access.o
                0x1fff8ac0                LPUART_Init
 .text.LPUART_SetBitCountPerChar
                0x1fff8ae4       0x24 ./SDK/platform/drivers/src/lpuart/lpuart_hw_access.o
                0x1fff8ae4                LPUART_SetBitCountPerChar
 .text.LPUART_SetParityMode
                0x1fff8b08       0x20 ./SDK/platform/drivers/src/lpuart/lpuart_hw_access.o
                0x1fff8b08                LPUART_SetParityMode
 .text.LPUART_Putchar9
                0x1fff8b28       0x18 ./SDK/platform/drivers/src/lpuart/lpuart_hw_access.o
                0x1fff8b28                LPUART_Putchar9
 .text.LPUART_Putchar10
                0x1fff8b40       0x24 ./SDK/platform/drivers/src/lpuart/lpuart_hw_access.o
                0x1fff8b40                LPUART_Putchar10
 .text.LPUART_Getchar9
                0x1fff8b64       0x14 ./SDK/platform/drivers/src/lpuart/lpuart_hw_access.o
                0x1fff8b64                LPUART_Getchar9
 .text.LPUART_Getchar10
                0x1fff8b78       0x20 ./SDK/platform/drivers/src/lpuart/lpuart_hw_access.o
                0x1fff8b78                LPUART_Getchar10
 .text.LPUART_SetIntMode
                0x1fff8b98       0xb4 ./SDK/platform/drivers/src/lpuart/lpuart_hw_access.o
                0x1fff8b98                LPUART_SetIntMode
 .text.LPUART_GetIntMode
                0x1fff8c4c       0x78 ./SDK/platform/drivers/src/lpuart/lpuart_hw_access.o
                0x1fff8c4c                LPUART_GetIntMode
 .text.LPUART_GetStatusFlag
                0x1fff8cc4       0x78 ./SDK/platform/drivers/src/lpuart/lpuart_hw_access.o
                0x1fff8cc4                LPUART_GetStatusFlag
 .text.LPUART_ClearStatusFlag
                0x1fff8d3c      0x138 ./SDK/platform/drivers/src/lpuart/lpuart_hw_access.o
                0x1fff8d3c                LPUART_ClearStatusFlag
 .text.LPUART_DRV_StartSendDataUsingDma
                0x1fff8e74       0x70 ./SDK/platform/drivers/src/lpuart/lpuart_driver.o
 .text.LPUART_DRV_CompleteSendDataUsingInt
                0x1fff8ee4       0x3c ./SDK/platform/drivers/src/lpuart/lpuart_driver.o
 .text.LPUART_DRV_CompleteReceiveDataUsingInt
                0x1fff8f20       0x4c ./SDK/platform/drivers/src/lpuart/lpuart_driver.o
 .text.LPUART_DRV_CompleteSendDataUsingDma
                0x1fff8f6c       0x50 ./SDK/platform/drivers/src/lpuart/lpuart_driver.o
 .text.LPUART_DRV_PutData
                0x1fff8fbc       0x44 ./SDK/platform/drivers/src/lpuart/lpuart_driver.o
 .text.LPUART_DRV_GetData
                0x1fff9000       0x5c ./SDK/platform/drivers/src/lpuart/lpuart_driver.o
 .text.LPUART_DRV_SendData
                0x1fff905c       0x50 ./SDK/platform/drivers/src/lpuart/lpuart_driver.o
                0x1fff905c                LPUART_DRV_SendData
 .text.LPUART_DRV_GetTransmitStatus
                0x1fff90ac       0x3c ./SDK/platform/drivers/src/lpuart/lpuart_driver.o
                0x1fff90ac                LPUART_DRV_GetTransmitStatus
 .text.LPUART_DRV_SetBaudRate
                0x1fff90e8       0xb4 ./SDK/platform/drivers/src/lpuart/lpuart_driver.o
                0x1fff90e8                LPUART_DRV_SetBaudRate
 .text.LPUART_DRV_Init
                0x1fff919c       0xe4 ./SDK/platform/drivers/src/lpuart/lpuart_driver.o
                0x1fff919c                LPUART_DRV_Init
 .text.LPUART_DRV_IRQHandler
                0x1fff9280       0xfc ./SDK/platform/drivers/src/lpuart/lpuart_driver.o
                0x1fff9280                LPUART_DRV_IRQHandler
 .text.INT_SYS_InstallHandler
                0x1fff937c       0x30 ./SDK/platform/drivers/src/interrupt/interrupt_manager.o
                0x1fff937c                INT_SYS_InstallHandler
 .text.INT_SYS_EnableIRQ
                0x1fff93ac       0x18 ./SDK/platform/drivers/src/interrupt/interrupt_manager.o
                0x1fff93ac                INT_SYS_EnableIRQ
 .text.INT_SYS_DisableIRQ
                0x1fff93c4       0x18 ./SDK/platform/drivers/src/interrupt/interrupt_manager.o
                0x1fff93c4                INT_SYS_DisableIRQ
 .text.INT_SYS_EnableIRQGlobal
                0x1fff93dc       0x1c ./SDK/platform/drivers/src/interrupt/interrupt_manager.o
                0x1fff93dc                INT_SYS_EnableIRQGlobal
 .text.INT_SYS_DisableIRQGlobal
                0x1fff93f8       0x10 ./SDK/platform/drivers/src/interrupt/interrupt_manager.o
                0x1fff93f8                INT_SYS_DisableIRQGlobal
 .text.DMA0_IRQHandler
                0x1fff9408        0xc ./SDK/platform/drivers/src/edma/edma_irq.o
                0x1fff9408                DMA0_IRQHandler
 .text.DMA1_IRQHandler
                0x1fff9414        0xc ./SDK/platform/drivers/src/edma/edma_irq.o
                0x1fff9414                DMA1_IRQHandler
 .text.DMA2_IRQHandler
                0x1fff9420        0xc ./SDK/platform/drivers/src/edma/edma_irq.o
                0x1fff9420                DMA2_IRQHandler
 .text.DMA3_IRQHandler
                0x1fff942c        0xc ./SDK/platform/drivers/src/edma/edma_irq.o
                0x1fff942c                DMA3_IRQHandler
 .text.DMA4_IRQHandler
                0x1fff9438        0xc ./SDK/platform/drivers/src/edma/edma_irq.o
                0x1fff9438                DMA4_IRQHandler
 .text.DMA5_IRQHandler
                0x1fff9444        0xc ./SDK/platform/drivers/src/edma/edma_irq.o
                0x1fff9444                DMA5_IRQHandler
 .text.DMA6_IRQHandler
                0x1fff9450        0xc ./SDK/platform/drivers/src/edma/edma_irq.o
                0x1fff9450                DMA6_IRQHandler
 .text.DMA7_IRQHandler
                0x1fff945c        0xc ./SDK/platform/drivers/src/edma/edma_irq.o
                0x1fff945c                DMA7_IRQHandler
 .text.DMA8_IRQHandler
                0x1fff9468        0xc ./SDK/platform/drivers/src/edma/edma_irq.o
                0x1fff9468                DMA8_IRQHandler
 .text.DMA9_IRQHandler
                0x1fff9474        0xc ./SDK/platform/drivers/src/edma/edma_irq.o
                0x1fff9474                DMA9_IRQHandler
 .text.DMA10_IRQHandler
                0x1fff9480        0xc ./SDK/platform/drivers/src/edma/edma_irq.o
                0x1fff9480                DMA10_IRQHandler
 .text.DMA11_IRQHandler
                0x1fff948c        0xc ./SDK/platform/drivers/src/edma/edma_irq.o
                0x1fff948c                DMA11_IRQHandler
 .text.DMA12_IRQHandler
                0x1fff9498        0xc ./SDK/platform/drivers/src/edma/edma_irq.o
                0x1fff9498                DMA12_IRQHandler
 .text.DMA13_IRQHandler
                0x1fff94a4        0xc ./SDK/platform/drivers/src/edma/edma_irq.o
                0x1fff94a4                DMA13_IRQHandler
 .text.DMA14_IRQHandler
                0x1fff94b0        0xc ./SDK/platform/drivers/src/edma/edma_irq.o
                0x1fff94b0                DMA14_IRQHandler
 .text.DMA15_IRQHandler
                0x1fff94bc        0xc ./SDK/platform/drivers/src/edma/edma_irq.o
                0x1fff94bc                DMA15_IRQHandler
 .text.DMA_Error_IRQHandler
                0x1fff94c8        0x8 ./SDK/platform/drivers/src/edma/edma_irq.o
                0x1fff94c8                DMA_Error_IRQHandler
 .text.EDMA_SetDmaRequestCmd
                0x1fff94d0        0xc ./SDK/platform/drivers/src/edma/edma_hw_access.o
                0x1fff94d0                EDMA_SetDmaRequestCmd
 .text.EDMA_TCDClearReg
                0x1fff94dc       0x3c ./SDK/platform/drivers/src/edma/edma_hw_access.o
                0x1fff94dc                EDMA_TCDClearReg
 .text.EDMA_TCDSetAttribute
                0x1fff9518       0x28 ./SDK/platform/drivers/src/edma/edma_hw_access.o
                0x1fff9518                EDMA_TCDSetAttribute
 .text.EDMA_TCDSetNbytes
                0x1fff9540       0x5c ./SDK/platform/drivers/src/edma/edma_hw_access.o
                0x1fff9540                EDMA_TCDSetNbytes
 .text.EDMA_TCDSetMajorCount
                0x1fff959c       0x60 ./SDK/platform/drivers/src/edma/edma_hw_access.o
                0x1fff959c                EDMA_TCDSetMajorCount
 .text.EDMA_TCDGetCurrentMajorCount
                0x1fff95fc       0x34 ./SDK/platform/drivers/src/edma/edma_hw_access.o
                0x1fff95fc                EDMA_TCDGetCurrentMajorCount
 .text.EDMA_DRV_InstallCallback
                0x1fff9630       0x14 ./SDK/platform/drivers/src/edma/edma_driver.o
                0x1fff9630                EDMA_DRV_InstallCallback
 .text.EDMA_DRV_IRQHandler
                0x1fff9644       0x28 ./SDK/platform/drivers/src/edma/edma_driver.o
                0x1fff9644                EDMA_DRV_IRQHandler
 .text.EDMA_DRV_ErrorIRQHandler
                0x1fff966c       0x64 ./SDK/platform/drivers/src/edma/edma_driver.o
                0x1fff966c                EDMA_DRV_ErrorIRQHandler
 .text.EDMA_DRV_ConfigSingleBlockTransfer
                0x1fff96d0      0x114 ./SDK/platform/drivers/src/edma/edma_driver.o
                0x1fff96d0                EDMA_DRV_ConfigSingleBlockTransfer
 .text.EDMA_DRV_ConfigMultiBlockTransfer
                0x1fff97e4       0x58 ./SDK/platform/drivers/src/edma/edma_driver.o
                0x1fff97e4                EDMA_DRV_ConfigMultiBlockTransfer
 .text.EDMA_DRV_StartChannel
                0x1fff983c       0x14 ./SDK/platform/drivers/src/edma/edma_driver.o
                0x1fff983c                EDMA_DRV_StartChannel
 .text.EDMA_DRV_StopChannel
                0x1fff9850       0x14 ./SDK/platform/drivers/src/edma/edma_driver.o
                0x1fff9850                EDMA_DRV_StopChannel
 .text.EDMA_DRV_GetRemainingMajorIterationsCount
                0x1fff9864       0x10 ./SDK/platform/drivers/src/edma/edma_driver.o
                0x1fff9864                EDMA_DRV_GetRemainingMajorIterationsCount
 .text.CLOCK_SYS_Init
                0x1fff9874       0x1c ./SDK/platform/drivers/src/clock/clock_manager.o
                0x1fff9874                CLOCK_SYS_Init
 .text.CLOCK_SYS_UpdateConfiguration
                0x1fff9890       0xec ./SDK/platform/drivers/src/clock/clock_manager.o
                0x1fff9890                CLOCK_SYS_UpdateConfiguration
 .text.CLOCK_SYS_GetCurrentRunMode
                0x1fff997c       0x24 ./SDK/platform/drivers/src/clock/S32K1xx/clock_S32K1xx.o
 .text.CLOCK_SYS_GetSysOscFreq
                0x1fff99a0       0x1c ./SDK/platform/drivers/src/clock/S32K1xx/clock_S32K1xx.o
 .text.CLOCK_SYS_ConfigureSOSC
                0x1fff99bc      0x124 ./SDK/platform/drivers/src/clock/S32K1xx/clock_S32K1xx.o
 .text.CLOCK_SYS_GetSircFreq
                0x1fff9ae0       0x34 ./SDK/platform/drivers/src/clock/S32K1xx/clock_S32K1xx.o
 .text.CLOCK_SYS_ConfigureSIRC
                0x1fff9b14       0xc0 ./SDK/platform/drivers/src/clock/S32K1xx/clock_S32K1xx.o
 .text.CLOCK_SYS_GetFircFreq
                0x1fff9bd4       0x2c ./SDK/platform/drivers/src/clock/S32K1xx/clock_S32K1xx.o
 .text.CLOCK_SYS_ConfigureFIRC
                0x1fff9c00       0xb8 ./SDK/platform/drivers/src/clock/S32K1xx/clock_S32K1xx.o
 .text.CLOCK_SYS_GetSysPllFreq
                0x1fff9cb8       0x44 ./SDK/platform/drivers/src/clock/S32K1xx/clock_S32K1xx.o
 .text.CLOCK_SYS_ConfigureSPLL
                0x1fff9cfc      0x108 ./SDK/platform/drivers/src/clock/S32K1xx/clock_S32K1xx.o
 .text.CLOCK_SYS_SetSystemClockConfig
                0x1fff9e04      0x148 ./SDK/platform/drivers/src/clock/S32K1xx/clock_S32K1xx.o
 .text.CLOCK_SYS_TransitionSystemClock
                0x1fff9f4c       0x3c ./SDK/platform/drivers/src/clock/S32K1xx/clock_S32K1xx.o
 .text.CLOCK_SYS_GetSystemClockFreq
                0x1fff9f88       0x7c ./SDK/platform/drivers/src/clock/S32K1xx/clock_S32K1xx.o
 .text.CLOCK_SYS_GetScgClkOutFreq
                0x1fffa004       0x4c ./SDK/platform/drivers/src/clock/S32K1xx/clock_S32K1xx.o
 .text.CLOCK_SYS_GetSysAsyncFreq
                0x1fffa050       0xd8 ./SDK/platform/drivers/src/clock/S32K1xx/clock_S32K1xx.o
 .text.CLOCK_SYS_GetSimRtcClkFreq
                0x1fffa128       0x54 ./SDK/platform/drivers/src/clock/S32K1xx/clock_S32K1xx.o
 .text.CLOCK_SYS_GetPeripheralClock
                0x1fffa17c       0x80 ./SDK/platform/drivers/src/clock/S32K1xx/clock_S32K1xx.o
 .text.CLOCK_SYS_GetLpoFreq
                0x1fffa1fc       0x48 ./SDK/platform/drivers/src/clock/S32K1xx/clock_S32K1xx.o
 .text.CLOCK_SYS_GetSimClkOutFreq
                0x1fffa244       0x74 ./SDK/platform/drivers/src/clock/S32K1xx/clock_S32K1xx.o
 .text.CLOCK_SYS_SetScgConfiguration
                0x1fffa2b8      0x210 ./SDK/platform/drivers/src/clock/S32K1xx/clock_S32K1xx.o
                0x1fffa2b8                CLOCK_SYS_SetScgConfiguration
 .text.CLOCK_SYS_SetPccConfiguration
                0x1fffa4c8       0x80 ./SDK/platform/drivers/src/clock/S32K1xx/clock_S32K1xx.o
                0x1fffa4c8                CLOCK_SYS_SetPccConfiguration
 .text.CLOCK_SYS_SetSimConfiguration
                0x1fffa548      0x144 ./SDK/platform/drivers/src/clock/S32K1xx/clock_S32K1xx.o
                0x1fffa548                CLOCK_SYS_SetSimConfiguration
 .text.CLOCK_SYS_SetPmcConfiguration
                0x1fffa68c       0x3c ./SDK/platform/drivers/src/clock/S32K1xx/clock_S32K1xx.o
                0x1fffa68c                CLOCK_SYS_SetPmcConfiguration
 .text.CLOCK_SYS_SetConfiguration
                0x1fffa6c8       0x28 ./SDK/platform/drivers/src/clock/S32K1xx/clock_S32K1xx.o
                0x1fffa6c8                CLOCK_SYS_SetConfiguration
 .text.CLOCK_SYS_GetFreq
                0x1fffa6f0      0x408 ./SDK/platform/drivers/src/clock/S32K1xx/clock_S32K1xx.o
                0x1fffa6f0                CLOCK_SYS_GetFreq
 .text.ADC_DRV_ConfigConverter
                0x1fffaaf8      0x168 ./SDK/platform/drivers/src/adc/adc_driver.o
                0x1fffaaf8                ADC_DRV_ConfigConverter
 .text.ADC_DRV_ConfigChan
                0x1fffac60       0x40 ./SDK/platform/drivers/src/adc/adc_driver.o
                0x1fffac60                ADC_DRV_ConfigChan
 .text.ADC_DRV_GetChanResult
                0x1fffaca0       0x18 ./SDK/platform/drivers/src/adc/adc_driver.o
                0x1fffaca0                ADC_DRV_GetChanResult
 .text.init_data_bss
                0x1fffacb8       0xb4 ./SDK/platform/devices/startup.o
                0x1fffacb8                init_data_bss
 .text.SystemInit
                0x1fffad6c       0x3c ./SDK/platform/devices/S32K144/startup/system_S32K144.o
                0x1fffad6c                SystemInit
 .text.memset   0x1fffada8       0x10 C:/NXP/S32DS_ARM_v2.0/Cross_Tools/gcc-arm-none-eabi-4_9/arm-none-eabi/newlib/lib/armv7e-m/fpu\libc_nano.a(lib_a-memset.o)
                0x1fffada8                memset
 .text.strlen   0x1fffadb8       0x10 C:/NXP/S32DS_ARM_v2.0/Cross_Tools/gcc-arm-none-eabi-4_9/arm-none-eabi/newlib/lib/armv7e-m/fpu\libc_nano.a(lib_a-strlen.o)
                0x1fffadb8                strlen
 *(.rodata)
 .rodata        0x1fffadc8       0x20 ./SDK/platform/drivers/src/adc/adc_driver.o
 *(.rodata*)
 .rodata.str1.4
                0x1fffade8       0x90 ./Sources/main.o
                                 0x8d (size before relaxing)
 .rodata.s_pdbClkNames.5721
                0x1fffae78        0x2 ./SDK/platform/drivers/src/pdb/pdb_driver.o
 *fill*         0x1fffae7a        0x2 
 .rodata.s_pdbBase
                0x1fffae7c        0x8 ./SDK/platform/drivers/src/pdb/pdb_driver.o
 .rodata.s_pdbIrqId
                0x1fffae84        0x2 ./SDK/platform/drivers/src/pdb/pdb_driver.o
 *fill*         0x1fffae86        0x2 
 .rodata.s_lpuartBase
                0x1fffae88        0xc ./SDK/platform/drivers/src/lpuart/lpuart_driver.o
 .rodata.s_lpuartRxTxIrqId
                0x1fffae94        0x3 ./SDK/platform/drivers/src/lpuart/lpuart_driver.o
 *fill*         0x1fffae97        0x1 
 .rodata.s_lpuartClkNames
                0x1fffae98        0x3 ./SDK/platform/drivers/src/lpuart/lpuart_driver.o
 *fill*         0x1fffae9b        0x1 
 .rodata.fircFreq.6274
                0x1fffae9c       0x10 ./SDK/platform/drivers/src/clock/S32K1xx/clock_S32K1xx.o
 .rodata.maxClocksFreq.6219
                0x1fffaeac       0x24 ./SDK/platform/drivers/src/clock/S32K1xx/clock_S32K1xx.o
 .rodata.clockNameMappings
                0x1fffaed0       0x9e ./SDK/platform/drivers/src/clock/S32K1xx/clock_S32K1xx.o
                0x1fffaed0                clockNameMappings
 *fill*         0x1fffaf6e        0x2 
 .rodata.peripheralFeaturesList
                0x1fffaf70       0x4f ./SDK/platform/drivers/src/clock/S32K1xx/clock_S32K1xx.o
                0x1fffaf70                peripheralFeaturesList
 *fill*         0x1fffafbf        0x1 
 .rodata.s_adcBase
                0x1fffafc0        0x8 ./SDK/platform/drivers/src/adc/adc_driver.o
 .rodata.pdly1_AdcTrigInitConfig0
                0x1fffafc8        0x8 ./Generated_Code/pdly1.o
                0x1fffafc8                pdly1_AdcTrigInitConfig0
 .rodata.pdly1_InitConfig0
                0x1fffafd0        0x8 ./Generated_Code/pdly1.o
                0x1fffafd0                pdly1_InitConfig0
 .rodata.lpuart1_InitConfig0
                0x1fffafd8        0xc ./Generated_Code/lpuart1.o
                0x1fffafd8                lpuart1_InitConfig0
 .rodata.adConv1_ConvConfig0
                0x1fffafe4        0xa ./Generated_Code/adConv1.o
                0x1fffafe4                adConv1_ConvConfig0
 *(.glue_7)
 .glue_7        0x00000000        0x0 linker stubs
 *(.glue_7t)
 .glue_7t       0x00000000        0x0 linker stubs
 *(.eh_frame)
 *fill*         0x1fffafee        0x2 
 .eh_frame      0x1fffaff0        0x0 c:/nxp/s32ds_arm_v2.0/cross_tools/gcc-arm-none-eabi-4_9/bin/../lib/gcc/arm-none-eabi/4.9.3/armv7e-m/fpu/crtbegin.o
 *(.init)
 .init          0x1fffaff0        0x4 c:/nxp/s32ds_arm_v2.0/cross_tools/gcc-arm-none-eabi-4_9/bin/../lib/gcc/arm-none-eabi/4.9.3/armv7e-m/fpu/crti.o
                0x1fffaff0                _init
 .init          0x1fffaff4        0x8 c:/nxp/s32ds_arm_v2.0/cross_tools/gcc-arm-none-eabi-4_9/bin/../lib/gcc/arm-none-eabi/4.9.3/armv7e-m/fpu/crtn.o
 *(.fini)
 .fini          0x1fffaffc        0x4 c:/nxp/s32ds_arm_v2.0/cross_tools/gcc-arm-none-eabi-4_9/bin/../lib/gcc/arm-none-eabi/4.9.3/armv7e-m/fpu/crti.o
                0x1fffaffc                _fini
 .fini          0x1fffb000        0x8 c:/nxp/s32ds_arm_v2.0/cross_tools/gcc-arm-none-eabi-4_9/bin/../lib/gcc/arm-none-eabi/4.9.3/armv7e-m/fpu/crtn.o
                0x1fffb008                . = ALIGN (0x4)

.vfp11_veneer   0x1fffb008        0x0
 .vfp11_veneer  0x00000000        0x0 linker stubs

.v4_bx          0x1fffb008        0x0
 .v4_bx         0x00000000        0x0 linker stubs

.iplt           0x1fffb008        0x0
 .iplt          0x00000000        0x0 c:/nxp/s32ds_arm_v2.0/cross_tools/gcc-arm-none-eabi-4_9/bin/../lib/gcc/arm-none-eabi/4.9.3/armv7e-m/fpu/crtbegin.o

.rel.dyn        0x1fffb008        0x0
 .rel.iplt      0x00000000        0x0 c:/nxp/s32ds_arm_v2.0/cross_tools/gcc-arm-none-eabi-4_9/bin/../lib/gcc/arm-none-eabi/4.9.3/armv7e-m/fpu/crtbegin.o

.code_ram       0x1fffb008        0x0
                0x1fffb008                . = ALIGN (0x4)
                0x1fffb008                __CODE_RAM = .
 *(.code_ram)
                0x1fffb008                __CODE_ROM = .
                0x1fffb008                __CODE_END = .
                0x1fffb008                . = ALIGN (0x4)

.ARM.extab
 *(.ARM.extab* .gnu.linkonce.armextab.*)

.ARM            0x1fffb008        0x0
                0x1fffb008                __exidx_start = .
 *(.ARM.exidx*)
                0x1fffb008                __exidx_end = .

.ctors          0x1fffb008        0x0
                0x1fffb008                __CTOR_LIST__ = .
 *crtbegin.o(.ctors)
 *crtbegin?.o(.ctors)
 *(EXCLUDE_FILE(*crtend.o *crtend?.o) .ctors)
 *(SORT(.ctors.*))
 *(.ctors)
                0x1fffb008                __CTOR_END__ = .

.dtors          0x1fffb008        0x0
                0x1fffb008                __DTOR_LIST__ = .
 *crtbegin.o(.dtors)
 *crtbegin?.o(.dtors)
 *(EXCLUDE_FILE(*crtend.o *crtend?.o) .dtors)
 *(SORT(.dtors.*))
 *(.dtors)
                0x1fffb008                __DTOR_END__ = .

.preinit_array  0x1fffb008        0x0
                0x1fffb008                PROVIDE (__preinit_array_start, .)
 *(.preinit_array*)
                0x1fffb008                PROVIDE (__preinit_array_end, .)

.init_array     0x1fffb008        0x4
                0x1fffb008                PROVIDE (__init_array_start, .)
 *(SORT(.init_array.*))
 *(.init_array*)
 .init_array    0x1fffb008        0x4 c:/nxp/s32ds_arm_v2.0/cross_tools/gcc-arm-none-eabi-4_9/bin/../lib/gcc/arm-none-eabi/4.9.3/armv7e-m/fpu/crtbegin.o
                0x1fffb00c                PROVIDE (__init_array_end, .)

.fini_array     0x1fffb00c        0x4
                0x1fffb00c                PROVIDE (__fini_array_start, .)
 *(SORT(.fini_array.*))
 *(.fini_array*)
 .fini_array    0x1fffb00c        0x4 c:/nxp/s32ds_arm_v2.0/cross_tools/gcc-arm-none-eabi-4_9/bin/../lib/gcc/arm-none-eabi/4.9.3/armv7e-m/fpu/crtbegin.o
                0x1fffb010                PROVIDE (__fini_array_end, .)
                0x1fffb010                __etext = .
                0x1fffb010                __DATA_ROM = .
                0x1fffb010                __DATA_END = __DATA_ROM

.customSectionBlock
 *(.customSection)

.data           0x20000000      0x924
                0x20000000                . = ALIGN (0x4)
                0x20000000                __DATA_RAM = .
                0x20000000                __data_start__ = .
 *(.data)
 *(.data*)
 .data.g_lpuartIsr
                0x20000000        0xc ./SDK/platform/drivers/src/lpuart/lpuart_irq.o
                0x20000000                g_lpuartIsr
 .data.g_pin_mux_InitConfigArr
                0x2000000c      0x858 ./Generated_Code/pin_mux.o
                0x2000000c                g_pin_mux_InitConfigArr
 .data.clockMan1_InitConfig0
                0x20000864       0x78 ./Generated_Code/clockMan1.o
                0x20000864                clockMan1_InitConfig0
 .data.peripheralClockConfig0
                0x200008dc       0x3c ./Generated_Code/clockMan1.o
                0x200008dc                peripheralClockConfig0
 .data.g_clockManConfigsArr
                0x20000918        0x4 ./Generated_Code/clockMan1.o
                0x20000918                g_clockManConfigsArr
 .data.adConv1_ChnConfig0
                0x2000091c        0x2 ./Generated_Code/adConv1.o
                0x2000091c                adConv1_ChnConfig0
 *(.jcr*)
 *fill*         0x2000091e        0x2 
 .jcr           0x20000920        0x0 c:/nxp/s32ds_arm_v2.0/cross_tools/gcc-arm-none-eabi-4_9/bin/../lib/gcc/arm-none-eabi/4.9.3/armv7e-m/fpu/crtbegin.o
 .jcr           0x20000920        0x4 c:/nxp/s32ds_arm_v2.0/cross_tools/gcc-arm-none-eabi-4_9/bin/../lib/gcc/arm-none-eabi/4.9.3/armv7e-m/fpu/crtend.o
                0x20000924                . = ALIGN (0x4)
                0x20000924                __data_end__ = .

.igot.plt       0x20000924        0x0
 .igot.plt      0x00000000        0x0 c:/nxp/s32ds_arm_v2.0/cross_tools/gcc-arm-none-eabi-4_9/bin/../lib/gcc/arm-none-eabi/4.9.3/armv7e-m/fpu/crtbegin.o

.bss            0x20000924       0x94
                0x20000924                . = ALIGN (0x4)
                0x20000924                __BSS_START = .
                0x20000924                __bss_start__ = .
 *(.bss)
 .bss           0x20000924       0x1c c:/nxp/s32ds_arm_v2.0/cross_tools/gcc-arm-none-eabi-4_9/bin/../lib/gcc/arm-none-eabi/4.9.3/armv7e-m/fpu/crtbegin.o
 *(.bss*)
 .bss.s_osif_tick_cnt
                0x20000940        0x4 ./SDK/rtos/osif/osif_baremetal.o
 .bss.s_lpuartStatePtr
                0x20000944        0xc ./SDK/platform/drivers/src/lpuart/lpuart_driver.o
 .bss.g_interruptDisableCount
                0x20000950        0x4 ./SDK/platform/drivers/src/interrupt/interrupt_manager.o
 .bss.s_edma    0x20000954        0x4 ./SDK/platform/drivers/src/edma/edma_driver.o
 .bss.g_clockState
                0x20000958       0x10 ./SDK/platform/drivers/src/clock/clock_manager.o
 .bss.g_clockManCallbacksArr
                0x20000968        0x4 ./Generated_Code/clockMan1.o
                0x20000968                g_clockManCallbacksArr
 *(COMMON)
 COMMON         0x2000096c        0x4 ./Sources/main.o
                0x2000096c                adcConvDone
                0x2000096e                adcRawValue
 COMMON         0x20000970       0x14 ./SDK/platform/drivers/src/clock/S32K1xx/clock_S32K1xx.o
                0x20000970                g_xtal0ClkFreq
                0x20000974                g_RtcClkInFreq
                0x20000978                g_TClkFreq
 COMMON         0x20000984       0x34 ./Generated_Code/lpuart1.o
                0x20000984                lpuart1_State
                0x200009b8                . = ALIGN (0x4)
                0x200009b8                __bss_end__ = .
                0x200009b8                __BSS_END = .

.heap           0x200009b8      0x400
                0x200009b8                . = ALIGN (0x8)
                0x200009b8                __end__ = .
                0x200009b8                PROVIDE (end, .)
                0x200009b8                PROVIDE (_end, .)
                0x200009b8                PROVIDE (__end, .)
                0x200009b8                __HeapBase = .
                0x20000db8                . = (. + HEAP_SIZE)
 *fill*         0x200009b8      0x400 
                0x20000db8                __HeapLimit = .
                0x20000db8                __heap_limit = .

.stack          0x20000db8      0x400
                0x20000db8                . = ALIGN (0x8)
                0x200011b8                . = (. + STACK_SIZE)
 *fill*         0x20000db8      0x400 
                0x20007000                __StackTop = (ORIGIN (m_data) + 0x7000)
                0x20006c00                __StackLimit = (__StackTop - STACK_SIZE)
                0x20007000                PROVIDE (__stack, __StackTop)

.ARM.attributes
                0x00000000       0x30
 *(.ARM.attributes)
 .ARM.attributes
                0x00000000       0x22 c:/nxp/s32ds_arm_v2.0/cross_tools/gcc-arm-none-eabi-4_9/bin/../lib/gcc/arm-none-eabi/4.9.3/armv7e-m/fpu/crti.o
 .ARM.attributes
                0x00000022       0x34 c:/nxp/s32ds_arm_v2.0/cross_tools/gcc-arm-none-eabi-4_9/bin/../lib/gcc/arm-none-eabi/4.9.3/armv7e-m/fpu/crtbegin.o
 .ARM.attributes
                0x00000056       0x39 ./Sources/main.o
 .ARM.attributes
                0x0000008f       0x39 ./Sources/helper_functions.o
 .ARM.attributes
                0x000000c8       0x39 ./SDK/rtos/osif/osif_baremetal.o
 .ARM.attributes
                0x00000101       0x39 ./SDK/platform/drivers/src/pins/pins_port_hw_access.o
 .ARM.attributes
                0x0000013a       0x39 ./SDK/platform/drivers/src/pins/pins_driver.o
 .ARM.attributes
                0x00000173       0x39 ./SDK/platform/drivers/src/pdb/pdb_hw_access.o
 .ARM.attributes
                0x000001ac       0x39 ./SDK/platform/drivers/src/pdb/pdb_driver.o
 .ARM.attributes
                0x000001e5       0x39 ./SDK/platform/drivers/src/lpuart/lpuart_irq.o
 .ARM.attributes
                0x0000021e       0x39 ./SDK/platform/drivers/src/lpuart/lpuart_hw_access.o
 .ARM.attributes
                0x00000257       0x39 ./SDK/platform/drivers/src/lpuart/lpuart_driver.o
 .ARM.attributes
                0x00000290       0x39 ./SDK/platform/drivers/src/interrupt/interrupt_manager.o
 .ARM.attributes
                0x000002c9       0x39 ./SDK/platform/drivers/src/edma/edma_irq.o
 .ARM.attributes
                0x00000302       0x39 ./SDK/platform/drivers/src/edma/edma_hw_access.o
 .ARM.attributes
                0x0000033b       0x39 ./SDK/platform/drivers/src/edma/edma_driver.o
 .ARM.attributes
                0x00000374       0x39 ./SDK/platform/drivers/src/clock/clock_manager.o
 .ARM.attributes
                0x000003ad       0x39 ./SDK/platform/drivers/src/clock/S32K1xx/clock_S32K1xx.o
 .ARM.attributes
                0x000003e6       0x39 ./SDK/platform/drivers/src/adc/adc_driver.o
 .ARM.attributes
                0x0000041f       0x39 ./SDK/platform/devices/startup.o
 .ARM.attributes
                0x00000458       0x39 ./SDK/platform/devices/S32K144/startup/system_S32K144.o
 .ARM.attributes
                0x00000491       0x1f ./Project_Settings/Startup_Code/startup_S32K144.o
 .ARM.attributes
                0x000004b0       0x39 ./Generated_Code/pin_mux.o
 .ARM.attributes
                0x000004e9       0x39 ./Generated_Code/pdly1.o
 .ARM.attributes
                0x00000522       0x39 ./Generated_Code/lpuart1.o
 .ARM.attributes
                0x0000055b       0x39 ./Generated_Code/clockMan1.o
 .ARM.attributes
                0x00000594       0x39 ./Generated_Code/adConv1.o
 .ARM.attributes
                0x000005cd       0x34 C:/NXP/S32DS_ARM_v2.0/Cross_Tools/gcc-arm-none-eabi-4_9/arm-none-eabi/newlib/lib/armv7e-m/fpu\libc_nano.a(lib_a-memset.o)
 .ARM.attributes
                0x00000601       0x34 C:/NXP/S32DS_ARM_v2.0/Cross_Tools/gcc-arm-none-eabi-4_9/arm-none-eabi/newlib/lib/armv7e-m/fpu\libc_nano.a(lib_a-strlen.o)
 .ARM.attributes
                0x00000635       0x34 c:/nxp/s32ds_arm_v2.0/cross_tools/gcc-arm-none-eabi-4_9/bin/../lib/gcc/arm-none-eabi/4.9.3/armv7e-m/fpu/crtend.o
 .ARM.attributes
                0x00000669       0x22 c:/nxp/s32ds_arm_v2.0/cross_tools/gcc-arm-none-eabi-4_9/bin/../lib/gcc/arm-none-eabi/4.9.3/armv7e-m/fpu/crtn.o
                0x00000001                ASSERT ((__StackLimit >= __HeapLimit), region m_data overflowed with stack and heap)

/DISCARD/
 *(.FlashConfig)
OUTPUT(ADC_PDB_FreeMaster_v2.elf elf32-littlearm)

.debug_info     0x00000000    0x19e86
 .debug_info    0x00000000     0x2311 ./Sources/main.o
 .debug_info    0x00002311      0x759 ./Sources/helper_functions.o
 .debug_info    0x00002a6a      0x9b1 ./SDK/rtos/osif/osif_baremetal.o
 .debug_info    0x0000341b      0x59f ./SDK/platform/drivers/src/pins/pins_port_hw_access.o
 .debug_info    0x000039ba     0x1028 ./SDK/platform/drivers/src/pins/pins_driver.o
 .debug_info    0x000049e2      0x75f ./SDK/platform/drivers/src/pdb/pdb_hw_access.o
 .debug_info    0x00005141     0x1613 ./SDK/platform/drivers/src/pdb/pdb_driver.o
 .debug_info    0x00006754      0x138 ./SDK/platform/drivers/src/lpuart/lpuart_irq.o
 .debug_info    0x0000688c      0x7c4 ./SDK/platform/drivers/src/lpuart/lpuart_hw_access.o
 .debug_info    0x00007050     0x267d ./SDK/platform/drivers/src/lpuart/lpuart_driver.o
 .debug_info    0x000096cd      0x8e3 ./SDK/platform/drivers/src/interrupt/interrupt_manager.o
 .debug_info    0x00009fb0      0x318 ./SDK/platform/drivers/src/edma/edma_irq.o
 .debug_info    0x0000a2c8      0x951 ./SDK/platform/drivers/src/edma/edma_hw_access.o
 .debug_info    0x0000ac19     0x3653 ./SDK/platform/drivers/src/edma/edma_driver.o
 .debug_info    0x0000e26c     0x1207 ./SDK/platform/drivers/src/clock/clock_manager.o
 .debug_info    0x0000f473     0x54c1 ./SDK/platform/drivers/src/clock/S32K1xx/clock_S32K1xx.o
 .debug_info    0x00014934     0x2709 ./SDK/platform/drivers/src/adc/adc_driver.o
 .debug_info    0x0001703d      0x3fa ./SDK/platform/devices/startup.o
 .debug_info    0x00017437      0x516 ./SDK/platform/devices/S32K144/startup/system_S32K144.o
 .debug_info    0x0001794d       0xf2 ./Project_Settings/Startup_Code/startup_S32K144.o
 .debug_info    0x00017a3f      0x3a9 ./Generated_Code/pin_mux.o
 .debug_info    0x00017de8      0x456 ./Generated_Code/pdly1.o
 .debug_info    0x0001823e      0x6dc ./Generated_Code/lpuart1.o
 .debug_info    0x0001891a     0x1079 ./Generated_Code/clockMan1.o
 .debug_info    0x00019993      0x4f3 ./Generated_Code/adConv1.o

.debug_abbrev   0x00000000     0x2bfc
 .debug_abbrev  0x00000000      0x234 ./Sources/main.o
 .debug_abbrev  0x00000234      0x14a ./Sources/helper_functions.o
 .debug_abbrev  0x0000037e      0x297 ./SDK/rtos/osif/osif_baremetal.o
 .debug_abbrev  0x00000615       0xe9 ./SDK/platform/drivers/src/pins/pins_port_hw_access.o
 .debug_abbrev  0x000006fe      0x2af ./SDK/platform/drivers/src/pins/pins_driver.o
 .debug_abbrev  0x000009ad      0x27d ./SDK/platform/drivers/src/pdb/pdb_hw_access.o
 .debug_abbrev  0x00000c2a      0x350 ./SDK/platform/drivers/src/pdb/pdb_driver.o
 .debug_abbrev  0x00000f7a       0xb4 ./SDK/platform/drivers/src/lpuart/lpuart_irq.o
 .debug_abbrev  0x0000102e      0x165 ./SDK/platform/drivers/src/lpuart/lpuart_hw_access.o
 .debug_abbrev  0x00001193      0x374 ./SDK/platform/drivers/src/lpuart/lpuart_driver.o
 .debug_abbrev  0x00001507      0x1cf ./SDK/platform/drivers/src/interrupt/interrupt_manager.o
 .debug_abbrev  0x000016d6       0xb9 ./SDK/platform/drivers/src/edma/edma_irq.o
 .debug_abbrev  0x0000178f      0x1fb ./SDK/platform/drivers/src/edma/edma_hw_access.o
 .debug_abbrev  0x0000198a      0x455 ./SDK/platform/drivers/src/edma/edma_driver.o
 .debug_abbrev  0x00001ddf      0x1b3 ./SDK/platform/drivers/src/clock/clock_manager.o
 .debug_abbrev  0x00001f92      0x346 ./SDK/platform/drivers/src/clock/S32K1xx/clock_S32K1xx.o
 .debug_abbrev  0x000022d8      0x311 ./SDK/platform/drivers/src/adc/adc_driver.o
 .debug_abbrev  0x000025e9      0x10c ./SDK/platform/devices/startup.o
 .debug_abbrev  0x000026f5      0x134 ./SDK/platform/devices/S32K144/startup/system_S32K144.o
 .debug_abbrev  0x00002829       0x14 ./Project_Settings/Startup_Code/startup_S32K144.o
 .debug_abbrev  0x0000283d       0xbe ./Generated_Code/pin_mux.o
 .debug_abbrev  0x000028fb       0x8d ./Generated_Code/pdly1.o
 .debug_abbrev  0x00002988       0xb4 ./Generated_Code/lpuart1.o
 .debug_abbrev  0x00002a3c      0x10a ./Generated_Code/clockMan1.o
 .debug_abbrev  0x00002b46       0xb6 ./Generated_Code/adConv1.o

.debug_loc      0x00000000     0xc44b
 .debug_loc     0x00000000       0x2c ./Sources/main.o
 .debug_loc     0x0000002c      0x25a ./Sources/helper_functions.o
 .debug_loc     0x00000286      0x285 ./SDK/rtos/osif/osif_baremetal.o
 .debug_loc     0x0000050b      0x110 ./SDK/platform/drivers/src/pins/pins_port_hw_access.o
 .debug_loc     0x0000061b      0x359 ./SDK/platform/drivers/src/pins/pins_driver.o
 .debug_loc     0x00000974      0x482 ./SDK/platform/drivers/src/pdb/pdb_hw_access.o
 .debug_loc     0x00000df6      0x7eb ./SDK/platform/drivers/src/pdb/pdb_driver.o
 .debug_loc     0x000015e1      0x923 ./SDK/platform/drivers/src/lpuart/lpuart_hw_access.o
 .debug_loc     0x00001f04     0x1d4a ./SDK/platform/drivers/src/lpuart/lpuart_driver.o
 .debug_loc     0x00003c4e      0x300 ./SDK/platform/drivers/src/interrupt/interrupt_manager.o
 .debug_loc     0x00003f4e      0x6be ./SDK/platform/drivers/src/edma/edma_hw_access.o
 .debug_loc     0x0000460c     0x1c53 ./SDK/platform/drivers/src/edma/edma_driver.o
 .debug_loc     0x0000625f      0x1bb ./SDK/platform/drivers/src/clock/clock_manager.o
 .debug_loc     0x0000641a     0x4b64 ./SDK/platform/drivers/src/clock/S32K1xx/clock_S32K1xx.o
 .debug_loc     0x0000af7e     0x130a ./SDK/platform/drivers/src/adc/adc_driver.o
 .debug_loc     0x0000c288       0xae ./SDK/platform/devices/startup.o
 .debug_loc     0x0000c336      0x115 ./SDK/platform/devices/S32K144/startup/system_S32K144.o

.debug_aranges  0x00000000      0xa18
 .debug_aranges
                0x00000000       0x30 ./Sources/main.o
 .debug_aranges
                0x00000030       0x28 ./Sources/helper_functions.o
 .debug_aranges
                0x00000058       0x70 ./SDK/rtos/osif/osif_baremetal.o
 .debug_aranges
                0x000000c8       0x20 ./SDK/platform/drivers/src/pins/pins_port_hw_access.o
 .debug_aranges
                0x000000e8       0xb8 ./SDK/platform/drivers/src/pins/pins_driver.o
 .debug_aranges
                0x000001a0       0x60 ./SDK/platform/drivers/src/pdb/pdb_hw_access.o
 .debug_aranges
                0x00000200       0xa8 ./SDK/platform/drivers/src/pdb/pdb_driver.o
 .debug_aranges
                0x000002a8       0x30 ./SDK/platform/drivers/src/lpuart/lpuart_irq.o
 .debug_aranges
                0x000002d8       0x70 ./SDK/platform/drivers/src/lpuart/lpuart_hw_access.o
 .debug_aranges
                0x00000348       0xe8 ./SDK/platform/drivers/src/lpuart/lpuart_driver.o
 .debug_aranges
                0x00000430       0x70 ./SDK/platform/drivers/src/interrupt/interrupt_manager.o
 .debug_aranges
                0x000004a0       0xa0 ./SDK/platform/drivers/src/edma/edma_irq.o
 .debug_aranges
                0x00000540       0x88 ./SDK/platform/drivers/src/edma/edma_hw_access.o
 .debug_aranges
                0x000005c8      0x128 ./SDK/platform/drivers/src/edma/edma_driver.o
 .debug_aranges
                0x000006f0       0x38 ./SDK/platform/drivers/src/clock/clock_manager.o
 .debug_aranges
                0x00000728      0x128 ./SDK/platform/drivers/src/clock/S32K1xx/clock_S32K1xx.o
 .debug_aranges
                0x00000850       0xe0 ./SDK/platform/drivers/src/adc/adc_driver.o
 .debug_aranges
                0x00000930       0x20 ./SDK/platform/devices/startup.o
 .debug_aranges
                0x00000950       0x30 ./SDK/platform/devices/S32K144/startup/system_S32K144.o
 .debug_aranges
                0x00000980       0x20 ./Project_Settings/Startup_Code/startup_S32K144.o
 .debug_aranges
                0x000009a0       0x18 ./Generated_Code/pin_mux.o
 .debug_aranges
                0x000009b8       0x18 ./Generated_Code/pdly1.o
 .debug_aranges
                0x000009d0       0x18 ./Generated_Code/lpuart1.o
 .debug_aranges
                0x000009e8       0x18 ./Generated_Code/clockMan1.o
 .debug_aranges
                0x00000a00       0x18 ./Generated_Code/adConv1.o

.debug_ranges   0x00000000      0xac8
 .debug_ranges  0x00000000       0x20 ./Sources/main.o
 .debug_ranges  0x00000020       0x18 ./Sources/helper_functions.o
 .debug_ranges  0x00000038       0x98 ./SDK/rtos/osif/osif_baremetal.o
 .debug_ranges  0x000000d0       0x10 ./SDK/platform/drivers/src/pins/pins_port_hw_access.o
 .debug_ranges  0x000000e0       0xa8 ./SDK/platform/drivers/src/pins/pins_driver.o
 .debug_ranges  0x00000188       0x68 ./SDK/platform/drivers/src/pdb/pdb_hw_access.o
 .debug_ranges  0x000001f0       0x98 ./SDK/platform/drivers/src/pdb/pdb_driver.o
 .debug_ranges  0x00000288       0x20 ./SDK/platform/drivers/src/lpuart/lpuart_irq.o
 .debug_ranges  0x000002a8       0x60 ./SDK/platform/drivers/src/lpuart/lpuart_hw_access.o
 .debug_ranges  0x00000308      0x138 ./SDK/platform/drivers/src/lpuart/lpuart_driver.o
 .debug_ranges  0x00000440       0x78 ./SDK/platform/drivers/src/interrupt/interrupt_manager.o
 .debug_ranges  0x000004b8       0x90 ./SDK/platform/drivers/src/edma/edma_irq.o
 .debug_ranges  0x00000548       0x90 ./SDK/platform/drivers/src/edma/edma_hw_access.o
 .debug_ranges  0x000005d8      0x118 ./SDK/platform/drivers/src/edma/edma_driver.o
 .debug_ranges  0x000006f0       0x28 ./SDK/platform/drivers/src/clock/clock_manager.o
 .debug_ranges  0x00000718      0x270 ./SDK/platform/drivers/src/clock/S32K1xx/clock_S32K1xx.o
 .debug_ranges  0x00000988      0x110 ./SDK/platform/drivers/src/adc/adc_driver.o
 .debug_ranges  0x00000a98       0x10 ./SDK/platform/devices/startup.o
 .debug_ranges  0x00000aa8       0x20 ./SDK/platform/devices/S32K144/startup/system_S32K144.o

.debug_macro    0x00000000    0x2cc79
 .debug_macro   0x00000000      0xbdb ./Sources/main.o
 .debug_macro   0x00000bdb       0x10 ./Sources/main.o
 .debug_macro   0x00000beb       0x73 ./Sources/main.o
 .debug_macro   0x00000c5e       0x19 ./Sources/main.o
 .debug_macro   0x00000c77       0x22 ./Sources/main.o
 .debug_macro   0x00000c99       0x44 ./Sources/main.o
 .debug_macro   0x00000cdd       0xe3 ./Sources/main.o
 .debug_macro   0x00000dc0       0x22 ./Sources/main.o
 .debug_macro   0x00000de2      0x1df ./Sources/main.o
 .debug_macro   0x00000fc1     0xdf8d ./Sources/main.o
 .debug_macro   0x0000ef4e      0x978 ./Sources/main.o
 .debug_macro   0x0000f8c6       0x22 ./Sources/main.o
 .debug_macro   0x0000f8e8       0x10 ./Sources/main.o
 .debug_macro   0x0000f8f8      0x166 ./Sources/main.o
 .debug_macro   0x0000fa5e       0x16 ./Sources/main.o
 .debug_macro   0x0000fa74       0x10 ./Sources/main.o
 .debug_macro   0x0000fa84       0x22 ./Sources/main.o
 .debug_macro   0x0000faa6       0x16 ./Sources/main.o
 .debug_macro   0x0000fabc       0x16 ./Sources/main.o
 .debug_macro   0x0000fad2       0x10 ./Sources/main.o
 .debug_macro   0x0000fae2       0x10 ./Sources/main.o
 .debug_macro   0x0000faf2       0x58 ./Sources/main.o
 .debug_macro   0x0000fb4a       0x35 ./Sources/main.o
 .debug_macro   0x0000fb7f       0x9c ./Sources/main.o
 .debug_macro   0x0000fc1b       0x52 ./Sources/main.o
 .debug_macro   0x0000fc6d       0x16 ./Sources/main.o
 .debug_macro   0x0000fc83       0x43 ./Sources/main.o
 .debug_macro   0x0000fcc6      0x180 ./Sources/main.o
 .debug_macro   0x0000fe46      0x29d ./Sources/main.o
 .debug_macro   0x000100e3       0x10 ./Sources/main.o
 .debug_macro   0x000100f3       0x35 ./Sources/main.o
 .debug_macro   0x00010128      0xa97 ./Sources/helper_functions.o
 .debug_macro   0x00010bbf     0xdfa2 ./Sources/helper_functions.o
 .debug_macro   0x0001eb61      0xa34 ./SDK/rtos/osif/osif_baremetal.o
 .debug_macro   0x0001f595      0xa17 ./SDK/platform/drivers/src/pins/pins_port_hw_access.o
 .debug_macro   0x0001ffac      0xa21 ./SDK/platform/drivers/src/pins/pins_driver.o
 .debug_macro   0x000209cd      0xa1d ./SDK/platform/drivers/src/pdb/pdb_hw_access.o
 .debug_macro   0x000213ea       0x10 ./SDK/platform/drivers/src/pdb/pdb_hw_access.o
 .debug_macro   0x000213fa      0xa27 ./SDK/platform/drivers/src/pdb/pdb_driver.o
 .debug_macro   0x00021e21      0xa04 ./SDK/platform/drivers/src/lpuart/lpuart_irq.o
 .debug_macro   0x00022825      0xa4c ./SDK/platform/drivers/src/lpuart/lpuart_hw_access.o
 .debug_macro   0x00023271       0x34 ./SDK/platform/drivers/src/lpuart/lpuart_hw_access.o
 .debug_macro   0x000232a5      0xa6a ./SDK/platform/drivers/src/lpuart/lpuart_driver.o
 .debug_macro   0x00023d0f      0x9fa ./SDK/platform/drivers/src/interrupt/interrupt_manager.o
 .debug_macro   0x00024709      0xa13 ./SDK/platform/drivers/src/edma/edma_irq.o
 .debug_macro   0x0002511c      0xa0f ./SDK/platform/drivers/src/edma/edma_hw_access.o
 .debug_macro   0x00025b2b      0xa30 ./SDK/platform/drivers/src/edma/edma_driver.o
 .debug_macro   0x0002655b      0xa20 ./SDK/platform/drivers/src/clock/clock_manager.o
 .debug_macro   0x00026f7b      0xa98 ./SDK/platform/drivers/src/clock/S32K1xx/clock_S32K1xx.o
 .debug_macro   0x00027a13      0xa00 ./SDK/platform/drivers/src/adc/adc_driver.o
 .debug_macro   0x00028413      0x9fa ./SDK/platform/devices/startup.o
 .debug_macro   0x00028e0d      0x9f9 ./SDK/platform/devices/S32K144/startup/system_S32K144.o
 .debug_macro   0x00029806      0xa20 ./Generated_Code/pin_mux.o
 .debug_macro   0x0002a226      0xa93 ./Generated_Code/pdly1.o
 .debug_macro   0x0002acb9      0xaa8 ./Generated_Code/lpuart1.o
 .debug_macro   0x0002b761      0xa85 ./Generated_Code/clockMan1.o
 .debug_macro   0x0002c1e6      0xa93 ./Generated_Code/adConv1.o

.debug_line     0x00000000     0x93e1
 .debug_line    0x00000000      0x703 ./Sources/main.o
 .debug_line    0x00000703      0x624 ./Sources/helper_functions.o
 .debug_line    0x00000d27      0x598 ./SDK/rtos/osif/osif_baremetal.o
 .debug_line    0x000012bf      0x435 ./SDK/platform/drivers/src/pins/pins_port_hw_access.o
 .debug_line    0x000016f4      0x60d ./SDK/platform/drivers/src/pins/pins_driver.o
 .debug_line    0x00001d01      0x576 ./SDK/platform/drivers/src/pdb/pdb_hw_access.o
 .debug_line    0x00002277      0x626 ./SDK/platform/drivers/src/pdb/pdb_driver.o
 .debug_line    0x0000289d      0x415 ./SDK/platform/drivers/src/lpuart/lpuart_irq.o
 .debug_line    0x00002cb2      0x5e8 ./SDK/platform/drivers/src/lpuart/lpuart_hw_access.o
 .debug_line    0x0000329a      0x90a ./SDK/platform/drivers/src/lpuart/lpuart_driver.o
 .debug_line    0x00003ba4      0x4e1 ./SDK/platform/drivers/src/interrupt/interrupt_manager.o
 .debug_line    0x00004085      0x526 ./SDK/platform/drivers/src/edma/edma_irq.o
 .debug_line    0x000045ab      0x565 ./SDK/platform/drivers/src/edma/edma_hw_access.o
 .debug_line    0x00004b10      0x9d9 ./SDK/platform/drivers/src/edma/edma_driver.o
 .debug_line    0x000054e9      0x51c ./SDK/platform/drivers/src/clock/clock_manager.o
 .debug_line    0x00005a05     0x1104 ./SDK/platform/drivers/src/clock/S32K1xx/clock_S32K1xx.o
 .debug_line    0x00006b09      0x7e5 ./SDK/platform/drivers/src/adc/adc_driver.o
 .debug_line    0x000072ee      0x360 ./SDK/platform/devices/startup.o
 .debug_line    0x0000764e      0x3e3 ./SDK/platform/devices/S32K144/startup/system_S32K144.o
 .debug_line    0x00007a31       0xbc ./Project_Settings/Startup_Code/startup_S32K144.o
 .debug_line    0x00007aed      0x3b2 ./Generated_Code/pin_mux.o
 .debug_line    0x00007e9f      0x541 ./Generated_Code/pdly1.o
 .debug_line    0x000083e0      0x573 ./Generated_Code/lpuart1.o
 .debug_line    0x00008953      0x549 ./Generated_Code/clockMan1.o
 .debug_line    0x00008e9c      0x545 ./Generated_Code/adConv1.o

.debug_str      0x00000000    0x6c81b
 .debug_str     0x00000000    0x669fd ./Sources/main.o
                              0x66e9d (size before relaxing)
 .debug_str     0x000669fd       0xbd ./Sources/helper_functions.o
                              0x62748 (size before relaxing)
 .debug_str     0x00066aba      0x25a ./SDK/rtos/osif/osif_baremetal.o
                              0x62390 (size before relaxing)
 .debug_str     0x00066d14       0xa1 ./SDK/platform/drivers/src/pins/pins_port_hw_access.o
                              0x620d3 (size before relaxing)
 .debug_str     0x00066db5      0x443 ./SDK/platform/drivers/src/pins/pins_driver.o
                              0x624b4 (size before relaxing)
 .debug_str     0x000671f8      0x1fa ./SDK/platform/drivers/src/pdb/pdb_hw_access.o
                              0x61cb6 (size before relaxing)
 .debug_str     0x000673f2      0x32e ./SDK/platform/drivers/src/pdb/pdb_driver.o
                              0x63046 (size before relaxing)
 .debug_str     0x00067720       0xc9 ./SDK/platform/drivers/src/lpuart/lpuart_irq.o
                              0x614bd (size before relaxing)
 .debug_str     0x000677e9      0x5cb ./SDK/platform/drivers/src/lpuart/lpuart_hw_access.o
                              0x6246a (size before relaxing)
 .debug_str     0x00067db4      0x746 ./SDK/platform/drivers/src/lpuart/lpuart_driver.o
                              0x63820 (size before relaxing)
 .debug_str     0x000684fa      0x226 ./SDK/platform/drivers/src/interrupt/interrupt_manager.o
                              0x61c86 (size before relaxing)
 .debug_str     0x00068720      0x1b4 ./SDK/platform/drivers/src/edma/edma_irq.o
                              0x61908 (size before relaxing)
 .debug_str     0x000688d4      0x4e8 ./SDK/platform/drivers/src/edma/edma_hw_access.o
                              0x61d70 (size before relaxing)
 .debug_str     0x00068dbc     0x1151 ./SDK/platform/drivers/src/edma/edma_driver.o
                              0x640b6 (size before relaxing)
 .debug_str     0x00069f0d      0x1b6 ./SDK/platform/drivers/src/clock/clock_manager.o
                              0x6334a (size before relaxing)
 .debug_str     0x0006a0c3     0x1a66 ./SDK/platform/drivers/src/clock/S32K1xx/clock_S32K1xx.o
                              0x64b6e (size before relaxing)
 .debug_str     0x0006bb29      0xa1c ./SDK/platform/drivers/src/adc/adc_driver.o
                              0x62ceb (size before relaxing)
 .debug_str     0x0006c545      0x138 ./SDK/platform/devices/startup.o
                              0x615d5 (size before relaxing)
 .debug_str     0x0006c67d       0xe5 ./SDK/platform/devices/S32K144/startup/system_S32K144.o
                              0x616ae (size before relaxing)
 .debug_str     0x0006c762       0x1c ./Generated_Code/pin_mux.o
                              0x61b03 (size before relaxing)
 .debug_str     0x0006c77e       0x1a ./Generated_Code/pdly1.o
                              0x620dd (size before relaxing)
 .debug_str     0x0006c798       0x1c ./Generated_Code/lpuart1.o
                              0x62699 (size before relaxing)
 .debug_str     0x0006c7b4       0x4b ./Generated_Code/clockMan1.o
                              0x633e3 (size before relaxing)
 .debug_str     0x0006c7ff       0x1c ./Generated_Code/adConv1.o
                              0x621c0 (size before relaxing)

.comment        0x00000000       0x70
 .comment       0x00000000       0x70 ./Sources/main.o
                                 0x71 (size before relaxing)
 .comment       0x00000000       0x71 ./Sources/helper_functions.o
 .comment       0x00000000       0x71 ./SDK/rtos/osif/osif_baremetal.o
 .comment       0x00000000       0x71 ./SDK/platform/drivers/src/pins/pins_port_hw_access.o
 .comment       0x00000000       0x71 ./SDK/platform/drivers/src/pins/pins_driver.o
 .comment       0x00000000       0x71 ./SDK/platform/drivers/src/pdb/pdb_hw_access.o
 .comment       0x00000000       0x71 ./SDK/platform/drivers/src/pdb/pdb_driver.o
 .comment       0x00000000       0x71 ./SDK/platform/drivers/src/lpuart/lpuart_irq.o
 .comment       0x00000000       0x71 ./SDK/platform/drivers/src/lpuart/lpuart_hw_access.o
 .comment       0x00000000       0x71 ./SDK/platform/drivers/src/lpuart/lpuart_driver.o
 .comment       0x00000000       0x71 ./SDK/platform/drivers/src/interrupt/interrupt_manager.o
 .comment       0x00000000       0x71 ./SDK/platform/drivers/src/edma/edma_irq.o
 .comment       0x00000000       0x71 ./SDK/platform/drivers/src/edma/edma_hw_access.o
 .comment       0x00000000       0x71 ./SDK/platform/drivers/src/edma/edma_driver.o
 .comment       0x00000000       0x71 ./SDK/platform/drivers/src/clock/clock_manager.o
 .comment       0x00000000       0x71 ./SDK/platform/drivers/src/clock/S32K1xx/clock_S32K1xx.o
 .comment       0x00000000       0x71 ./SDK/platform/drivers/src/adc/adc_driver.o
 .comment       0x00000000       0x71 ./SDK/platform/devices/startup.o
 .comment       0x00000000       0x71 ./SDK/platform/devices/S32K144/startup/system_S32K144.o
 .comment       0x00000000       0x71 ./Generated_Code/pin_mux.o
 .comment       0x00000000       0x71 ./Generated_Code/pdly1.o
 .comment       0x00000000       0x71 ./Generated_Code/lpuart1.o
 .comment       0x00000000       0x71 ./Generated_Code/clockMan1.o
 .comment       0x00000000       0x71 ./Generated_Code/adConv1.o

.debug_frame    0x00000000     0x17f4
 .debug_frame   0x00000000       0x70 ./Sources/main.o
 .debug_frame   0x00000070       0x60 ./Sources/helper_functions.o
 .debug_frame   0x000000d0       0xf4 ./SDK/rtos/osif/osif_baremetal.o
 .debug_frame   0x000001c4       0x30 ./SDK/platform/drivers/src/pins/pins_port_hw_access.o
 .debug_frame   0x000001f4      0x178 ./SDK/platform/drivers/src/pins/pins_driver.o
 .debug_frame   0x0000036c       0xf0 ./SDK/platform/drivers/src/pdb/pdb_hw_access.o
 .debug_frame   0x0000045c      0x17c ./SDK/platform/drivers/src/pdb/pdb_driver.o
 .debug_frame   0x000005d8       0x58 ./SDK/platform/drivers/src/lpuart/lpuart_irq.o
 .debug_frame   0x00000630       0xcc ./SDK/platform/drivers/src/lpuart/lpuart_hw_access.o
 .debug_frame   0x000006fc      0x308 ./SDK/platform/drivers/src/lpuart/lpuart_driver.o
 .debug_frame   0x00000a04       0xe8 ./SDK/platform/drivers/src/interrupt/interrupt_manager.o
 .debug_frame   0x00000aec      0x1a8 ./SDK/platform/drivers/src/edma/edma_irq.o
 .debug_frame   0x00000c94      0x134 ./SDK/platform/drivers/src/edma/edma_hw_access.o
 .debug_frame   0x00000dc8      0x34c ./SDK/platform/drivers/src/edma/edma_driver.o
 .debug_frame   0x00001114       0x74 ./SDK/platform/drivers/src/clock/clock_manager.o
 .debug_frame   0x00001188      0x3a0 ./SDK/platform/drivers/src/clock/S32K1xx/clock_S32K1xx.o
 .debug_frame   0x00001528      0x220 ./SDK/platform/drivers/src/adc/adc_driver.o
 .debug_frame   0x00001748       0x2c ./SDK/platform/devices/startup.o
 .debug_frame   0x00001774       0x40 ./SDK/platform/devices/S32K144/startup/system_S32K144.o
 .debug_frame   0x000017b4       0x20 C:/NXP/S32DS_ARM_v2.0/Cross_Tools/gcc-arm-none-eabi-4_9/arm-none-eabi/newlib/lib/armv7e-m/fpu\libc_nano.a(lib_a-memset.o)
 .debug_frame   0x000017d4       0x20 C:/NXP/S32DS_ARM_v2.0/Cross_Tools/gcc-arm-none-eabi-4_9/arm-none-eabi/newlib/lib/armv7e-m/fpu\libc_nano.a(lib_a-strlen.o)
