Archive member included because of file (symbol)

C:/NXP/S32DS_ARM_v2.0/Cross_Tools/gcc-arm-none-eabi-4_9/arm-none-eabi/newlib/lib/armv7e-m/fpu\libc_nano.a(lib_a-exit.o)
                              C:/NXP/S32DS_ARM_v2.0/Cross_Tools/gcc-arm-none-eabi-4_9/arm-none-eabi/newlib/lib/armv7e-m/fpu/crt0.o (exit)
C:/NXP/S32DS_ARM_v2.0/Cross_Tools/gcc-arm-none-eabi-4_9/arm-none-eabi/newlib/lib/armv7e-m/fpu\libc_nano.a(lib_a-impure.o)
                              C:/NXP/S32DS_ARM_v2.0/Cross_Tools/gcc-arm-none-eabi-4_9/arm-none-eabi/newlib/lib/armv7e-m/fpu\libc_nano.a(lib_a-exit.o) (_global_impure_ptr)
C:/NXP/S32DS_ARM_v2.0/Cross_Tools/gcc-arm-none-eabi-4_9/arm-none-eabi/newlib/lib/armv7e-m/fpu\libc_nano.a(lib_a-init.o)
                              C:/NXP/S32DS_ARM_v2.0/Cross_Tools/gcc-arm-none-eabi-4_9/arm-none-eabi/newlib/lib/armv7e-m/fpu/crt0.o (__libc_init_array)
C:/NXP/S32DS_ARM_v2.0/Cross_Tools/gcc-arm-none-eabi-4_9/arm-none-eabi/newlib/lib/armv7e-m/fpu\libc_nano.a(lib_a-memset.o)
                              C:/NXP/S32DS_ARM_v2.0/Cross_Tools/gcc-arm-none-eabi-4_9/arm-none-eabi/newlib/lib/armv7e-m/fpu/crt0.o (memset)
c:/nxp/s32ds_arm_v2.0/cross_tools/gcc-arm-none-eabi-4_9/bin/../lib/gcc/arm-none-eabi/4.9.3/armv7e-m/fpu\libgcc.a(_aeabi_uldivmod.o)
                              ./Sources/main.o (__aeabi_uldivmod)
c:/nxp/s32ds_arm_v2.0/cross_tools/gcc-arm-none-eabi-4_9/bin/../lib/gcc/arm-none-eabi/4.9.3/armv7e-m/fpu\libgcc.a(bpabi.o)
                              c:/nxp/s32ds_arm_v2.0/cross_tools/gcc-arm-none-eabi-4_9/bin/../lib/gcc/arm-none-eabi/4.9.3/armv7e-m/fpu\libgcc.a(_aeabi_uldivmod.o) (__gnu_uldivmod_helper)
c:/nxp/s32ds_arm_v2.0/cross_tools/gcc-arm-none-eabi-4_9/bin/../lib/gcc/arm-none-eabi/4.9.3/armv7e-m/fpu\libgcc.a(_dvmd_tls.o)
                              c:/nxp/s32ds_arm_v2.0/cross_tools/gcc-arm-none-eabi-4_9/bin/../lib/gcc/arm-none-eabi/4.9.3/armv7e-m/fpu\libgcc.a(_aeabi_uldivmod.o) (__aeabi_ldiv0)
c:/nxp/s32ds_arm_v2.0/cross_tools/gcc-arm-none-eabi-4_9/bin/../lib/gcc/arm-none-eabi/4.9.3/armv7e-m/fpu\libgcc.a(_divdi3.o)
                              c:/nxp/s32ds_arm_v2.0/cross_tools/gcc-arm-none-eabi-4_9/bin/../lib/gcc/arm-none-eabi/4.9.3/armv7e-m/fpu\libgcc.a(bpabi.o) (__divdi3)
c:/nxp/s32ds_arm_v2.0/cross_tools/gcc-arm-none-eabi-4_9/bin/../lib/gcc/arm-none-eabi/4.9.3/armv7e-m/fpu\libgcc.a(_udivdi3.o)
                              c:/nxp/s32ds_arm_v2.0/cross_tools/gcc-arm-none-eabi-4_9/bin/../lib/gcc/arm-none-eabi/4.9.3/armv7e-m/fpu\libgcc.a(bpabi.o) (__udivdi3)
C:/NXP/S32DS_ARM_v2.0/Cross_Tools/gcc-arm-none-eabi-4_9/arm-none-eabi/newlib/lib/armv7e-m/fpu\librdimon_nano.a(rdimon-_exit.o)
                              C:/NXP/S32DS_ARM_v2.0/Cross_Tools/gcc-arm-none-eabi-4_9/arm-none-eabi/newlib/lib/armv7e-m/fpu\libc_nano.a(lib_a-exit.o) (_exit)
C:/NXP/S32DS_ARM_v2.0/Cross_Tools/gcc-arm-none-eabi-4_9/arm-none-eabi/newlib/lib/armv7e-m/fpu\librdimon_nano.a(rdimon-_kill.o)
                              C:/NXP/S32DS_ARM_v2.0/Cross_Tools/gcc-arm-none-eabi-4_9/arm-none-eabi/newlib/lib/armv7e-m/fpu\librdimon_nano.a(rdimon-_exit.o) (_kill)

Allocating common symbols
Common symbol       size              file

g_xtal0ClkFreq      0x4               ./SDK/platform/drivers/src/clock/S32K1xx/clock_S32K1xx.o
buffer              0x2               ./Sources/main.o
g_RtcClkInFreq      0x4               ./SDK/platform/drivers/src/clock/S32K1xx/clock_S32K1xx.o
pressure_hdi_i2c    0x2               ./Sources/main.o
g_TClkFreq          0xc               ./SDK/platform/drivers/src/clock/S32K1xx/clock_S32K1xx.o
dmaController1_State
                    0x40              ./Generated_Code/dmaController1.o
dmaController1Chn0_State
                    0x10              ./Generated_Code/dmaController1.o

Discarded input sections

 .text          0x00000000        0x0 c:/nxp/s32ds_arm_v2.0/cross_tools/gcc-arm-none-eabi-4_9/bin/../lib/gcc/arm-none-eabi/4.9.3/armv7e-m/fpu/crti.o
 .data          0x00000000        0x0 c:/nxp/s32ds_arm_v2.0/cross_tools/gcc-arm-none-eabi-4_9/bin/../lib/gcc/arm-none-eabi/4.9.3/armv7e-m/fpu/crti.o
 .bss           0x00000000        0x0 c:/nxp/s32ds_arm_v2.0/cross_tools/gcc-arm-none-eabi-4_9/bin/../lib/gcc/arm-none-eabi/4.9.3/armv7e-m/fpu/crti.o
 .data          0x00000000        0x4 c:/nxp/s32ds_arm_v2.0/cross_tools/gcc-arm-none-eabi-4_9/bin/../lib/gcc/arm-none-eabi/4.9.3/armv7e-m/fpu/crtbegin.o
 .text          0x00000000       0x74 C:/NXP/S32DS_ARM_v2.0/Cross_Tools/gcc-arm-none-eabi-4_9/arm-none-eabi/newlib/lib/armv7e-m/fpu/crt0.o
 .data          0x00000000        0x0 C:/NXP/S32DS_ARM_v2.0/Cross_Tools/gcc-arm-none-eabi-4_9/arm-none-eabi/newlib/lib/armv7e-m/fpu/crt0.o
 .bss           0x00000000        0x0 C:/NXP/S32DS_ARM_v2.0/Cross_Tools/gcc-arm-none-eabi-4_9/arm-none-eabi/newlib/lib/armv7e-m/fpu/crt0.o
 .ARM.extab     0x00000000        0x0 C:/NXP/S32DS_ARM_v2.0/Cross_Tools/gcc-arm-none-eabi-4_9/arm-none-eabi/newlib/lib/armv7e-m/fpu/crt0.o
[...]
Memory Configuration

Name             Origin             Length             Attributes
m_interrupts     0x00000000         0x00000400         xr
m_flash_config   0x00000400         0x00000010         xr
m_text           0x00000410         0x0007fbf0         xr
m_data           0x1fff8000         0x00008000         rw
m_data_2         0x20000000         0x00007000         rw
*default*        0x00000000         0xffffffff

Linker script and memory map

LOAD c:/nxp/s32ds_arm_v2.0/cross_tools/gcc-arm-none-eabi-4_9/bin/../lib/gcc/arm-none-eabi/4.9.3/armv7e-m/fpu/crti.o
LOAD c:/nxp/s32ds_arm_v2.0/cross_tools/gcc-arm-none-eabi-4_9/bin/../lib/gcc/arm-none-eabi/4.9.3/armv7e-m/fpu/crtbegin.o
LOAD C:/NXP/S32DS_ARM_v2.0/Cross_Tools/gcc-arm-none-eabi-4_9/arm-none-eabi/newlib/lib/armv7e-m/fpu/crt0.o
LOAD ./Sources/main.o
LOAD ./SDK/rtos/osif/osif_baremetal.o
LOAD ./SDK/platform/drivers/src/pins/pins_port_hw_access.o
LOAD ./SDK/platform/drivers/src/pins/pins_driver.o
LOAD ./SDK/platform/drivers/src/lpi2c/lpi2c_irq.o
LOAD ./SDK/platform/drivers/src/lpi2c/lpi2c_hw_access.o
LOAD ./SDK/platform/drivers/src/lpi2c/lpi2c_driver.o
LOAD ./SDK/platform/drivers/src/interrupt/interrupt_manager.o
LOAD ./SDK/platform/drivers/src/edma/edma_irq.o
LOAD ./SDK/platform/drivers/src/edma/edma_hw_access.o
LOAD ./SDK/platform/drivers/src/edma/edma_driver.o
LOAD ./SDK/platform/drivers/src/clock/clock_manager.o
LOAD ./SDK/platform/drivers/src/clock/S32K1xx/clock_S32K1xx.o
LOAD ./SDK/platform/devices/startup.o
LOAD ./SDK/platform/devices/S32K144/startup/system_S32K144.o
LOAD ./Project_Settings/Startup_Code/startup_S32K144.o
LOAD ./Generated_Code/pin_mux.o
LOAD ./Generated_Code/osif1.o
LOAD ./Generated_Code/lpi2c1.o
LOAD ./Generated_Code/dmaController1.o
LOAD ./Generated_Code/clockMan1.o
LOAD ./Generated_Code/Cpu.o
LOAD C:/NXP/S32DS_ARM_v2.0/Cross_Tools/gcc-arm-none-eabi-4_9/arm-none-eabi/newlib/lib/armv7e-m/fpu\libc_nano.a
LOAD c:/nxp/s32ds_arm_v2.0/cross_tools/gcc-arm-none-eabi-4_9/bin/../lib/gcc/arm-none-eabi/4.9.3/armv7e-m/fpu\libgcc.a
LOAD C:/NXP/S32DS_ARM_v2.0/Cross_Tools/gcc-arm-none-eabi-4_9/arm-none-eabi/newlib/lib/armv7e-m/fpu\libm.a
LOAD C:/NXP/S32DS_ARM_v2.0/Cross_Tools/gcc-arm-none-eabi-4_9/arm-none-eabi/newlib/lib/armv7e-m/fpu\librdimon_nano.a
START GROUP
LOAD c:/nxp/s32ds_arm_v2.0/cross_tools/gcc-arm-none-eabi-4_9/bin/../lib/gcc/arm-none-eabi/4.9.3/armv7e-m/fpu\libgcc.a
LOAD C:/NXP/S32DS_ARM_v2.0/Cross_Tools/gcc-arm-none-eabi-4_9/arm-none-eabi/newlib/lib/armv7e-m/fpu\libc_nano.a
END GROUP
START GROUP
LOAD c:/nxp/s32ds_arm_v2.0/cross_tools/gcc-arm-none-eabi-4_9/bin/../lib/gcc/arm-none-eabi/4.9.3/armv7e-m/fpu\libgcc.a
LOAD C:/NXP/S32DS_ARM_v2.0/Cross_Tools/gcc-arm-none-eabi-4_9/arm-none-eabi/newlib/lib/armv7e-m/fpu\libc_nano.a
LOAD C:/NXP/S32DS_ARM_v2.0/Cross_Tools/gcc-arm-none-eabi-4_9/arm-none-eabi/newlib/lib/armv7e-m/fpu\libnosys.a
END GROUP
START GROUP
LOAD c:/nxp/s32ds_arm_v2.0/cross_tools/gcc-arm-none-eabi-4_9/bin/../lib/gcc/arm-none-eabi/4.9.3/armv7e-m/fpu\libgcc.a
LOAD C:/NXP/S32DS_ARM_v2.0/Cross_Tools/gcc-arm-none-eabi-4_9/arm-none-eabi/newlib/lib/armv7e-m/fpu\libc_nano.a
LOAD C:/NXP/S32DS_ARM_v2.0/Cross_Tools/gcc-arm-none-eabi-4_9/arm-none-eabi/newlib/lib/armv7e-m/fpu\libnosys.a
END GROUP
LOAD c:/nxp/s32ds_arm_v2.0/cross_tools/gcc-arm-none-eabi-4_9/bin/../lib/gcc/arm-none-eabi/4.9.3/armv7e-m/fpu/crtend.o
LOAD c:/nxp/s32ds_arm_v2.0/cross_tools/gcc-arm-none-eabi-4_9/bin/../lib/gcc/arm-none-eabi/4.9.3/armv7e-m/fpu/crtn.o
                0x00000400                HEAP_SIZE = DEFINED (__heap_size__)?__heap_size__:0x400
                0x00000400                STACK_SIZE = DEFINED (__stack_size__)?__stack_size__:0x400
                0x00000400                M_VECTOR_RAM_SIZE = DEFINED (__flash_vector_table__)?0x0:0x400

.interrupts     0x00000000      0x400
                0x00000000                __VECTOR_TABLE = .
                0x00000000                . = ALIGN (0x4)
 *(.isr_vector)
 .isr_vector    0x00000000      0x400 ./Project_Settings/Startup_Code/startup_S32K144.o
                0x00000000                __isr_vector
                0x00000400                . = ALIGN (0x4)

.flash_config   0x00000400       0x10
                0x00000400                . = ALIGN (0x4)
 *(.FlashConfig)
 .FlashConfig   0x00000400       0x10 ./Project_Settings/Startup_Code/startup_S32K144.o
                0x00000410                . = ALIGN (0x4)

.text           0x00000410     0x2d88
                0x00000410                . = ALIGN (0x4)
 *(.text)
 .text          0x00000410       0x5c c:/nxp/s32ds_arm_v2.0/cross_tools/gcc-arm-none-eabi-4_9/bin/../lib/gcc/arm-none-eabi/4.9.3/armv7e-m/fpu/crtbegin.o
 .text          0x0000046c       0x44 ./Project_Settings/Startup_Code/startup_S32K144.o
                0x0000046c                Reset_Handler
                0x000004ac                DebugMon_Handler
                0x000004ac                Reserved88_IRQHandler
                0x000004ac                CAN0_ORed_IRQHandler
                0x000004ac                HardFault_Handler
                0x000004ac                Reserved86_IRQHandler
                0x000004ac                Reserved103_IRQHandler
                0x000004ac                FTM2_Ovf_Reload_IRQHandler
                0x000004ac                Reserved50_IRQHandler
                0x000004ac                FTFC_Fault_IRQHandler
                0x000004ac                FTM0_Ch6_Ch7_IRQHandler
                0x000004ac                Reserved114_IRQHandler
                0x000004ac                PendSV_Handler
                0x000004ac                NMI_Handler
                0x000004ac                Reserved89_IRQHandler
                0x000004ac                ERM_double_fault_IRQHandler
                0x000004ac                Reserved59_IRQHandler
                0x000004ac                LPIT0_Ch0_IRQHandler
                0x000004ac                Reserved99_IRQHandler
                0x000004ac                FTM3_Ch6_Ch7_IRQHandler
                0x000004ac                CAN2_ORed_0_15_MB_IRQHandler
                0x000004ac                LPIT0_Ch3_IRQHandler
                0x000004ac                Reserved92_IRQHandler
                0x000004ac                FTM0_Ch4_Ch5_IRQHandler
                0x000004ac                CAN1_Error_IRQHandler
                0x000004ac                FTM3_Ch0_Ch1_IRQHandler
                0x000004ac                SWI_IRQHandler
                0x000004ac                ADC0_IRQHandler
                0x000004ac                FTM2_Ch4_Ch5_IRQHandler
                0x000004ac                UsageFault_Handler
                0x000004ac                FTM0_Ovf_Reload_IRQHandler
                0x000004ac                DefaultISR
                0x000004ac                Reserved58_IRQHandler
                0x000004ac                CAN1_ORed_0_15_MB_IRQHandler
                0x000004ac                FTM1_Ch2_Ch3_IRQHandler
                0x000004ac                Reserved82_IRQHandler
                0x000004ac                CAN0_ORed_16_31_MB_IRQHandler
                0x000004ac                Reserved71_IRQHandler
                0x000004ac                PORTD_IRQHandler
                0x000004ac                Reserved69_IRQHandler
                0x000004ac                PORTB_IRQHandler
                0x000004ac                Reserved70_IRQHandler
                0x000004ac                ADC1_IRQHandler
                0x000004ac                FTM2_Ch2_Ch3_IRQHandler
                0x000004ac                Reserved53_IRQHandler
                0x000004ac                RTC_IRQHandler
                0x000004ac                PDB0_IRQHandler
                0x000004ac                Reserved54_IRQHandler
                0x000004ac                FTM2_Ch6_Ch7_IRQHandler
                0x000004ac                FTM3_Ch2_Ch3_IRQHandler
                0x000004ac                FTM2_Ch0_Ch1_IRQHandler
                0x000004ac                LPSPI1_IRQHandler
                0x000004ac                LPUART1_RxTx_IRQHandler
                0x000004ac                RTC_Seconds_IRQHandler
                0x000004ac                CAN2_ORed_IRQHandler
                0x000004ac                Reserved72_IRQHandler
                0x000004ac                Reserved110_IRQHandler
                0x000004ac                Reserved107_IRQHandler
                0x000004ac                Read_Collision_IRQHandler
                0x000004ac                CAN2_Error_IRQHandler
                0x000004ac                FTFC_IRQHandler
                0x000004ac                FTM1_Ch6_Ch7_IRQHandler
                0x000004ac                Reserved105_IRQHandler
                0x000004ac                LPIT0_Ch1_IRQHandler
                0x000004ac                FTM1_Ch4_Ch5_IRQHandler
                0x000004ac                FTM3_Ovf_Reload_IRQHandler
                0x000004ac                LPUART2_RxTx_IRQHandler
                0x000004ac                LPSPI0_IRQHandler
                0x000004ac                WDOG_EWM_IRQHandler
                0x000004ac                MemManage_Handler
                0x000004ac                Reserved90_IRQHandler
                0x000004ac                Reserved83_IRQHandler
                0x000004ac                FTM0_Fault_IRQHandler
                0x000004ac                Reserved48_IRQHandler
                0x000004ac                SVC_Handler
                0x000004ac                ERM_single_fault_IRQHandler
                0x000004ac                FTM2_Fault_IRQHandler
                0x000004ac                FTM0_Ch2_Ch3_IRQHandler
                0x000004ac                FTM0_Ch0_Ch1_IRQHandler
                0x000004ac                FTM3_Fault_IRQHandler
                0x000004ac                RCM_IRQHandler
                0x000004ac                Reserved100_IRQHandler
                0x000004ac                Reserved91_IRQHandler
                0x000004ac                CAN1_ORed_IRQHandler
                0x000004ac                SCG_IRQHandler
                0x000004ac                PDB1_IRQHandler
                0x000004ac                Reserved81_IRQHandler
                0x000004ac                Reserved46_IRQHandler
                0x000004ac                Reserved45_IRQHandler
                0x000004ac                CAN0_Error_IRQHandler
                0x000004ac                Reserved112_IRQHandler
                0x000004ac                FTM1_Fault_IRQHandler
                0x000004ac                Reserved106_IRQHandler
                0x000004ac                LVD_LVW_IRQHandler
                0x000004ac                LPIT0_Ch2_IRQHandler
                0x000004ac                PORTA_IRQHandler
                0x000004ac                MCM_IRQHandler
                0x000004ac                LPSPI2_IRQHandler
                0x000004ac                FTM3_Ch4_Ch5_IRQHandler
                0x000004ac                CAN0_ORed_0_15_MB_IRQHandler
                0x000004ac                PORTE_IRQHandler
                0x000004ac                LPUART0_RxTx_IRQHandler
                0x000004ac                LPTMR0_IRQHandler
                0x000004ac                BusFault_Handler
                0x000004ac                Reserved87_IRQHandler
                0x000004ac                FTM1_Ovf_Reload_IRQHandler
                0x000004ac                Reserved93_IRQHandler
                0x000004ac                CAN0_Wake_Up_IRQHandler
                0x000004ac                CMP0_IRQHandler
                0x000004ac                Reserved52_IRQHandler
                0x000004ac                PORTC_IRQHandler
                0x000004ac                FTM1_Ch0_Ch1_IRQHandler
                0x000004ac                FLEXIO_IRQHandler
                0x000004ac                Reserved113_IRQHandler
 .text          0x000004b0       0x30 c:/nxp/s32ds_arm_v2.0/cross_tools/gcc-arm-none-eabi-4_9/bin/../lib/gcc/arm-none-eabi/4.9.3/armv7e-m/fpu\libgcc.a(_aeabi_uldivmod.o)
                0x000004b0                __aeabi_uldivmod
 .text          0x000004e0       0x60 c:/nxp/s32ds_arm_v2.0/cross_tools/gcc-arm-none-eabi-4_9/bin/../lib/gcc/arm-none-eabi/4.9.3/armv7e-m/fpu\libgcc.a(bpabi.o)
                0x000004e0                __gnu_ldivmod_helper
                0x00000510                __gnu_uldivmod_helper
 .text          0x00000540        0x4 c:/nxp/s32ds_arm_v2.0/cross_tools/gcc-arm-none-eabi-4_9/bin/../lib/gcc/arm-none-eabi/4.9.3/armv7e-m/fpu\libgcc.a(_dvmd_tls.o)
                0x00000540                __aeabi_idiv0
                0x00000540                __aeabi_ldiv0
 .text          0x00000544      0x29c c:/nxp/s32ds_arm_v2.0/cross_tools/gcc-arm-none-eabi-4_9/bin/../lib/gcc/arm-none-eabi/4.9.3/armv7e-m/fpu\libgcc.a(_divdi3.o)
                0x00000544                __divdi3
 .text          0x000007e0      0x26c c:/nxp/s32ds_arm_v2.0/cross_tools/gcc-arm-none-eabi-4_9/bin/../lib/gcc/arm-none-eabi/4.9.3/armv7e-m/fpu\libgcc.a(_udivdi3.o)
                0x000007e0                __udivdi3
 *(.text*)
 .text.delay    0x00000a4c       0x14 ./Sources/main.o
                0x00000a4c                delay
 .text.main     0x00000a60       0xac ./Sources/main.o
                0x00000a60                main
 .text.SysTick_Handler
                0x00000b0c       0x10 ./SDK/rtos/osif/osif_baremetal.o
                0x00000b0c                SysTick_Handler
 .text.OSIF_SemaWait
                0x00000b1c       0x6c ./SDK/rtos/osif/osif_baremetal.o
                0x00000b1c                OSIF_SemaWait
 .text.OSIF_SemaPost
                0x00000b88       0x28 ./SDK/rtos/osif/osif_baremetal.o
                0x00000b88                OSIF_SemaPost
 .text.OSIF_SemaCreate
                0x00000bb0       0x14 ./SDK/rtos/osif/osif_baremetal.o
                0x00000bb0                OSIF_SemaCreate
 .text.PINS_Init
                0x00000bc4       0xa4 ./SDK/platform/drivers/src/pins/pins_port_hw_access.o
                0x00000bc4                PINS_Init
 .text.PINS_DRV_Init
                0x00000c68       0x28 ./SDK/platform/drivers/src/pins/pins_driver.o
                0x00000c68                PINS_DRV_Init
 .text.LPI2C0_Master_IRQHandler
                0x00000c90        0xc ./SDK/platform/drivers/src/lpi2c/lpi2c_irq.o
                0x00000c90                LPI2C0_Master_IRQHandler
 .text.LPI2C0_Slave_IRQHandler
                0x00000c9c        0xc ./SDK/platform/drivers/src/lpi2c/lpi2c_irq.o
                0x00000c9c                LPI2C0_Slave_IRQHandler
 .text.LPI2C_Init
                0x00000ca8       0x20 ./SDK/platform/drivers/src/lpi2c/lpi2c_hw_access.o
                0x00000ca8                LPI2C_Init
 .text.LPI2C_DRV_MasterSendAddress
                0x00000cc8       0xe8 ./SDK/platform/drivers/src/lpi2c/lpi2c_driver.o
 .text.LPI2C_DRV_MasterQueueData
                0x00000db0       0x48 ./SDK/platform/drivers/src/lpi2c/lpi2c_driver.o
 .text.LPI2C_DRV_MasterEndTransfer
                0x00000df8       0x5c ./SDK/platform/drivers/src/lpi2c/lpi2c_driver.o
 .text.LPI2C_DRV_SlaveEndTransfer
                0x00000e54       0x4c ./SDK/platform/drivers/src/lpi2c/lpi2c_driver.o
 .text.LPI2C_DRV_MasterCompleteDMATransfer
                0x00000ea0       0x34 ./SDK/platform/drivers/src/lpi2c/lpi2c_driver.o
 .text.LPI2C_DRV_ConfigureDmaTransfer
                0x00000ed4       0x60 ./SDK/platform/drivers/src/lpi2c/lpi2c_driver.o
 .text.LPI2C_DRV_MasterStartDmaTransfer
                0x00000f34      0x110 ./SDK/platform/drivers/src/lpi2c/lpi2c_driver.o
 .text.LPI2C_DRV_MasterWaitTransferEnd
                0x00001044       0x38 ./SDK/platform/drivers/src/lpi2c/lpi2c_driver.o
 .text.LPI2C_DRV_SlaveStartDmaTransfer
                0x0000107c       0x9c ./SDK/platform/drivers/src/lpi2c/lpi2c_driver.o
 .text.LPI2C_DRV_MasterSetBaudRate
                0x00001118      0x120 ./SDK/platform/drivers/src/lpi2c/lpi2c_driver.o
                0x00001118                LPI2C_DRV_MasterSetBaudRate
 .text.LPI2C_DRV_MasterInit
                0x00001238       0x9c ./SDK/platform/drivers/src/lpi2c/lpi2c_driver.o
                0x00001238                LPI2C_DRV_MasterInit
 .text.LPI2C_DRV_MasterSetSlaveAddr
                0x000012d4       0x14 ./SDK/platform/drivers/src/lpi2c/lpi2c_driver.o
                0x000012d4                LPI2C_DRV_MasterSetSlaveAddr
 .text.LPI2C_DRV_MasterReceiveData
                0x000012e8       0xcc ./SDK/platform/drivers/src/lpi2c/lpi2c_driver.o
                0x000012e8                LPI2C_DRV_MasterReceiveData
 .text.LPI2C_DRV_MasterReceiveDataBlocking
                0x000013b4       0x2c ./SDK/platform/drivers/src/lpi2c/lpi2c_driver.o
                0x000013b4                LPI2C_DRV_MasterReceiveDataBlocking
 .text.LPI2C_DRV_MasterIRQHandler
                0x000013e0      0x1f8 ./SDK/platform/drivers/src/lpi2c/lpi2c_driver.o
                0x000013e0                LPI2C_DRV_MasterIRQHandler
 .text.LPI2C_DRV_SlaveIRQHandler
                0x000015d8      0x244 ./SDK/platform/drivers/src/lpi2c/lpi2c_driver.o
                0x000015d8                LPI2C_DRV_SlaveIRQHandler
 .text.INT_SYS_EnableIRQ
                0x0000181c       0x18 ./SDK/platform/drivers/src/interrupt/interrupt_manager.o
                0x0000181c                INT_SYS_EnableIRQ
 .text.INT_SYS_EnableIRQGlobal
                0x00001834       0x1c ./SDK/platform/drivers/src/interrupt/interrupt_manager.o
                0x00001834                INT_SYS_EnableIRQGlobal
 .text.INT_SYS_DisableIRQGlobal
                0x00001850       0x10 ./SDK/platform/drivers/src/interrupt/interrupt_manager.o
                0x00001850                INT_SYS_DisableIRQGlobal
 .text.DMA0_IRQHandler
                0x00001860        0xc ./SDK/platform/drivers/src/edma/edma_irq.o
                0x00001860                DMA0_IRQHandler
 .text.DMA1_IRQHandler
                0x0000186c        0xc ./SDK/platform/drivers/src/edma/edma_irq.o
                0x0000186c                DMA1_IRQHandler
 .text.DMA2_IRQHandler
                0x00001878        0xc ./SDK/platform/drivers/src/edma/edma_irq.o
                0x00001878                DMA2_IRQHandler
 .text.DMA3_IRQHandler
                0x00001884        0xc ./SDK/platform/drivers/src/edma/edma_irq.o
                0x00001884                DMA3_IRQHandler
 .text.DMA4_IRQHandler
                0x00001890        0xc ./SDK/platform/drivers/src/edma/edma_irq.o
                0x00001890                DMA4_IRQHandler
 .text.DMA5_IRQHandler
                0x0000189c        0xc ./SDK/platform/drivers/src/edma/edma_irq.o
                0x0000189c                DMA5_IRQHandler
 .text.DMA6_IRQHandler
                0x000018a8        0xc ./SDK/platform/drivers/src/edma/edma_irq.o
                0x000018a8                DMA6_IRQHandler
 .text.DMA7_IRQHandler
                0x000018b4        0xc ./SDK/platform/drivers/src/edma/edma_irq.o
                0x000018b4                DMA7_IRQHandler
 .text.DMA8_IRQHandler
                0x000018c0        0xc ./SDK/platform/drivers/src/edma/edma_irq.o
                0x000018c0                DMA8_IRQHandler
 .text.DMA9_IRQHandler
                0x000018cc        0xc ./SDK/platform/drivers/src/edma/edma_irq.o
                0x000018cc                DMA9_IRQHandler
 .text.DMA10_IRQHandler
                0x000018d8        0xc ./SDK/platform/drivers/src/edma/edma_irq.o
                0x000018d8                DMA10_IRQHandler
 .text.DMA11_IRQHandler
                0x000018e4        0xc ./SDK/platform/drivers/src/edma/edma_irq.o
                0x000018e4                DMA11_IRQHandler
 .text.DMA12_IRQHandler
                0x000018f0        0xc ./SDK/platform/drivers/src/edma/edma_irq.o
                0x000018f0                DMA12_IRQHandler
 .text.DMA13_IRQHandler
                0x000018fc        0xc ./SDK/platform/drivers/src/edma/edma_irq.o
                0x000018fc                DMA13_IRQHandler
 .text.DMA14_IRQHandler
                0x00001908        0xc ./SDK/platform/drivers/src/edma/edma_irq.o
                0x00001908                DMA14_IRQHandler
 .text.DMA15_IRQHandler
                0x00001914        0xc ./SDK/platform/drivers/src/edma/edma_irq.o
                0x00001914                DMA15_IRQHandler
 .text.DMA_Error_IRQHandler
                0x00001920        0x8 ./SDK/platform/drivers/src/edma/edma_irq.o
                0x00001920                DMA_Error_IRQHandler
 .text.EDMA_SetDmaRequestCmd
                0x00001928        0xc ./SDK/platform/drivers/src/edma/edma_hw_access.o
                0x00001928                EDMA_SetDmaRequestCmd
 .text.EDMA_TCDClearReg
                0x00001934       0x3c ./SDK/platform/drivers/src/edma/edma_hw_access.o
                0x00001934                EDMA_TCDClearReg
 .text.EDMA_TCDSetAttribute
                0x00001970       0x28 ./SDK/platform/drivers/src/edma/edma_hw_access.o
                0x00001970                EDMA_TCDSetAttribute
 .text.EDMA_TCDSetNbytes
                0x00001998       0x5c ./SDK/platform/drivers/src/edma/edma_hw_access.o
                0x00001998                EDMA_TCDSetNbytes
 .text.EDMA_TCDSetMajorCount
                0x000019f4       0x60 ./SDK/platform/drivers/src/edma/edma_hw_access.o
                0x000019f4                EDMA_TCDSetMajorCount
 .text.EDMA_DRV_InstallCallback
                0x00001a54       0x14 ./SDK/platform/drivers/src/edma/edma_driver.o
                0x00001a54                EDMA_DRV_InstallCallback
 .text.EDMA_DRV_IRQHandler
                0x00001a68       0x28 ./SDK/platform/drivers/src/edma/edma_driver.o
                0x00001a68                EDMA_DRV_IRQHandler
 .text.EDMA_DRV_ErrorIRQHandler
                0x00001a90       0x64 ./SDK/platform/drivers/src/edma/edma_driver.o
                0x00001a90                EDMA_DRV_ErrorIRQHandler
 .text.EDMA_DRV_ConfigSingleBlockTransfer
                0x00001af4      0x114 ./SDK/platform/drivers/src/edma/edma_driver.o
                0x00001af4                EDMA_DRV_ConfigSingleBlockTransfer
 .text.EDMA_DRV_ConfigMultiBlockTransfer
                0x00001c08       0x58 ./SDK/platform/drivers/src/edma/edma_driver.o
                0x00001c08                EDMA_DRV_ConfigMultiBlockTransfer
 .text.EDMA_DRV_StartChannel
                0x00001c60       0x14 ./SDK/platform/drivers/src/edma/edma_driver.o
                0x00001c60                EDMA_DRV_StartChannel
 .text.EDMA_DRV_StopChannel
                0x00001c74       0x14 ./SDK/platform/drivers/src/edma/edma_driver.o
                0x00001c74                EDMA_DRV_StopChannel
 .text.EDMA_DRV_SetChannelRequest
                0x00001c88       0x18 ./SDK/platform/drivers/src/edma/edma_driver.o
                0x00001c88                EDMA_DRV_SetChannelRequest
 .text.EDMA_DRV_SetSrcLastAddrAdjustment
                0x00001ca0        0xc ./SDK/platform/drivers/src/edma/edma_driver.o
                0x00001ca0                EDMA_DRV_SetSrcLastAddrAdjustment
 .text.EDMA_DRV_DisableRequestsOnTransferComplete
                0x00001cac       0x24 ./SDK/platform/drivers/src/edma/edma_driver.o
                0x00001cac                EDMA_DRV_DisableRequestsOnTransferComplete
 .text.CLOCK_SYS_Init
                0x00001cd0       0x1c ./SDK/platform/drivers/src/clock/clock_manager.o
                0x00001cd0                CLOCK_SYS_Init
 .text.CLOCK_SYS_UpdateConfiguration
                0x00001cec       0xec ./SDK/platform/drivers/src/clock/clock_manager.o
                0x00001cec                CLOCK_SYS_UpdateConfiguration
 .text.CLOCK_SYS_GetCurrentRunMode
                0x00001dd8       0x24 ./SDK/platform/drivers/src/clock/S32K1xx/clock_S32K1xx.o
 .text.CLOCK_SYS_GetSysOscFreq
                0x00001dfc       0x1c ./SDK/platform/drivers/src/clock/S32K1xx/clock_S32K1xx.o
 .text.CLOCK_SYS_ConfigureSOSC
                0x00001e18      0x124 ./SDK/platform/drivers/src/clock/S32K1xx/clock_S32K1xx.o
 .text.CLOCK_SYS_GetSircFreq
                0x00001f3c       0x34 ./SDK/platform/drivers/src/clock/S32K1xx/clock_S32K1xx.o
 .text.CLOCK_SYS_ConfigureSIRC
                0x00001f70       0xc0 ./SDK/platform/drivers/src/clock/S32K1xx/clock_S32K1xx.o
 .text.CLOCK_SYS_GetFircFreq
                0x00002030       0x2c ./SDK/platform/drivers/src/clock/S32K1xx/clock_S32K1xx.o
 .text.CLOCK_SYS_ConfigureFIRC
                0x0000205c       0xb8 ./SDK/platform/drivers/src/clock/S32K1xx/clock_S32K1xx.o
 .text.CLOCK_SYS_GetSysPllFreq
                0x00002114       0x44 ./SDK/platform/drivers/src/clock/S32K1xx/clock_S32K1xx.o
 .text.CLOCK_SYS_ConfigureSPLL
                0x00002158      0x108 ./SDK/platform/drivers/src/clock/S32K1xx/clock_S32K1xx.o
 .text.CLOCK_SYS_SetSystemClockConfig
                0x00002260      0x148 ./SDK/platform/drivers/src/clock/S32K1xx/clock_S32K1xx.o
 .text.CLOCK_SYS_TransitionSystemClock
                0x000023a8       0x3c ./SDK/platform/drivers/src/clock/S32K1xx/clock_S32K1xx.o
 .text.CLOCK_SYS_GetSystemClockFreq
                0x000023e4       0x7c ./SDK/platform/drivers/src/clock/S32K1xx/clock_S32K1xx.o
 .text.CLOCK_SYS_GetScgClkOutFreq
                0x00002460       0x4c ./SDK/platform/drivers/src/clock/S32K1xx/clock_S32K1xx.o
 .text.CLOCK_SYS_GetSysAsyncFreq
                0x000024ac       0xd8 ./SDK/platform/drivers/src/clock/S32K1xx/clock_S32K1xx.o
 .text.CLOCK_SYS_GetSimRtcClkFreq
                0x00002584       0x54 ./SDK/platform/drivers/src/clock/S32K1xx/clock_S32K1xx.o
 .text.CLOCK_SYS_GetPeripheralClock
                0x000025d8       0x80 ./SDK/platform/drivers/src/clock/S32K1xx/clock_S32K1xx.o
 .text.CLOCK_SYS_GetLpoFreq
                0x00002658       0x48 ./SDK/platform/drivers/src/clock/S32K1xx/clock_S32K1xx.o
 .text.CLOCK_SYS_GetSimClkOutFreq
                0x000026a0       0x74 ./SDK/platform/drivers/src/clock/S32K1xx/clock_S32K1xx.o
 .text.CLOCK_SYS_SetScgConfiguration
                0x00002714      0x210 ./SDK/platform/drivers/src/clock/S32K1xx/clock_S32K1xx.o
                0x00002714                CLOCK_SYS_SetScgConfiguration
 .text.CLOCK_SYS_SetPccConfiguration
                0x00002924       0x80 ./SDK/platform/drivers/src/clock/S32K1xx/clock_S32K1xx.o
                0x00002924                CLOCK_SYS_SetPccConfiguration
 .text.CLOCK_SYS_SetSimConfiguration
                0x000029a4      0x144 ./SDK/platform/drivers/src/clock/S32K1xx/clock_S32K1xx.o
                0x000029a4                CLOCK_SYS_SetSimConfiguration
 .text.CLOCK_SYS_SetPmcConfiguration
                0x00002ae8       0x3c ./SDK/platform/drivers/src/clock/S32K1xx/clock_S32K1xx.o
                0x00002ae8                CLOCK_SYS_SetPmcConfiguration
 .text.CLOCK_SYS_SetConfiguration
                0x00002b24       0x28 ./SDK/platform/drivers/src/clock/S32K1xx/clock_S32K1xx.o
                0x00002b24                CLOCK_SYS_SetConfiguration
 .text.CLOCK_SYS_GetFreq
                0x00002b4c      0x408 ./SDK/platform/drivers/src/clock/S32K1xx/clock_S32K1xx.o
                0x00002b4c                CLOCK_SYS_GetFreq
 .text.init_data_bss
                0x00002f54       0xb4 ./SDK/platform/devices/startup.o
                0x00002f54                init_data_bss
 .text.SystemInit
                0x00003008       0x3c ./SDK/platform/devices/S32K144/startup/system_S32K144.o
                0x00003008                SystemInit
 *(.rodata)
 *(.rodata*)
 .rodata.g_lpi2cDMASrc
                0x00003044        0x2 ./SDK/platform/drivers/src/lpi2c/lpi2c_driver.o
                0x00003044                g_lpi2cDMASrc
 *fill*         0x00003046        0x2 
 .rodata.fircFreq.6274
                0x00003048       0x10 ./SDK/platform/drivers/src/clock/S32K1xx/clock_S32K1xx.o
 .rodata.maxClocksFreq.6219
                0x00003058       0x24 ./SDK/platform/drivers/src/clock/S32K1xx/clock_S32K1xx.o
 .rodata.clockNameMappings
                0x0000307c       0x9e ./SDK/platform/drivers/src/clock/S32K1xx/clock_S32K1xx.o
                0x0000307c                clockNameMappings
 *fill*         0x0000311a        0x2 
 .rodata.peripheralFeaturesList
                0x0000311c       0x4f ./SDK/platform/drivers/src/clock/S32K1xx/clock_S32K1xx.o
                0x0000311c                peripheralFeaturesList
 *fill*         0x0000316b        0x1 
 .rodata.lpi2c1_MasterConfig0
                0x0000316c       0x14 ./Generated_Code/lpi2c1.o
                0x0000316c                lpi2c1_MasterConfig0
 *(.glue_7)
 .glue_7        0x00000000        0x0 linker stubs
 *(.glue_7t)
 .glue_7t       0x00000000        0x0 linker stubs
 *(.eh_frame)
 .eh_frame      0x00003180        0x0 c:/nxp/s32ds_arm_v2.0/cross_tools/gcc-arm-none-eabi-4_9/bin/../lib/gcc/arm-none-eabi/4.9.3/armv7e-m/fpu/crtbegin.o
 *(.init)
 .init          0x00003180        0x4 c:/nxp/s32ds_arm_v2.0/cross_tools/gcc-arm-none-eabi-4_9/bin/../lib/gcc/arm-none-eabi/4.9.3/armv7e-m/fpu/crti.o
                0x00003180                _init
 .init          0x00003184        0x8 c:/nxp/s32ds_arm_v2.0/cross_tools/gcc-arm-none-eabi-4_9/bin/../lib/gcc/arm-none-eabi/4.9.3/armv7e-m/fpu/crtn.o
 *(.fini)
 .fini          0x0000318c        0x4 c:/nxp/s32ds_arm_v2.0/cross_tools/gcc-arm-none-eabi-4_9/bin/../lib/gcc/arm-none-eabi/4.9.3/armv7e-m/fpu/crti.o
                0x0000318c                _fini
 .fini          0x00003190        0x8 c:/nxp/s32ds_arm_v2.0/cross_tools/gcc-arm-none-eabi-4_9/bin/../lib/gcc/arm-none-eabi/4.9.3/armv7e-m/fpu/crtn.o
                0x00003198                . = ALIGN (0x4)

.vfp11_veneer   0x00003198        0x0
 .vfp11_veneer  0x00000000        0x0 linker stubs

.v4_bx          0x00003198        0x0
 .v4_bx         0x00000000        0x0 linker stubs

.iplt           0x00003198        0x0
 .iplt          0x00000000        0x0 c:/nxp/s32ds_arm_v2.0/cross_tools/gcc-arm-none-eabi-4_9/bin/../lib/gcc/arm-none-eabi/4.9.3/armv7e-m/fpu/crtbegin.o

.ARM.extab
 *(.ARM.extab* .gnu.linkonce.armextab.*)

.ARM            0x00003198        0x8
                0x00003198                __exidx_start = .
 *(.ARM.exidx*)
 .ARM.exidx     0x00003198        0x8 c:/nxp/s32ds_arm_v2.0/cross_tools/gcc-arm-none-eabi-4_9/bin/../lib/gcc/arm-none-eabi/4.9.3/armv7e-m/fpu\libgcc.a(_divdi3.o)
 .ARM.exidx     0x000031a0        0x0 c:/nxp/s32ds_arm_v2.0/cross_tools/gcc-arm-none-eabi-4_9/bin/../lib/gcc/arm-none-eabi/4.9.3/armv7e-m/fpu\libgcc.a(_udivdi3.o)
                                  0x8 (size before relaxing)
                0x000031a0                __exidx_end = .

.rel.dyn        0x000031a0        0x0
 .rel.iplt      0x00000000        0x0 c:/nxp/s32ds_arm_v2.0/cross_tools/gcc-arm-none-eabi-4_9/bin/../lib/gcc/arm-none-eabi/4.9.3/armv7e-m/fpu/crtbegin.o

.ctors          0x000031a0        0x0
                0x000031a0                __CTOR_LIST__ = .
 *crtbegin.o(.ctors)
 *crtbegin?.o(.ctors)
 *(EXCLUDE_FILE(*crtend.o *crtend?.o) .ctors)
 *(SORT(.ctors.*))
 *(.ctors)
                0x000031a0                __CTOR_END__ = .

.dtors          0x000031a0        0x0
                0x000031a0                __DTOR_LIST__ = .
 *crtbegin.o(.dtors)
 *crtbegin?.o(.dtors)
 *(EXCLUDE_FILE(*crtend.o *crtend?.o) .dtors)
 *(SORT(.dtors.*))
 *(.dtors)
                0x000031a0                __DTOR_END__ = .

.preinit_array  0x000031a0        0x0
                0x000031a0                PROVIDE (__preinit_array_start, .)
 *(.preinit_array*)
                0x000031a0                PROVIDE (__preinit_array_end, .)

.init_array     0x000031a0        0x4
                0x000031a0                PROVIDE (__init_array_start, .)
 *(SORT(.init_array.*))
 *(.init_array*)
 .init_array    0x000031a0        0x4 c:/nxp/s32ds_arm_v2.0/cross_tools/gcc-arm-none-eabi-4_9/bin/../lib/gcc/arm-none-eabi/4.9.3/armv7e-m/fpu/crtbegin.o
                0x000031a4                PROVIDE (__init_array_end, .)

.fini_array     0x000031a4        0x4
                0x000031a4                PROVIDE (__fini_array_start, .)
 *(SORT(.fini_array.*))
 *(.fini_array*)
 .fini_array    0x000031a4        0x4 c:/nxp/s32ds_arm_v2.0/cross_tools/gcc-arm-none-eabi-4_9/bin/../lib/gcc/arm-none-eabi/4.9.3/armv7e-m/fpu/crtbegin.o
                0x000031a8                PROVIDE (__fini_array_end, .)
                0x000031a8                __etext = .
                0x000031a8                __DATA_ROM = .

.interrupts_ram
                0x1fff8000      0x400
                0x1fff8000                . = ALIGN (0x4)
                0x1fff8000                __VECTOR_RAM__ = .
                0x1fff8000                __interrupts_ram_start__ = .
 *(.m_interrupts_ram)
                0x1fff8400                . = (. + M_VECTOR_RAM_SIZE)
 *fill*         0x1fff8000      0x400 
                0x1fff8400                . = ALIGN (0x4)
                0x1fff8400                __interrupts_ram_end__ = .
                0x1fff8000                __VECTOR_RAM = DEFINED (__flash_vector_table__)?ORIGIN (m_interrupts):__VECTOR_RAM__
                0x00000400                __RAM_VECTOR_TABLE_SIZE = DEFINED (__flash_vector_table__)?0x0:(__interrupts_ram_end__ - __interrupts_ram_start__)

.data           0x1fff8400      0x8f8 load address 0x000031a8
                0x1fff8400                . = ALIGN (0x4)
                0x1fff8400                __DATA_RAM = .
                0x1fff8400                __data_start__ = .
 *(.data)
 *(.data*)
 .data.g_pin_mux_InitConfigArr
                0x1fff8400      0x858 ./Generated_Code/pin_mux.o
                0x1fff8400                g_pin_mux_InitConfigArr
 .data.clockMan1_InitConfig0
                0x1fff8c58       0x78 ./Generated_Code/clockMan1.o
                0x1fff8c58                clockMan1_InitConfig0
 .data.peripheralClockConfig0
                0x1fff8cd0       0x1e ./Generated_Code/clockMan1.o
                0x1fff8cd0                peripheralClockConfig0
 *fill*         0x1fff8cee        0x2 
 .data.g_clockManConfigsArr
                0x1fff8cf0        0x4 ./Generated_Code/clockMan1.o
                0x1fff8cf0                g_clockManConfigsArr
 *(.jcr*)
 .jcr           0x1fff8cf4        0x0 c:/nxp/s32ds_arm_v2.0/cross_tools/gcc-arm-none-eabi-4_9/bin/../lib/gcc/arm-none-eabi/4.9.3/armv7e-m/fpu/crtbegin.o
 .jcr           0x1fff8cf4        0x4 c:/nxp/s32ds_arm_v2.0/cross_tools/gcc-arm-none-eabi-4_9/bin/../lib/gcc/arm-none-eabi/4.9.3/armv7e-m/fpu/crtend.o
                0x1fff8cf8                . = ALIGN (0x4)
                0x1fff8cf8                __data_end__ = .
                0x00003aa0                __DATA_END = (__DATA_ROM + (__data_end__ - __data_start__))
                0x00003aa0                __CODE_ROM = __DATA_END

.igot.plt       0x1fff8cf8        0x0 load address 0x00003aa0
 .igot.plt      0x00000000        0x0 c:/nxp/s32ds_arm_v2.0/cross_tools/gcc-arm-none-eabi-4_9/bin/../lib/gcc/arm-none-eabi/4.9.3/armv7e-m/fpu/crtbegin.o

.code           0x1fff8cf8        0x0 load address 0x00003aa0
                0x1fff8cf8                . = ALIGN (0x4)
                0x1fff8cf8                __CODE_RAM = .
                0x1fff8cf8                __code_start__ = .
 *(.code_ram)
                0x1fff8cf8                . = ALIGN (0x4)
                0x1fff8cf8                __code_end__ = .
                0x00003aa0                __CODE_END = (__CODE_ROM + (__code_end__ - __code_start__))

.customSectionBlock
 *(.customSection)

.bss            0x20000000       0x5c
                0x20000000                . = ALIGN (0x4)
                0x20000000                __BSS_START = .
                0x20000000                __bss_start__ = .
 *(.bss)
 .bss           0x20000000       0x1c c:/nxp/s32ds_arm_v2.0/cross_tools/gcc-arm-none-eabi-4_9/bin/../lib/gcc/arm-none-eabi/4.9.3/armv7e-m/fpu/crtbegin.o
 *(.bss*)
 .bss.s_osif_tick_cnt
                0x2000001c        0x4 ./SDK/rtos/osif/osif_baremetal.o
 .bss.g_lpi2cSlaveStatePtr
                0x20000020        0x4 ./SDK/platform/drivers/src/lpi2c/lpi2c_driver.o
                0x20000020                g_lpi2cSlaveStatePtr
 .bss.g_lpi2cMasterStatePtr
                0x20000024        0x4 ./SDK/platform/drivers/src/lpi2c/lpi2c_driver.o
                0x20000024                g_lpi2cMasterStatePtr
 .bss.g_interruptDisableCount
                0x20000028        0x4 ./SDK/platform/drivers/src/interrupt/interrupt_manager.o
 .bss.s_edma    0x2000002c        0x4 ./SDK/platform/drivers/src/edma/edma_driver.o
 .bss.g_clockState
                0x20000030       0x10 ./SDK/platform/drivers/src/clock/clock_manager.o
 .bss.g_clockManCallbacksArr
                0x20000040        0x4 ./Generated_Code/clockMan1.o
                0x20000040                g_clockManCallbacksArr
 *(COMMON)
 COMMON         0x20000044        0x4 ./Sources/main.o
                0x20000044                buffer
                0x20000046                pressure_hdi_i2c
 COMMON         0x20000048       0x14 ./SDK/platform/drivers/src/clock/S32K1xx/clock_S32K1xx.o
                0x20000048                g_xtal0ClkFreq
                0x2000004c                g_RtcClkInFreq
                0x20000050                g_TClkFreq
                0x2000005c                . = ALIGN (0x4)
                0x2000005c                __bss_end__ = .
                0x2000005c                __BSS_END = .

.heap           0x2000005c      0x404
                0x20000060                . = ALIGN (0x8)
 *fill*         0x2000005c        0x4 
                0x20000060                __end__ = .
                0x20000060                PROVIDE (end, .)
                0x20000060                PROVIDE (_end, .)
                0x20000060                PROVIDE (__end, .)
                0x20000060                __HeapBase = .
                0x20000460                . = (. + HEAP_SIZE)
 *fill*         0x20000060      0x400 
                0x20000460                __HeapLimit = .
                0x20000460                __heap_limit = .

.stack          0x20000460      0x400
                0x20000460                . = ALIGN (0x8)
                0x20000860                . = (. + STACK_SIZE)
 *fill*         0x20000460      0x400 
                0x20007000                __StackTop = (ORIGIN (m_data_2) + 0x7000)
                0x20006c00                __StackLimit = (__StackTop - STACK_SIZE)
                0x20007000                PROVIDE (__stack, __StackTop)

.ARM.attributes
                0x00000000       0x30
 *(.ARM.attributes)
 .ARM.attributes
                0x00000000       0x22 c:/nxp/s32ds_arm_v2.0/cross_tools/gcc-arm-none-eabi-4_9/bin/../lib/gcc/arm-none-eabi/4.9.3/armv7e-m/fpu/crti.o
 .ARM.attributes
                0x00000022       0x34 c:/nxp/s32ds_arm_v2.0/cross_tools/gcc-arm-none-eabi-4_9/bin/../lib/gcc/arm-none-eabi/4.9.3/armv7e-m/fpu/crtbegin.o
 .ARM.attributes
                0x00000056       0x39 ./Sources/main.o
 .ARM.attributes
                0x0000008f       0x39 ./SDK/rtos/osif/osif_baremetal.o
 .ARM.attributes
                0x000000c8       0x39 ./SDK/platform/drivers/src/pins/pins_port_hw_access.o
 .ARM.attributes
                0x00000101       0x39 ./SDK/platform/drivers/src/pins/pins_driver.o
 .ARM.attributes
                0x0000013a       0x39 ./SDK/platform/drivers/src/lpi2c/lpi2c_irq.o
 .ARM.attributes
                0x00000173       0x39 ./SDK/platform/drivers/src/lpi2c/lpi2c_hw_access.o
 .ARM.attributes
                0x000001ac       0x39 ./SDK/platform/drivers/src/lpi2c/lpi2c_driver.o
 .ARM.attributes
                0x000001e5       0x39 ./SDK/platform/drivers/src/interrupt/interrupt_manager.o
 .ARM.attributes
                0x0000021e       0x39 ./SDK/platform/drivers/src/edma/edma_irq.o
 .ARM.attributes
                0x00000257       0x39 ./SDK/platform/drivers/src/edma/edma_hw_access.o
 .ARM.attributes
                0x00000290       0x39 ./SDK/platform/drivers/src/edma/edma_driver.o
 .ARM.attributes
                0x000002c9       0x39 ./SDK/platform/drivers/src/clock/clock_manager.o
 .ARM.attributes
                0x00000302       0x39 ./SDK/platform/drivers/src/clock/S32K1xx/clock_S32K1xx.o
 .ARM.attributes
                0x0000033b       0x39 ./SDK/platform/devices/startup.o
 .ARM.attributes
                0x00000374       0x39 ./SDK/platform/devices/S32K144/startup/system_S32K144.o
 .ARM.attributes
                0x000003ad       0x1f ./Project_Settings/Startup_Code/startup_S32K144.o
 .ARM.attributes
                0x000003cc       0x39 ./Generated_Code/pin_mux.o
 .ARM.attributes
                0x00000405       0x39 ./Generated_Code/lpi2c1.o
 .ARM.attributes
                0x0000043e       0x39 ./Generated_Code/clockMan1.o
 .ARM.attributes
                0x00000477       0x22 c:/nxp/s32ds_arm_v2.0/cross_tools/gcc-arm-none-eabi-4_9/bin/../lib/gcc/arm-none-eabi/4.9.3/armv7e-m/fpu\libgcc.a(_aeabi_uldivmod.o)
 .ARM.attributes
                0x00000499       0x34 c:/nxp/s32ds_arm_v2.0/cross_tools/gcc-arm-none-eabi-4_9/bin/../lib/gcc/arm-none-eabi/4.9.3/armv7e-m/fpu\libgcc.a(bpabi.o)
 .ARM.attributes
                0x000004cd       0x22 c:/nxp/s32ds_arm_v2.0/cross_tools/gcc-arm-none-eabi-4_9/bin/../lib/gcc/arm-none-eabi/4.9.3/armv7e-m/fpu\libgcc.a(_dvmd_tls.o)
 .ARM.attributes
                0x000004ef       0x34 c:/nxp/s32ds_arm_v2.0/cross_tools/gcc-arm-none-eabi-4_9/bin/../lib/gcc/arm-none-eabi/4.9.3/armv7e-m/fpu\libgcc.a(_divdi3.o)
 .ARM.attributes
                0x00000523       0x34 c:/nxp/s32ds_arm_v2.0/cross_tools/gcc-arm-none-eabi-4_9/bin/../lib/gcc/arm-none-eabi/4.9.3/armv7e-m/fpu\libgcc.a(_udivdi3.o)
 .ARM.attributes
                0x00000557       0x34 c:/nxp/s32ds_arm_v2.0/cross_tools/gcc-arm-none-eabi-4_9/bin/../lib/gcc/arm-none-eabi/4.9.3/armv7e-m/fpu/crtend.o
 .ARM.attributes
                0x0000058b       0x22 c:/nxp/s32ds_arm_v2.0/cross_tools/gcc-arm-none-eabi-4_9/bin/../lib/gcc/arm-none-eabi/4.9.3/armv7e-m/fpu/crtn.o
                0x00000001                ASSERT ((__StackLimit >= __HeapLimit), region m_data_2 overflowed with stack and heap)
OUTPUT(lpi2c_master_HDIB002.elf elf32-littlearm)

.debug_info     0x00000000    0x16639
 .debug_info    0x00000000     0x18f2 ./Sources/main.o
 .debug_info    0x000018f2      0x9b1 ./SDK/rtos/osif/osif_baremetal.o
 .debug_info    0x000022a3      0x59f ./SDK/platform/drivers/src/pins/pins_port_hw_access.o
 .debug_info    0x00002842     0x1028 ./SDK/platform/drivers/src/pins/pins_driver.o
 .debug_info    0x0000386a       0xfa ./SDK/platform/drivers/src/lpi2c/lpi2c_irq.o
 .debug_info    0x00003964      0x42c ./SDK/platform/drivers/src/lpi2c/lpi2c_hw_access.o
 .debug_info    0x00003d90     0x5465 ./SDK/platform/drivers/src/lpi2c/lpi2c_driver.o
 .debug_info    0x000091f5      0x8e3 ./SDK/platform/drivers/src/interrupt/interrupt_manager.o
 .debug_info    0x00009ad8      0x318 ./SDK/platform/drivers/src/edma/edma_irq.o
 .debug_info    0x00009df0      0x951 ./SDK/platform/drivers/src/edma/edma_hw_access.o
 .debug_info    0x0000a741     0x3653 ./SDK/platform/drivers/src/edma/edma_driver.o
 .debug_info    0x0000dd94     0x1207 ./SDK/platform/drivers/src/clock/clock_manager.o
 .debug_info    0x0000ef9b     0x54c1 ./SDK/platform/drivers/src/clock/S32K1xx/clock_S32K1xx.o
 .debug_info    0x0001445c      0x3fa ./SDK/platform/devices/startup.o
 .debug_info    0x00014856      0x516 ./SDK/platform/devices/S32K144/startup/system_S32K144.o
 .debug_info    0x00014d6c       0xf9 ./Project_Settings/Startup_Code/startup_S32K144.o
 .debug_info    0x00014e65      0x3a9 ./Generated_Code/pin_mux.o
 .debug_info    0x0001520e      0x3b2 ./Generated_Code/lpi2c1.o
 .debug_info    0x000155c0     0x1079 ./Generated_Code/clockMan1.o

.debug_abbrev   0x00000000     0x214c
 .debug_abbrev  0x00000000      0x256 ./Sources/main.o
 .debug_abbrev  0x00000256      0x297 ./SDK/rtos/osif/osif_baremetal.o
 .debug_abbrev  0x000004ed       0xe9 ./SDK/platform/drivers/src/pins/pins_port_hw_access.o
 .debug_abbrev  0x000005d6      0x2af ./SDK/platform/drivers/src/pins/pins_driver.o
 .debug_abbrev  0x00000885       0x94 ./SDK/platform/drivers/src/lpi2c/lpi2c_irq.o
 .debug_abbrev  0x00000919      0x14d ./SDK/platform/drivers/src/lpi2c/lpi2c_hw_access.o
 .debug_abbrev  0x00000a66      0x44c ./SDK/platform/drivers/src/lpi2c/lpi2c_driver.o
 .debug_abbrev  0x00000eb2      0x1cf ./SDK/platform/drivers/src/interrupt/interrupt_manager.o
 .debug_abbrev  0x00001081       0xb9 ./SDK/platform/drivers/src/edma/edma_irq.o
 .debug_abbrev  0x0000113a      0x1fb ./SDK/platform/drivers/src/edma/edma_hw_access.o
 .debug_abbrev  0x00001335      0x455 ./SDK/platform/drivers/src/edma/edma_driver.o
 .debug_abbrev  0x0000178a      0x1b3 ./SDK/platform/drivers/src/clock/clock_manager.o
 .debug_abbrev  0x0000193d      0x346 ./SDK/platform/drivers/src/clock/S32K1xx/clock_S32K1xx.o
 .debug_abbrev  0x00001c83      0x10c ./SDK/platform/devices/startup.o
 .debug_abbrev  0x00001d8f      0x134 ./SDK/platform/devices/S32K144/startup/system_S32K144.o
 .debug_abbrev  0x00001ec3       0x14 ./Project_Settings/Startup_Code/startup_S32K144.o
 .debug_abbrev  0x00001ed7       0xbe ./Generated_Code/pin_mux.o
 .debug_abbrev  0x00001f95       0xad ./Generated_Code/lpi2c1.o
 .debug_abbrev  0x00002042      0x10a ./Generated_Code/clockMan1.o

.debug_loc      0x00000000     0xb5ea
 .debug_loc     0x00000000       0x56 ./Sources/main.o
 .debug_loc     0x00000056      0x285 ./SDK/rtos/osif/osif_baremetal.o
 .debug_loc     0x000002db      0x110 ./SDK/platform/drivers/src/pins/pins_port_hw_access.o
 .debug_loc     0x000003eb      0x359 ./SDK/platform/drivers/src/pins/pins_driver.o
 .debug_loc     0x00000744       0x5f ./SDK/platform/drivers/src/lpi2c/lpi2c_hw_access.o
 .debug_loc     0x000007a3     0x3954 ./SDK/platform/drivers/src/lpi2c/lpi2c_driver.o
 .debug_loc     0x000040f7      0x300 ./SDK/platform/drivers/src/interrupt/interrupt_manager.o
 .debug_loc     0x000043f7      0x6be ./SDK/platform/drivers/src/edma/edma_hw_access.o
 .debug_loc     0x00004ab5     0x1c53 ./SDK/platform/drivers/src/edma/edma_driver.o
 .debug_loc     0x00006708      0x1bb ./SDK/platform/drivers/src/clock/clock_manager.o
 .debug_loc     0x000068c3     0x4b64 ./SDK/platform/drivers/src/clock/S32K1xx/clock_S32K1xx.o
 .debug_loc     0x0000b427       0xae ./SDK/platform/devices/startup.o
 .debug_loc     0x0000b4d5      0x115 ./SDK/platform/devices/S32K144/startup/system_S32K144.o

.debug_aranges  0x00000000      0x7b0
 .debug_aranges
                0x00000000       0x28 ./Sources/main.o
 .debug_aranges
                0x00000028       0x70 ./SDK/rtos/osif/osif_baremetal.o
 .debug_aranges
                0x00000098       0x20 ./SDK/platform/drivers/src/pins/pins_port_hw_access.o
 .debug_aranges
                0x000000b8       0xb8 ./SDK/platform/drivers/src/pins/pins_driver.o
 .debug_aranges
                0x00000170       0x28 ./SDK/platform/drivers/src/lpi2c/lpi2c_irq.o
 .debug_aranges
                0x00000198       0x20 ./SDK/platform/drivers/src/lpi2c/lpi2c_hw_access.o
 .debug_aranges
                0x000001b8      0x120 ./SDK/platform/drivers/src/lpi2c/lpi2c_driver.o
 .debug_aranges
                0x000002d8       0x70 ./SDK/platform/drivers/src/interrupt/interrupt_manager.o
 .debug_aranges
                0x00000348       0xa0 ./SDK/platform/drivers/src/edma/edma_irq.o
 .debug_aranges
                0x000003e8       0x88 ./SDK/platform/drivers/src/edma/edma_hw_access.o
 .debug_aranges
                0x00000470      0x128 ./SDK/platform/drivers/src/edma/edma_driver.o
 .debug_aranges
                0x00000598       0x38 ./SDK/platform/drivers/src/clock/clock_manager.o
 .debug_aranges
                0x000005d0      0x128 ./SDK/platform/drivers/src/clock/S32K1xx/clock_S32K1xx.o
 .debug_aranges
                0x000006f8       0x20 ./SDK/platform/devices/startup.o
 .debug_aranges
                0x00000718       0x30 ./SDK/platform/devices/S32K144/startup/system_S32K144.o
 .debug_aranges
                0x00000748       0x20 ./Project_Settings/Startup_Code/startup_S32K144.o
 .debug_aranges
                0x00000768       0x18 ./Generated_Code/pin_mux.o
 .debug_aranges
                0x00000780       0x18 ./Generated_Code/lpi2c1.o
 .debug_aranges
                0x00000798       0x18 ./Generated_Code/clockMan1.o

.debug_ranges   0x00000000      0x920
 .debug_ranges  0x00000000       0x18 ./Sources/main.o
 .debug_ranges  0x00000018       0x98 ./SDK/rtos/osif/osif_baremetal.o
 .debug_ranges  0x000000b0       0x10 ./SDK/platform/drivers/src/pins/pins_port_hw_access.o
 .debug_ranges  0x000000c0       0xa8 ./SDK/platform/drivers/src/pins/pins_driver.o
 .debug_ranges  0x00000168       0x18 ./SDK/platform/drivers/src/lpi2c/lpi2c_irq.o
 .debug_ranges  0x00000180       0x10 ./SDK/platform/drivers/src/lpi2c/lpi2c_hw_access.o
 .debug_ranges  0x00000190      0x218 ./SDK/platform/drivers/src/lpi2c/lpi2c_driver.o
 .debug_ranges  0x000003a8       0x78 ./SDK/platform/drivers/src/interrupt/interrupt_manager.o
 .debug_ranges  0x00000420       0x90 ./SDK/platform/drivers/src/edma/edma_irq.o
 .debug_ranges  0x000004b0       0x90 ./SDK/platform/drivers/src/edma/edma_hw_access.o
 .debug_ranges  0x00000540      0x118 ./SDK/platform/drivers/src/edma/edma_driver.o
 .debug_ranges  0x00000658       0x28 ./SDK/platform/drivers/src/clock/clock_manager.o
 .debug_ranges  0x00000680      0x270 ./SDK/platform/drivers/src/clock/S32K1xx/clock_S32K1xx.o
 .debug_ranges  0x000008f0       0x10 ./SDK/platform/devices/startup.o
 .debug_ranges  0x00000900       0x20 ./SDK/platform/devices/S32K144/startup/system_S32K144.o

.debug_macro    0x00000000    0x287c7
 .debug_macro   0x00000000      0xacc ./Sources/main.o
 .debug_macro   0x00000acc       0x10 ./Sources/main.o
 .debug_macro   0x00000adc       0x73 ./Sources/main.o
 .debug_macro   0x00000b4f       0x19 ./Sources/main.o
 .debug_macro   0x00000b68       0x22 ./Sources/main.o
 .debug_macro   0x00000b8a       0x44 ./Sources/main.o
 .debug_macro   0x00000bce       0xe3 ./Sources/main.o
 .debug_macro   0x00000cb1       0x22 ./Sources/main.o
 .debug_macro   0x00000cd3      0x1df ./Sources/main.o
 .debug_macro   0x00000eb2     0xdf8d ./Sources/main.o
 .debug_macro   0x0000ee3f      0x978 ./Sources/main.o
 .debug_macro   0x0000f7b7       0x22 ./Sources/main.o
 .debug_macro   0x0000f7d9       0x10 ./Sources/main.o
 .debug_macro   0x0000f7e9      0x166 ./Sources/main.o
 .debug_macro   0x0000f94f       0x16 ./Sources/main.o
 .debug_macro   0x0000f965       0x10 ./Sources/main.o
 .debug_macro   0x0000f975       0x22 ./Sources/main.o
 .debug_macro   0x0000f997       0x16 ./Sources/main.o
 .debug_macro   0x0000f9ad       0x16 ./Sources/main.o
 .debug_macro   0x0000f9c3      0xa34 ./SDK/rtos/osif/osif_baremetal.o
 .debug_macro   0x000103f7     0xdfa2 ./SDK/rtos/osif/osif_baremetal.o
 .debug_macro   0x0001e399      0xa17 ./SDK/platform/drivers/src/pins/pins_port_hw_access.o
 .debug_macro   0x0001edb0      0xa21 ./SDK/platform/drivers/src/pins/pins_driver.o
 .debug_macro   0x0001f7d1      0xa2f ./SDK/platform/drivers/src/lpi2c/lpi2c_irq.o
 .debug_macro   0x00020200      0xa37 ./SDK/platform/drivers/src/lpi2c/lpi2c_hw_access.o
 .debug_macro   0x00020c37       0x10 ./SDK/platform/drivers/src/lpi2c/lpi2c_hw_access.o
 .debug_macro   0x00020c47       0x82 ./SDK/platform/drivers/src/lpi2c/lpi2c_hw_access.o
 .debug_macro   0x00020cc9      0xa72 ./SDK/platform/drivers/src/lpi2c/lpi2c_driver.o
 .debug_macro   0x0002173b       0x88 ./SDK/platform/drivers/src/lpi2c/lpi2c_driver.o
 .debug_macro   0x000217c3      0x9fa ./SDK/platform/drivers/src/interrupt/interrupt_manager.o
 .debug_macro   0x000221bd      0xa13 ./SDK/platform/drivers/src/edma/edma_irq.o
 .debug_macro   0x00022bd0      0xa0f ./SDK/platform/drivers/src/edma/edma_hw_access.o
 .debug_macro   0x000235df      0xa30 ./SDK/platform/drivers/src/edma/edma_driver.o
 .debug_macro   0x0002400f      0xa20 ./SDK/platform/drivers/src/clock/clock_manager.o
 .debug_macro   0x00024a2f      0xa98 ./SDK/platform/drivers/src/clock/S32K1xx/clock_S32K1xx.o
 .debug_macro   0x000254c7      0x9fa ./SDK/platform/devices/startup.o
 .debug_macro   0x00025ec1      0x9f9 ./SDK/platform/devices/S32K144/startup/system_S32K144.o
 .debug_macro   0x000268ba      0xa20 ./Generated_Code/pin_mux.o
 .debug_macro   0x000272da      0xa88 ./Generated_Code/lpi2c1.o
 .debug_macro   0x00027d62      0xa65 ./Generated_Code/clockMan1.o

.debug_line     0x00000000     0x7285
 .debug_line    0x00000000      0x5fa ./Sources/main.o
 .debug_line    0x000005fa      0x598 ./SDK/rtos/osif/osif_baremetal.o
 .debug_line    0x00000b92      0x435 ./SDK/platform/drivers/src/pins/pins_port_hw_access.o
 .debug_line    0x00000fc7      0x60d ./SDK/platform/drivers/src/pins/pins_driver.o
 .debug_line    0x000015d4      0x461 ./SDK/platform/drivers/src/lpi2c/lpi2c_irq.o
 .debug_line    0x00001a35      0x47f ./SDK/platform/drivers/src/lpi2c/lpi2c_hw_access.o
 .debug_line    0x00001eb4      0xe61 ./SDK/platform/drivers/src/lpi2c/lpi2c_driver.o
 .debug_line    0x00002d15      0x4e1 ./SDK/platform/drivers/src/interrupt/interrupt_manager.o
 .debug_line    0x000031f6      0x526 ./SDK/platform/drivers/src/edma/edma_irq.o
 .debug_line    0x0000371c      0x565 ./SDK/platform/drivers/src/edma/edma_hw_access.o
 .debug_line    0x00003c81      0x9d9 ./SDK/platform/drivers/src/edma/edma_driver.o
 .debug_line    0x0000465a      0x51c ./SDK/platform/drivers/src/clock/clock_manager.o
 .debug_line    0x00004b76     0x1104 ./SDK/platform/drivers/src/clock/S32K1xx/clock_S32K1xx.o
 .debug_line    0x00005c7a      0x360 ./SDK/platform/devices/startup.o
 .debug_line    0x00005fda      0x3e3 ./SDK/platform/devices/S32K144/startup/system_S32K144.o
 .debug_line    0x000063bd       0xbc ./Project_Settings/Startup_Code/startup_S32K144.o
 .debug_line    0x00006479      0x3b2 ./Generated_Code/pin_mux.o
 .debug_line    0x0000682b      0x541 ./Generated_Code/lpi2c1.o
 .debug_line    0x00006d6c      0x519 ./Generated_Code/clockMan1.o

.debug_str      0x00000000    0x6997f
 .debug_str     0x00000000    0x637de ./Sources/main.o
                              0x63c55 (size before relaxing)
 .debug_str     0x000637de      0x266 ./SDK/rtos/osif/osif_baremetal.o
                              0x62390 (size before relaxing)
 .debug_str     0x00063a44       0x9a ./SDK/platform/drivers/src/pins/pins_port_hw_access.o
                              0x620d3 (size before relaxing)
 .debug_str     0x00063ade      0x443 ./SDK/platform/drivers/src/pins/pins_driver.o
                              0x624b4 (size before relaxing)
 .debug_str     0x00063f21       0xc2 ./SDK/platform/drivers/src/lpi2c/lpi2c_irq.o
                              0x6186d (size before relaxing)
 .debug_str     0x00063fe3      0x4e0 ./SDK/platform/drivers/src/lpi2c/lpi2c_hw_access.o
                              0x61cc3 (size before relaxing)
 .debug_str     0x000644c3     0x202b ./SDK/platform/drivers/src/lpi2c/lpi2c_driver.o
                              0x64b20 (size before relaxing)
 .debug_str     0x000664ee      0x20d ./SDK/platform/drivers/src/interrupt/interrupt_manager.o
                              0x61c86 (size before relaxing)
 .debug_str     0x000666fb      0x1b4 ./SDK/platform/drivers/src/edma/edma_irq.o
                              0x61908 (size before relaxing)
 .debug_str     0x000668af      0x4da ./SDK/platform/drivers/src/edma/edma_hw_access.o
                              0x61d70 (size before relaxing)
 .debug_str     0x00066d89      0xd39 ./SDK/platform/drivers/src/edma/edma_driver.o
                              0x640b6 (size before relaxing)
 .debug_str     0x00067ac2      0x1b6 ./SDK/platform/drivers/src/clock/clock_manager.o
                              0x6334a (size before relaxing)
 .debug_str     0x00067c78     0x1a68 ./SDK/platform/drivers/src/clock/S32K1xx/clock_S32K1xx.o
                              0x64b6e (size before relaxing)
 .debug_str     0x000696e0      0x138 ./SDK/platform/devices/startup.o
                              0x615d5 (size before relaxing)
 .debug_str     0x00069818       0xe5 ./SDK/platform/devices/S32K144/startup/system_S32K144.o
                              0x616ae (size before relaxing)
 .debug_str     0x000698fd       0x1c ./Generated_Code/pin_mux.o
                              0x61b0a (size before relaxing)
 .debug_str     0x00069919       0x1b ./Generated_Code/lpi2c1.o
                              0x61f6c (size before relaxing)
 .debug_str     0x00069934       0x4b ./Generated_Code/clockMan1.o
                              0x633dc (size before relaxing)

.comment        0x00000000       0x70
 .comment       0x00000000       0x70 ./Sources/main.o
                                 0x71 (size before relaxing)
 .comment       0x00000000       0x71 ./SDK/rtos/osif/osif_baremetal.o
 .comment       0x00000000       0x71 ./SDK/platform/drivers/src/pins/pins_port_hw_access.o
 .comment       0x00000000       0x71 ./SDK/platform/drivers/src/pins/pins_driver.o
 .comment       0x00000000       0x71 ./SDK/platform/drivers/src/lpi2c/lpi2c_irq.o
 .comment       0x00000000       0x71 ./SDK/platform/drivers/src/lpi2c/lpi2c_hw_access.o
 .comment       0x00000000       0x71 ./SDK/platform/drivers/src/lpi2c/lpi2c_driver.o
 .comment       0x00000000       0x71 ./SDK/platform/drivers/src/interrupt/interrupt_manager.o
 .comment       0x00000000       0x71 ./SDK/platform/drivers/src/edma/edma_irq.o
 .comment       0x00000000       0x71 ./SDK/platform/drivers/src/edma/edma_hw_access.o
 .comment       0x00000000       0x71 ./SDK/platform/drivers/src/edma/edma_driver.o
 .comment       0x00000000       0x71 ./SDK/platform/drivers/src/clock/clock_manager.o
 .comment       0x00000000       0x71 ./SDK/platform/drivers/src/clock/S32K1xx/clock_S32K1xx.o
 .comment       0x00000000       0x71 ./SDK/platform/devices/startup.o
 .comment       0x00000000       0x71 ./SDK/platform/devices/S32K144/startup/system_S32K144.o
 .comment       0x00000000       0x71 ./Generated_Code/pin_mux.o
 .comment       0x00000000       0x71 ./Generated_Code/lpi2c1.o
 .comment       0x00000000       0x71 ./Generated_Code/clockMan1.o

.debug_frame    0x00000000     0x1338
 .debug_frame   0x00000000       0x50 ./Sources/main.o
 .debug_frame   0x00000050       0xf4 ./SDK/rtos/osif/osif_baremetal.o
 .debug_frame   0x00000144       0x30 ./SDK/platform/drivers/src/pins/pins_port_hw_access.o
 .debug_frame   0x00000174      0x178 ./SDK/platform/drivers/src/pins/pins_driver.o
 .debug_frame   0x000002ec       0x40 ./SDK/platform/drivers/src/lpi2c/lpi2c_irq.o
 .debug_frame   0x0000032c       0x20 ./SDK/platform/drivers/src/lpi2c/lpi2c_hw_access.o
 .debug_frame   0x0000034c      0x380 ./SDK/platform/drivers/src/lpi2c/lpi2c_driver.o
 .debug_frame   0x000006cc       0xe8 ./SDK/platform/drivers/src/interrupt/interrupt_manager.o
 .debug_frame   0x000007b4      0x1a8 ./SDK/platform/drivers/src/edma/edma_irq.o
 .debug_frame   0x0000095c      0x134 ./SDK/platform/drivers/src/edma/edma_hw_access.o
 .debug_frame   0x00000a90      0x34c ./SDK/platform/drivers/src/edma/edma_driver.o
 .debug_frame   0x00000ddc       0x74 ./SDK/platform/drivers/src/clock/clock_manager.o
 .debug_frame   0x00000e50      0x3a0 ./SDK/platform/drivers/src/clock/S32K1xx/clock_S32K1xx.o
 .debug_frame   0x000011f0       0x2c ./SDK/platform/devices/startup.o
 .debug_frame   0x0000121c       0x40 ./SDK/platform/devices/S32K144/startup/system_S32K144.o
 .debug_frame   0x0000125c       0x28 c:/nxp/s32ds_arm_v2.0/cross_tools/gcc-arm-none-eabi-4_9/bin/../lib/gcc/arm-none-eabi/4.9.3/armv7e-m/fpu\libgcc.a(_aeabi_uldivmod.o)
 .debug_frame   0x00001284       0x50 c:/nxp/s32ds_arm_v2.0/cross_tools/gcc-arm-none-eabi-4_9/bin/../lib/gcc/arm-none-eabi/4.9.3/armv7e-m/fpu\libgcc.a(bpabi.o)
 .debug_frame   0x000012d4       0x34 c:/nxp/s32ds_arm_v2.0/cross_tools/gcc-arm-none-eabi-4_9/bin/../lib/gcc/arm-none-eabi/4.9.3/armv7e-m/fpu\libgcc.a(_divdi3.o)
 .debug_frame   0x00001308       0x30 c:/nxp/s32ds_arm_v2.0/cross_tools/gcc-arm-none-eabi-4_9/bin/../lib/gcc/arm-none-eabi/4.9.3/armv7e-m/fpu\libgcc.a(_udivdi3.o)
