15:14:46 **** Incremental Build of configuration Debug_FLASH for project TestBenchv2 ****
make -j8 all 
Executing target #31 TestBenchv2.siz
Invoking: Standard S32DS Print Size
arm-none-eabi-size --format=berkeley  TestBenchv2.elf 
   text	   data	    bss	    dec	    hex	filename
  15068	   2356	   3264	  20688	   50d0	TestBenchv2.elf
Finished building: TestBenchv2.siz
 
15:14:53 **** Incremental Build of configuration Debug_FLASH for project TestBenchv2 ****
make -j8 all 
Executing target #31 TestBenchv2.siz
Invoking: Standard S32DS Print Size
arm-none-eabi-size --format=berkeley  TestBenchv2.elf 
   text	   data	    bss	    dec	    hex	filename
  15068	   2356	   3264	  20688	   50d0	TestBenchv2.elf
Finished building: TestBenchv2.siz
 
15:15:06 **** Incremental Build of configuration Debug_FLASH for project TestBenchv2 ****
make -j8 all 
Executing target #31 TestBenchv2.siz
Invoking: Standard S32DS Print Size
arm-none-eabi-size --format=berkeley  TestBenchv2.elf 
   text	   data	    bss	    dec	    hex	filename
  15068	   2356	   3264	  20688	   50d0	TestBenchv2.elf
Finished building: TestBenchv2.siz
 
