09:58:31 **** Build of configuration Debug for project Teste ****
make -j8 all 
Building file: ../Project_Settings/Startup_Code/startup.c
Building file: ../Project_Settings/Startup_Code/startup_S32K144.S
Building file: ../src/main.c
Building file: ../Project_Settings/Startup_Code/system_S32K144.c
Executing target #3 ../Project_Settings/Startup_Code/system_S32K144.c
Executing target #1 ../Project_Settings/Startup_Code/startup.c
Executing target #2 ../Project_Settings/Startup_Code/startup_S32K144.S
Invoking: Standard S32DS C Compiler
Executing target #4 ../src/main.c
Invoking: Standard S32DS Assembler
Invoking: Standard S32DS C Compiler
arm-none-eabi-gcc "@Project_Settings/Startup_Code/system_S32K144.args" -MMD -MP -MF"Project_Settings/Startup_Code/system_S32K144.d" -MT"Project_Settings/Startup_Code/system_S32K144.o" -c -o "Project_Settings/Startup_Code/system_S32K144.o" "../Project_Settings/Startup_Code/system_S32K144.c"
Invoking: Standard S32DS C Compiler
arm-none-eabi-gcc "@Project_Settings/Startup_Code/startup_S32K144.args" -c -o "Project_Settings/Startup_Code/startup_S32K144.o" "../Project_Settings/Startup_Code/startup_S32K144.S"
arm-none-eabi-gcc "@Project_Settings/Startup_Code/startup.args" -MMD -MP -MF"Project_Settings/Startup_Code/startup.d" -MT"Project_Settings/Startup_Code/startup.o" -c -o "Project_Settings/Startup_Code/startup.o" "../Project_Settings/Startup_Code/startup.c"
arm-none-eabi-gcc "@src/main.args" -MMD -MP -MF"src/main.d" -MT"src/main.o" -c -o "src/main.o" "../src/main.c"
Finished building: ../Project_Settings/Startup_Code/startup_S32K144.S
Finished building: ../src/main.c
Finished building: ../Project_Settings/Startup_Code/system_S32K144.c
 
Finished building: ../Project_Settings/Startup_Code/startup.c
 
 
 
Building target: Teste.elf
Executing target #5 Teste.elf
Invoking: Standard S32DS C Linker
arm-none-eabi-gcc -o "Teste.elf" "@Teste.args"   
Finished building target: Teste.elf
 
Executing target #6 Teste.siz
Invoking: Standard S32DS Print Size
arm-none-eabi-size --format=berkeley  Teste.elf 
   text	   data	    bss	    dec	    hex	filename
   1428	      0	   3072	   4500	   1194	Teste.elf
Finished building: Teste.siz
 

09:58:34 Build Finished (took 2s.718ms)

