10:23:00 **** Incremental Build of configuration Debug_FLASH for project ADC_PDB_FreeMaster ****
make -j8 all 
Building file: ../Sources/main.c
Executing target #43 ../Sources/main.c
Invoking: Standard S32DS C Compiler
arm-none-eabi-gcc "@Sources/main.args" -MMD -MP -MF"Sources/main.d" -MT"Sources/main.o" -c -o "Sources/main.o" "../Sources/main.c"
../Sources/main.c: In function 'main':
../Sources/main.c:247:5: warning: implicit declaration of function 'sqrt' [-Wimplicit-function-declaration]
     gfRMSCurrent = sqrt(RMSCurrentAux/counter);
     ^
../Sources/main.c:247:20: warning: incompatible implicit declaration of built-in function 'sqrt'
     gfRMSCurrent = sqrt(RMSCurrentAux/counter);
                    ^
Finished building: ../Sources/main.c
 
Building target: ADC_PDB_FreeMaster.elf
Executing target #44 ADC_PDB_FreeMaster.elf
Invoking: Standard S32DS C Linker
arm-none-eabi-gcc -o "ADC_PDB_FreeMaster.elf" "@ADC_PDB_FreeMaster.args"   
Finished building target: ADC_PDB_FreeMaster.elf
 
Executing target #45 ADC_PDB_FreeMaster.siz
Invoking: Standard S32DS Print Size
arm-none-eabi-size --format=berkeley  ADC_PDB_FreeMaster.elf 
   text	   data	    bss	    dec	    hex	filename
  14360	   2472	   3288	  20120	   4e98	ADC_PDB_FreeMaster.elf
Finished building: ADC_PDB_FreeMaster.siz
 

10:23:02 Build Finished (took 2s.715ms)

