10:23:15 **** Incremental Build of configuration Debug_FLASH for project pdb_periodic_interrupt_s32k144 ****
make -j8 all 
Executing target #20 pdb_periodic_interrupt_s32k144.siz
Invoking: Standard S32DS Print Size
arm-none-eabi-size --format=berkeley  pdb_periodic_interrupt_s32k144.elf 
   text	   data	    bss	    dec	    hex	filename
   8464	   2328	   3160	  13952	   3680	pdb_periodic_interrupt_s32k144.elf
Finished building: pdb_periodic_interrupt_s32k144.siz
 

10:23:16 Build Finished (took 413ms)

